app/admin/components/BulkImportExport.tsx(404,24): error TS2322: Type '{ children: Element; variant: string; }' is not assignable to type 'IntrinsicAttributes & AlertProps'.
  Property 'variant' does not exist on type 'IntrinsicAttributes & AlertProps'.
app/admin/components/DataTable.tsx(339,8): error TS2322: Type '{ children: Element; page: number; pageCount: number; onPageChange: (page: number) => void; className: string; }' is not assignable to type 'IntrinsicAttributes & PaginationProps'.
  Property 'children' does not exist on type 'IntrinsicAttributes & PaginationProps'.
app/admin/components/DataTable.tsx(340,28): error TS2322: Type '{ children: (Element | Element[])[]; className: string; }' is not assignable to type 'IntrinsicAttributes & { children: ReactNode; }'.
  Property 'className' does not exist on type 'IntrinsicAttributes & { children: ReactNode; }'.
app/admin/components/DataTable.tsx(343,15): error TS2322: Type '{ onClick: () => void; className: string; "aria-disabled": boolean; }' is not assignable to type 'IntrinsicAttributes & { children: ReactNode; }'.
  Property 'onClick' does not exist on type 'IntrinsicAttributes & { children: ReactNode; }'.
app/admin/components/DataTable.tsx(361,17): error TS2322: Type '{ children: number; onClick: () => void; isActive: boolean; className: string; }' is not assignable to type 'IntrinsicAttributes & { children: ReactNode; }'.
  Property 'onClick' does not exist on type 'IntrinsicAttributes & { children: ReactNode; }'.
app/admin/components/DataTable.tsx(382,15): error TS2322: Type '{ onClick: () => void; className: string; "aria-disabled": boolean; }' is not assignable to type 'IntrinsicAttributes & { children: ReactNode; }'.
  Property 'onClick' does not exist on type 'IntrinsicAttributes & { children: ReactNode; }'.
app/admin/components/DataTable.tsx(427,15): error TS2322: Type '{ children: (string | false | 0 | 0n | Element | null | undefined)[]; key: number; onClick: () => void; disabled: boolean; className: string; }' is not assignable to type 'IntrinsicAttributes & DropdownMenuItemProps'.
  Property 'disabled' does not exist on type 'IntrinsicAttributes & DropdownMenuItemProps'.
app/admin/components/DataTable.tsx(686,24): error TS2322: Type '{ children: Element; className: string; }' is not assignable to type 'IntrinsicAttributes & { children: ReactNode; }'.
  Property 'className' does not exist on type 'IntrinsicAttributes & { children: ReactNode; }'.
app/admin/components/DataTable.tsx(718,21): error TS2322: Type '{ children: Element; colSpan: number; className: string; }' is not assignable to type 'IntrinsicAttributes & TableCellProps'.
  Property 'colSpan' does not exist on type 'IntrinsicAttributes & TableCellProps'.
app/admin/content/page.tsx(2,27): error TS2307: Cannot find module '@/components/container' or its corresponding type declarations.
app/admin/destinations/[id]/page.tsx(4,27): error TS2307: Cannot find module '@/components/container' or its corresponding type declarations.
app/admin/destinations/create/page.tsx(3,27): error TS2307: Cannot find module '@/components/container' or its corresponding type declarations.
app/admin/feedback/[id]/edit/page.tsx(2,27): error TS2307: Cannot find module '@/components/container' or its corresponding type declarations.
app/admin/feedback/[id]/page.tsx(2,27): error TS2307: Cannot find module '@/components/container' or its corresponding type declarations.
app/admin/feedback/FeedbackTable.tsx(51,11): error TS2322: Type '{ checked: any; onCheckedChange: (value: any) => any; "aria-label": string; }' is not assignable to type 'IntrinsicAttributes & CheckboxProps'.
  Property 'onCheckedChange' does not exist on type 'IntrinsicAttributes & CheckboxProps'.
app/admin/feedback/FeedbackTable.tsx(51,29): error TS7006: Parameter 'value' implicitly has an 'any' type.
app/admin/feedback/page.tsx(66,5): error TS2698: Spread types may only be created from object types.
app/admin/feedback/page.tsx(69,12): error TS2339: Property 'user' does not exist on type 'SelectQueryError<"column 'content' does not exist on 'feedback'.">'.
app/admin/feedback/page.tsx(69,25): error TS2339: Property 'user' does not exist on type 'SelectQueryError<"column 'content' does not exist on 'feedback'.">'.
app/admin/feedback/page.tsx(71,29): error TS2339: Property 'user' does not exist on type 'SelectQueryError<"column 'content' does not exist on 'feedback'.">'.
app/admin/feedback/page.tsx(72,25): error TS2339: Property 'user' does not exist on type 'SelectQueryError<"column 'content' does not exist on 'feedback'.">'.
app/admin/itineraries/[slug]/metadata/page.tsx(3,38): error TS2307: Cannot find module '@/components/features/admin/metadata-editor-client' or its corresponding type declarations.
app/admin/itineraries/[slug]/page.tsx(2,27): error TS2307: Cannot find module '@/components/container' or its corresponding type declarations.
app/admin/itineraries/components/TemplateContentEditor.tsx(463,18): error TS2322: Type '{ children: Element[]; variant: string; className: string; }' is not assignable to type 'IntrinsicAttributes & AlertProps'.
  Property 'variant' does not exist on type 'IntrinsicAttributes & AlertProps'.
app/admin/itineraries/components/TemplateDebugger.tsx(111,18): error TS2322: Type '{ children: Element[]; variant: string; className: string; }' is not assignable to type 'IntrinsicAttributes & AlertProps'.
  Property 'variant' does not exist on type 'IntrinsicAttributes & AlertProps'.
app/admin/itineraries/components/TemplateDebugger.tsx(119,11): error TS2322: Type '{ children: Element[]; type: string; className: string; defaultValue: string[]; }' is not assignable to type 'IntrinsicAttributes & AccordionProps'.
  Property 'type' does not exist on type 'IntrinsicAttributes & AccordionProps'.
app/admin/itineraries/components/TemplateDebugger.tsx(123,43): error TS2322: Type '{ children: Element[]; value: string; className: string; }' is not assignable to type 'IntrinsicAttributes & AccordionItemProps'.
  Property 'className' does not exist on type 'IntrinsicAttributes & AccordionItemProps'.
app/admin/itineraries/components/TemplateDebugger.tsx(124,31): error TS2322: Type '{ children: string; className: string; }' is not assignable to type 'IntrinsicAttributes & AccordionTriggerProps'.
  Property 'className' does not exist on type 'IntrinsicAttributes & AccordionTriggerProps'.
app/admin/itineraries/components/TemplateDebugger.tsx(127,31): error TS2322: Type '{ children: Element; className: string; }' is not assignable to type 'IntrinsicAttributes & AccordionContentProps'.
  Property 'className' does not exist on type 'IntrinsicAttributes & AccordionContentProps'.
app/admin/itineraries/components/TemplateDebugger.tsx(140,41): error TS2322: Type '{ children: Element[]; value: string; className: string; }' is not assignable to type 'IntrinsicAttributes & AccordionItemProps'.
  Property 'className' does not exist on type 'IntrinsicAttributes & AccordionItemProps'.
app/admin/itineraries/components/TemplateDebugger.tsx(141,31): error TS2322: Type '{ children: string; className: string; }' is not assignable to type 'IntrinsicAttributes & AccordionTriggerProps'.
  Property 'className' does not exist on type 'IntrinsicAttributes & AccordionTriggerProps'.
app/admin/itineraries/components/TemplateDebugger.tsx(144,31): error TS2322: Type '{ children: Element; className: string; }' is not assignable to type 'IntrinsicAttributes & AccordionContentProps'.
  Property 'className' does not exist on type 'IntrinsicAttributes & AccordionContentProps'.
app/admin/itineraries/components/TemplateDebugger.tsx(168,43): error TS2322: Type '{ children: Element[]; value: string; className: string; }' is not assignable to type 'IntrinsicAttributes & AccordionItemProps'.
  Property 'className' does not exist on type 'IntrinsicAttributes & AccordionItemProps'.
app/admin/itineraries/components/TemplateDebugger.tsx(169,31): error TS2322: Type '{ children: (string | number)[]; className: string; }' is not assignable to type 'IntrinsicAttributes & AccordionTriggerProps'.
  Property 'className' does not exist on type 'IntrinsicAttributes & AccordionTriggerProps'.
app/admin/itineraries/components/TemplateDebugger.tsx(172,31): error TS2322: Type '{ children: Element; className: string; }' is not assignable to type 'IntrinsicAttributes & AccordionContentProps'.
  Property 'className' does not exist on type 'IntrinsicAttributes & AccordionContentProps'.
app/admin/itineraries/components/TemplateDebugger.tsx(195,40): error TS2322: Type '{ children: Element[]; value: string; className: string; }' is not assignable to type 'IntrinsicAttributes & AccordionItemProps'.
  Property 'className' does not exist on type 'IntrinsicAttributes & AccordionItemProps'.
app/admin/itineraries/components/TemplateDebugger.tsx(196,31): error TS2322: Type '{ children: (string | number)[]; className: string; }' is not assignable to type 'IntrinsicAttributes & AccordionTriggerProps'.
  Property 'className' does not exist on type 'IntrinsicAttributes & AccordionTriggerProps'.
app/admin/itineraries/components/TemplateDebugger.tsx(199,31): error TS2322: Type '{ children: Element; className: string; }' is not assignable to type 'IntrinsicAttributes & AccordionContentProps'.
  Property 'className' does not exist on type 'IntrinsicAttributes & AccordionContentProps'.
app/admin/itineraries/components/TemplateDebugger.tsx(219,13): error TS2322: Type '{ children: Element[]; value: string; className: string; }' is not assignable to type 'IntrinsicAttributes & AccordionItemProps'.
  Property 'className' does not exist on type 'IntrinsicAttributes & AccordionItemProps'.
app/admin/itineraries/components/TemplateDebugger.tsx(221,31): error TS2322: Type '{ children: string; className: string; }' is not assignable to type 'IntrinsicAttributes & AccordionTriggerProps'.
  Property 'className' does not exist on type 'IntrinsicAttributes & AccordionTriggerProps'.
app/admin/itineraries/components/TemplateDebugger.tsx(224,31): error TS2322: Type '{ children: Element; className: string; }' is not assignable to type 'IntrinsicAttributes & AccordionContentProps'.
  Property 'className' does not exist on type 'IntrinsicAttributes & AccordionContentProps'.
app/admin/itineraries/components/TemplateEditor.tsx(23,37): error TS2307: Cannot find module '@/components/features/images/image-search-selector' or its corresponding type declarations.
app/admin/itineraries/components/TemplateSectionsEditor.tsx(30,28): error TS2307: Cannot find module '@/components/ui/time-picker' or its corresponding type declarations.
app/admin/itineraries/components/TemplateSectionsEditor.tsx(357,18): error TS2322: Type '{ children: Element[]; type: string; className: string; }' is not assignable to type 'IntrinsicAttributes & AccordionProps'.
  Property 'type' does not exist on type 'IntrinsicAttributes & AccordionProps'.
app/admin/itineraries/components/TemplateSectionsEditor.tsx(362,33): error TS2322: Type '{ children: Element; className: string; }' is not assignable to type 'IntrinsicAttributes & AccordionTriggerProps'.
  Property 'className' does not exist on type 'IntrinsicAttributes & AccordionTriggerProps'.
app/admin/itineraries/components/TemplateSectionsEditor.tsx(367,33): error TS2322: Type '{ children: Element; className: string; }' is not assignable to type 'IntrinsicAttributes & AccordionContentProps'.
  Property 'className' does not exist on type 'IntrinsicAttributes & AccordionContentProps'.
app/admin/media/page.tsx(6,37): error TS2307: Cannot find module '@/components/features/images/image-search-selector' or its corresponding type declarations.
app/admin/media/page.tsx(86,25): error TS7006: Parameter 'url' implicitly has an 'any' type.
app/admin/media/page.tsx(86,30): error TS7006: Parameter 'position' implicitly has an 'any' type.
app/admin/media/page.tsx(86,40): error TS7006: Parameter 'metadata' implicitly has an 'any' type.
app/admin/places/import/page.tsx(5,58): error TS2307: Cannot find module '@/components/place-csv-importer' or its corresponding type declarations.
app/admin/security/page.tsx(2,27): error TS2307: Cannot find module '@/components/container' or its corresponding type declarations.
app/admin/users/page.tsx(4,27): error TS2307: Cannot find module '@/components/container' or its corresponding type declarations.
app/admin/viator/page.tsx(24,27): error TS2307: Cannot find module '@/components/container' or its corresponding type declarations.
app/admin/viator/page.tsx(25,10): error TS2724: '"@/lib/hooks/use-toast"' has no exported member named 'toast'. Did you mean 'Toast'?
app/admin/viator/page.tsx(27,29): error TS2307: Cannot find module '@/components/features/admin/admin-layout' or its corresponding type declarations.
app/api/admin/analytics/auth-modal/route.ts(33,22): error TS2339: Property 'AUTH_MODAL_ANALYTICS' does not exist on type '{ readonly ACCESS_REQUESTS: "access_requests"; readonly ALBUMS: "albums"; readonly BUDGET_ITEMS: "budget_items"; readonly CITIES: "cities"; readonly COLLABORATIVE_NOTES: "collaborative_notes"; ... 78 more ...; readonly TRIP_ANALYTICS_EVENTS: "trip_analytics_events"; }'.
app/api/admin/analytics/auth-modal/route.ts(41,35): error TS2339: Property 'AUTH_MODAL_ANALYTICS' does not exist on type '{ readonly ACCESS_REQUESTS: "access_requests"; readonly ALBUMS: "albums"; readonly BUDGET_ITEMS: "budget_items"; readonly CITIES: "cities"; readonly COLLABORATIVE_NOTES: "collaborative_notes"; ... 78 more ...; readonly TRIP_ANALYTICS_EVENTS: "trip_analytics_events"; }'.
app/api/admin/analytics/auth-modal/route.ts(58,48): error TS2339: Property 'AUTH_MODAL_ANALYTICS' does not exist on type '{ readonly ACCESS_REQUESTS: "access_requests"; readonly ALBUMS: "albums"; readonly BUDGET_ITEMS: "budget_items"; readonly CITIES: "cities"; readonly COLLABORATIVE_NOTES: "collaborative_notes"; ... 78 more ...; readonly TRIP_ANALYTICS_EVENTS: "trip_analytics_events"; }'.
app/api/admin/analytics/auth-modal/route.ts(63,52): error TS2339: Property 'AUTH_MODAL_ANALYTICS' does not exist on type '{ readonly ACCESS_REQUESTS: "access_requests"; readonly ALBUMS: "albums"; readonly BUDGET_ITEMS: "budget_items"; readonly CITIES: "cities"; readonly COLLABORATIVE_NOTES: "collaborative_notes"; ... 78 more ...; readonly TRIP_ANALYTICS_EVENTS: "trip_analytics_events"; }'.
app/api/db-utils.ts(16,7): error TS7034: Variable 'commentsData' implicitly has type 'any[]' in some locations where its type cannot be determined.
app/api/db-utils.ts(51,22): error TS7005: Variable 'commentsData' implicitly has an 'any[]' type.
app/api/debug/create-test-survey/route.ts(33,13): error TS2769: No overload matches this call.
  Overload 1 of 2, '(relation: "countries" | "expenses" | "currencies" | "tags" | "trips" | "votes" | "profiles" | "ab_test_variants" | "access_requests" | "albums" | "budget_items" | "cities" | "collaborative_notes" | ... 100 more ... | "validation_logs"): PostgrestQueryBuilder<...>', gave the following error.
    Argument of type '"research_studies"' is not assignable to parameter of type '"countries" | "expenses" | "currencies" | "tags" | "trips" | "votes" | "profiles" | "ab_test_variants" | "access_requests" | "albums" | "budget_items" | "cities" | "collaborative_notes" | ... 100 more ... | "validation_logs"'.
  Overload 2 of 2, '(relation: "admin_onboarding_analytics" | "discoverable_groups" | "geography_columns" | "geometry_columns" | "group_recent_activity" | "user_feature_preferences" | "user_groups" | "user_onboarding_status"): PostgrestQueryBuilder<...>', gave the following error.
    Argument of type '"research_studies"' is not assignable to parameter of type '"admin_onboarding_analytics" | "discoverable_groups" | "geography_columns" | "geometry_columns" | "group_recent_activity" | "user_feature_preferences" | "user_groups" | "user_onboarding_status"'.
app/api/debug/create-test-survey/route.ts(40,27): error TS2769: No overload matches this call.
  Overload 1 of 2, '(relation: "countries" | "expenses" | "currencies" | "tags" | "trips" | "votes" | "profiles" | "ab_test_variants" | "access_requests" | "albums" | "budget_items" | "cities" | "collaborative_notes" | ... 100 more ... | "validation_logs"): PostgrestQueryBuilder<...>', gave the following error.
    Argument of type '"research_studies"' is not assignable to parameter of type '"countries" | "expenses" | "currencies" | "tags" | "trips" | "votes" | "profiles" | "ab_test_variants" | "access_requests" | "albums" | "budget_items" | "cities" | "collaborative_notes" | ... 100 more ... | "validation_logs"'.
  Overload 2 of 2, '(relation: "admin_onboarding_analytics" | "discoverable_groups" | "geography_columns" | "geometry_columns" | "group_recent_activity" | "user_feature_preferences" | "user_groups" | "user_onboarding_status"): PostgrestQueryBuilder<...>', gave the following error.
    Argument of type '"research_studies"' is not assignable to parameter of type '"admin_onboarding_analytics" | "discoverable_groups" | "geography_columns" | "geometry_columns" | "group_recent_activity" | "user_feature_preferences" | "user_groups" | "user_onboarding_status"'.
app/api/debug/create-test-survey/route.ts(51,25): error TS2769: No overload matches this call.
  Overload 1 of 2, '(relation: "countries" | "expenses" | "currencies" | "tags" | "trips" | "votes" | "profiles" | "ab_test_variants" | "access_requests" | "albums" | "budget_items" | "cities" | "collaborative_notes" | ... 100 more ... | "validation_logs"): PostgrestQueryBuilder<...>', gave the following error.
    Argument of type '"survey_definitions"' is not assignable to parameter of type '"countries" | "expenses" | "currencies" | "tags" | "trips" | "votes" | "profiles" | "ab_test_variants" | "access_requests" | "albums" | "budget_items" | "cities" | "collaborative_notes" | ... 100 more ... | "validation_logs"'.
  Overload 2 of 2, '(relation: "admin_onboarding_analytics" | "discoverable_groups" | "geography_columns" | "geometry_columns" | "group_recent_activity" | "user_feature_preferences" | "user_groups" | "user_onboarding_status"): PostgrestQueryBuilder<...>', gave the following error.
    Argument of type '"survey_definitions"' is not assignable to parameter of type '"admin_onboarding_analytics" | "discoverable_groups" | "geography_columns" | "geometry_columns" | "group_recent_activity" | "user_feature_preferences" | "user_groups" | "user_onboarding_status"'.
app/api/debug/create-test-survey/route.ts(81,25): error TS2769: No overload matches this call.
  Overload 1 of 2, '(relation: "countries" | "expenses" | "currencies" | "tags" | "trips" | "votes" | "profiles" | "ab_test_variants" | "access_requests" | "albums" | "budget_items" | "cities" | "collaborative_notes" | ... 100 more ... | "validation_logs"): PostgrestQueryBuilder<...>', gave the following error.
    Argument of type '"research_triggers"' is not assignable to parameter of type '"countries" | "expenses" | "currencies" | "tags" | "trips" | "votes" | "profiles" | "ab_test_variants" | "access_requests" | "albums" | "budget_items" | "cities" | "collaborative_notes" | ... 100 more ... | "validation_logs"'.
  Overload 2 of 2, '(relation: "admin_onboarding_analytics" | "discoverable_groups" | "geography_columns" | "geometry_columns" | "group_recent_activity" | "user_feature_preferences" | "user_groups" | "user_onboarding_status"): PostgrestQueryBuilder<...>', gave the following error.
    Argument of type '"research_triggers"' is not assignable to parameter of type '"admin_onboarding_analytics" | "discoverable_groups" | "geography_columns" | "geometry_columns" | "group_recent_activity" | "user_feature_preferences" | "user_groups" | "user_onboarding_status"'.
app/api/debug/create-test-survey/route.ts(82,7): error TS2769: No overload matches this call.
  Overload 1 of 2, '(values: { created_at?: string | null | undefined; description?: string | null | undefined; id?: string | undefined; is_active?: boolean | null | undefined; name: string; study_id: string; updated_at?: string | ... 1 more ... | undefined; weight?: number | ... 1 more ... | undefined; } | ... 112 more ... | { ...; }, options?: { ...; } | undefined): PostgrestFilterBuilder<...>', gave the following error.
    Object literal may only specify known properties, and 'study_id' does not exist in type '{ active?: boolean | null | undefined; created_at?: string | null | undefined; expires_at?: string | null | undefined; id?: string | undefined; initiated_by: string; message?: string | null | undefined; section_id: string; section_name: string; section_path: string; trip_id: string; } | { ...; }'.
  Overload 2 of 2, '(values: ({ created_at?: string | null | undefined; description?: string | null | undefined; id?: string | undefined; is_active?: boolean | null | undefined; name: string; study_id: string; updated_at?: string | ... 1 more ... | undefined; weight?: number | ... 1 more ... | undefined; } | ... 112 more ... | { ...; })[], options?: { ...; } | undefined): PostgrestFilterBuilder<...>', gave the following error.
    Object literal may only specify known properties, and 'study_id' does not exist in type '({ created_at?: string | null | undefined; description?: string | null | undefined; id?: string | undefined; is_active?: boolean | null | undefined; name: string; study_id: string; updated_at?: string | ... 1 more ... | undefined; weight?: number | ... 1 more ... | undefined; } | ... 112 more ... | { ...; })[]'.
app/api/destinations/[id]/route.ts(3,10): error TS2305: Module '"@/utils/constants/tables"' has no exported member 'TABLE_NAMES'.
app/api/destinations/continents/[name]/stats/route.ts(28,13): error TS2769: No overload matches this call.
  Overload 1 of 2, '(relation: "countries" | "expenses" | "currencies" | "tags" | "trips" | "votes" | "profiles" | "ab_test_variants" | "access_requests" | "albums" | "budget_items" | "cities" | "collaborative_notes" | ... 100 more ... | "validation_logs"): PostgrestQueryBuilder<...>', gave the following error.
    Argument of type '"continent_metadata"' is not assignable to parameter of type '"countries" | "expenses" | "currencies" | "tags" | "trips" | "votes" | "profiles" | "ab_test_variants" | "access_requests" | "albums" | "budget_items" | "cities" | "collaborative_notes" | ... 100 more ... | "validation_logs"'.
  Overload 2 of 2, '(relation: "admin_onboarding_analytics" | "discoverable_groups" | "geography_columns" | "geometry_columns" | "group_recent_activity" | "user_feature_preferences" | "user_groups" | "user_onboarding_status"): PostgrestQueryBuilder<...>', gave the following error.
    Argument of type '"continent_metadata"' is not assignable to parameter of type '"admin_onboarding_analytics" | "discoverable_groups" | "geography_columns" | "geometry_columns" | "group_recent_activity" | "user_feature_preferences" | "user_groups" | "user_onboarding_status"'.
app/api/destinations/continents/[name]/stats/route.ts(44,7): error TS2698: Spread types may only be created from object types.
app/api/destinations/random/route.ts(3,10): error TS2305: Module '"@/utils/constants/tables"' has no exported member 'TABLE_NAMES'.
app/api/feedback/submit/route.ts(82,15): error TS2769: No overload matches this call.
  Overload 1 of 2, '(values: { config: Json; created_at?: string | undefined; description?: string | null | undefined; id?: string | undefined; is_active?: boolean | undefined; milestone_trigger?: string | null | undefined; milestones?: Json | undefined; name: string; type: string; updated_at?: string | undefined; }, options?: { ...; } | undefined): PostgrestFilterBuilder<...>', gave the following error.
    Argument of type 'FormSessionInsert' is not assignable to parameter of type '{ config: Json; created_at?: string | undefined; description?: string | null | undefined; id?: string | undefined; is_active?: boolean | undefined; milestone_trigger?: string | null | undefined; milestones?: Json | undefined; name: string; type: string; updated_at?: string | undefined; }'.
      Type 'FormSessionInsert' is missing the following properties from type '{ config: Json; created_at?: string | undefined; description?: string | null | undefined; id?: string | undefined; is_active?: boolean | undefined; milestone_trigger?: string | null | undefined; milestones?: Json | undefined; name: string; type: string; updated_at?: string | undefined; }': config, name, type
  Overload 2 of 2, '(values: { config: Json; created_at?: string | undefined; description?: string | null | undefined; id?: string | undefined; is_active?: boolean | undefined; milestone_trigger?: string | null | undefined; milestones?: Json | undefined; name: string; type: string; updated_at?: string | undefined; }[], options?: { ...; } | undefined): PostgrestFilterBuilder<...>', gave the following error.
    Argument of type 'FormSessionInsert' is not assignable to parameter of type '{ config: Json; created_at?: string | undefined; description?: string | null | undefined; id?: string | undefined; is_active?: boolean | undefined; milestone_trigger?: string | null | undefined; milestones?: Json | undefined; name: string; type: string; updated_at?: string | undefined; }[]'.
      Type 'FormSessionInsert' is missing the following properties from type '{ config: Json; created_at?: string | undefined; description?: string | null | undefined; id?: string | undefined; is_active?: boolean | undefined; milestone_trigger?: string | null | undefined; milestones?: Json | undefined; name: string; type: string; updated_at?: string | undefined; }[]': length, pop, push, concat, and 35 more.
app/api/feedback/submit/route.ts(107,13): error TS2769: No overload matches this call.
  Overload 1 of 2, '(relation: "trips" | "groups" | "destinations" | "ab_test_variants" | "access_requests" | "profiles" | "albums" | "budget_items" | "cities" | "continents" | "collaborative_notes" | ... 102 more ... | "validation_logs"): PostgrestQueryBuilder<...>', gave the following error.
    Argument of type '"form_templates"' is not assignable to parameter of type '"trips" | "groups" | "destinations" | "ab_test_variants" | "access_requests" | "profiles" | "albums" | "budget_items" | "cities" | "continents" | "collaborative_notes" | "collaborative_sessions" | ... 101 more ... | "validation_logs"'.
  Overload 2 of 2, '(relation: "user_onboarding_status" | "discoverable_groups" | "user_groups" | "admin_onboarding_analytics" | "geography_columns" | "geometry_columns" | "group_recent_activity" | "user_feature_preferences"): PostgrestQueryBuilder<...>', gave the following error.
    Argument of type '"form_templates"' is not assignable to parameter of type '"user_onboarding_status" | "discoverable_groups" | "user_groups" | "admin_onboarding_analytics" | "geography_columns" | "geometry_columns" | "group_recent_activity" | "user_feature_preferences"'.
app/api/feedback/submit/route.ts(139,84): error TS2769: No overload matches this call.
  Overload 1 of 2, '(values: { category?: string | null | undefined; created_at?: string | null | undefined; email?: string | null | undefined; id?: string | undefined; message: string; page?: string | null | undefined; status?: string | ... 1 more ... | undefined; updated_at?: string | ... 1 more ... | undefined; user_id?: string | ... 1 more ... | undefined; }, options?: { ...; } | undefined): PostgrestFilterBuilder<...>', gave the following error.
    Argument of type 'FeedbackInsert' is not assignable to parameter of type '{ category?: string | null | undefined; created_at?: string | null | undefined; email?: string | null | undefined; id?: string | undefined; message: string; page?: string | null | undefined; status?: string | ... 1 more ... | undefined; updated_at?: string | ... 1 more ... | undefined; user_id?: string | ... 1 more ...'.
      Property 'message' is missing in type 'FeedbackInsert' but required in type '{ category?: string | null | undefined; created_at?: string | null | undefined; email?: string | null | undefined; id?: string | undefined; message: string; page?: string | null | undefined; status?: string | ... 1 more ... | undefined; updated_at?: string | ... 1 more ... | undefined; user_id?: string | ... 1 more ...'.
  Overload 2 of 2, '(values: { category?: string | null | undefined; created_at?: string | null | undefined; email?: string | null | undefined; id?: string | undefined; message: string; page?: string | null | undefined; status?: string | ... 1 more ... | undefined; updated_at?: string | ... 1 more ... | undefined; user_id?: string | ... 1 more ... | undefined; }[], options?: { ...; } | undefined): PostgrestFilterBuilder<...>', gave the following error.
    Argument of type 'FeedbackInsert' is not assignable to parameter of type '{ category?: string | null | undefined; created_at?: string | null | undefined; email?: string | null | undefined; id?: string | undefined; message: string; page?: string | null | undefined; status?: string | ... 1 more ... | undefined; updated_at?: string | ... 1 more ... | undefined; user_id?: string | ... 1 more ...'.
      Type 'FeedbackInsert' is missing the following properties from type '{ category?: string | null | undefined; created_at?: string | null | undefined; email?: string | null | undefined; id?: string | undefined; message: string; page?: string | null | undefined; status?: string | ... 1 more ... | undefined; updated_at?: string | ... 1 more ... | undefined; user_id?: string | ... 1 more ...': length, pop, push, concat, and 35 more.
app/api/friends/list/route.ts(65,41): error TS2345: Argument of type '(friendship: Friendship) => { id: string; friend_id: string; created_at: string; friend_profile: { id: string; full_name: string; avatar_url: string | null | undefined; }; }' is not assignable to parameter of type '(value: { created_at: string; id: string; user_id_1: string; user_id_2: string; user_1: { id: string; name: string | null; avatar_url: string | null; }; user_2: { id: string; name: string | null; avatar_url: string | null; }; }, index: number, array: { ...; }[]) => { ...; }'.
  Types of parameters 'friendship' and 'value' are incompatible.
    Type '{ created_at: string; id: string; user_id_1: string; user_id_2: string; user_1: { id: string; name: string | null; avatar_url: string | null; }; user_2: { id: string; name: string | null; avatar_url: string | null; }; }' is not assignable to type 'Friendship'.
      The types of 'user_1.name' are incompatible between these types.
        Type 'string | null' is not assignable to type 'string'.
          Type 'null' is not assignable to type 'string'.
app/api/friends/request/route.ts(49,20): error TS2339: Property 'FRIEND_REQUESTS' does not exist on type '{ readonly ACCESS_REQUESTS: "access_requests"; readonly ALBUMS: "albums"; readonly BUDGET_ITEMS: "budget_items"; readonly CITIES: "cities"; readonly COLLABORATIVE_NOTES: "collaborative_notes"; ... 78 more ...; readonly TRIP_ANALYTICS_EVENTS: "trip_analytics_events"; }'.
app/api/friends/request/route.ts(67,20): error TS2339: Property 'FRIENDS' does not exist on type '{ readonly ACCESS_REQUESTS: "access_requests"; readonly ALBUMS: "albums"; readonly BUDGET_ITEMS: "budget_items"; readonly CITIES: "cities"; readonly COLLABORATIVE_NOTES: "collaborative_notes"; ... 78 more ...; readonly TRIP_ANALYTICS_EVENTS: "trip_analytics_events"; }'.
app/api/friends/request/route.ts(84,20): error TS2339: Property 'FRIEND_REQUESTS' does not exist on type '{ readonly ACCESS_REQUESTS: "access_requests"; readonly ALBUMS: "albums"; readonly BUDGET_ITEMS: "budget_items"; readonly CITIES: "cities"; readonly COLLABORATIVE_NOTES: "collaborative_notes"; ... 78 more ...; readonly TRIP_ANALYTICS_EVENTS: "trip_analytics_events"; }'.
app/api/friends/requests/route.ts(29,38): error TS2339: Property 'FRIEND_REQUESTS' does not exist on type '{ readonly ACCESS_REQUESTS: "access_requests"; readonly ALBUMS: "albums"; readonly BUDGET_ITEMS: "budget_items"; readonly CITIES: "cities"; readonly COLLABORATIVE_NOTES: "collaborative_notes"; ... 78 more ...; readonly TRIP_ANALYTICS_EVENTS: "trip_analytics_events"; }'.
app/api/friends/requests/route.ts(31,40): error TS2339: Property 'FRIEND_REQUESTS' does not exist on type '{ readonly ACCESS_REQUESTS: "access_requests"; readonly ALBUMS: "albums"; readonly BUDGET_ITEMS: "budget_items"; readonly CITIES: "cities"; readonly COLLABORATIVE_NOTES: "collaborative_notes"; ... 78 more ...; readonly TRIP_ANALYTICS_EVENTS: "trip_analytics_events"; }'.
app/api/friends/requests/route.ts(32,42): error TS2339: Property 'FRIEND_REQUESTS' does not exist on type '{ readonly ACCESS_REQUESTS: "access_requests"; readonly ALBUMS: "albums"; readonly BUDGET_ITEMS: "budget_items"; readonly CITIES: "cities"; readonly COLLABORATIVE_NOTES: "collaborative_notes"; ... 78 more ...; readonly TRIP_ANALYTICS_EVENTS: "trip_analytics_events"; }'.
app/api/friends/respond/route.ts(39,20): error TS2339: Property 'FRIEND_REQUESTS' does not exist on type '{ readonly ACCESS_REQUESTS: "access_requests"; readonly ALBUMS: "albums"; readonly BUDGET_ITEMS: "budget_items"; readonly CITIES: "cities"; readonly COLLABORATIVE_NOTES: "collaborative_notes"; ... 78 more ...; readonly TRIP_ANALYTICS_EVENTS: "trip_analytics_events"; }'.
app/api/friends/respond/route.ts(65,20): error TS2339: Property 'FRIEND_REQUESTS' does not exist on type '{ readonly ACCESS_REQUESTS: "access_requests"; readonly ALBUMS: "albums"; readonly BUDGET_ITEMS: "budget_items"; readonly CITIES: "cities"; readonly COLLABORATIVE_NOTES: "collaborative_notes"; ... 78 more ...; readonly TRIP_ANALYTICS_EVENTS: "trip_analytics_events"; }'.
app/api/friends/respond/route.ts(83,69): error TS2339: Property 'FRIENDS' does not exist on type '{ readonly ACCESS_REQUESTS: "access_requests"; readonly ALBUMS: "albums"; readonly BUDGET_ITEMS: "budget_items"; readonly CITIES: "cities"; readonly COLLABORATIVE_NOTES: "collaborative_notes"; ... 78 more ...; readonly TRIP_ANALYTICS_EVENTS: "trip_analytics_events"; }'.
app/api/friends/unfriend/route.ts(33,20): error TS2339: Property 'FRIENDS' does not exist on type '{ readonly ACCESS_REQUESTS: "access_requests"; readonly ALBUMS: "albums"; readonly BUDGET_ITEMS: "budget_items"; readonly CITIES: "cities"; readonly COLLABORATIVE_NOTES: "collaborative_notes"; ... 78 more ...; readonly TRIP_ANALYTICS_EVENTS: "trip_analytics_events"; }'.
app/api/friends/unfriend/route.ts(50,20): error TS2339: Property 'FRIENDS' does not exist on type '{ readonly ACCESS_REQUESTS: "access_requests"; readonly ALBUMS: "albums"; readonly BUDGET_ITEMS: "budget_items"; readonly CITIES: "cities"; readonly COLLABORATIVE_NOTES: "collaborative_notes"; ... 78 more ...; readonly TRIP_ANALYTICS_EVENTS: "trip_analytics_events"; }'.
app/api/friends/unfriend/route.ts(60,20): error TS2339: Property 'FRIEND_REQUESTS' does not exist on type '{ readonly ACCESS_REQUESTS: "access_requests"; readonly ALBUMS: "albums"; readonly BUDGET_ITEMS: "budget_items"; readonly CITIES: "cities"; readonly COLLABORATIVE_NOTES: "collaborative_notes"; ... 78 more ...; readonly TRIP_ANALYTICS_EVENTS: "trip_analytics_events"; }'.
app/api/group-idea-comments/route.ts(16,33): error TS2589: Type instantiation is excessively deep and possibly infinite.
app/api/group-idea-comments/route.ts(17,11): error TS2769: No overload matches this call.
  Overload 1 of 2, '(relation: "countries" | "expenses" | "currencies" | "tags" | "trips" | "votes" | "profiles" | "ab_test_variants" | "access_requests" | "albums" | "budget_items" | "cities" | "collaborative_notes" | ... 100 more ... | "validation_logs"): PostgrestQueryBuilder<...>', gave the following error.
    Argument of type '"group_idea_comments"' is not assignable to parameter of type '"countries" | "expenses" | "currencies" | "tags" | "trips" | "votes" | "profiles" | "ab_test_variants" | "access_requests" | "albums" | "budget_items" | "cities" | "collaborative_notes" | ... 100 more ... | "validation_logs"'.
  Overload 2 of 2, '(relation: "admin_onboarding_analytics" | "discoverable_groups" | "geography_columns" | "geometry_columns" | "group_recent_activity" | "user_feature_preferences" | "user_groups" | "user_onboarding_status"): PostgrestQueryBuilder<...>', gave the following error.
    Argument of type '"group_idea_comments"' is not assignable to parameter of type '"admin_onboarding_analytics" | "discoverable_groups" | "geography_columns" | "geometry_columns" | "group_recent_activity" | "user_feature_preferences" | "user_groups" | "user_onboarding_status"'.
app/api/group-idea-comments/route.ts(53,33): error TS2589: Type instantiation is excessively deep and possibly infinite.
app/api/group-idea-comments/route.ts(54,11): error TS2769: No overload matches this call.
  Overload 1 of 2, '(relation: "countries" | "expenses" | "currencies" | "tags" | "trips" | "votes" | "profiles" | "ab_test_variants" | "access_requests" | "albums" | "budget_items" | "cities" | "collaborative_notes" | ... 100 more ... | "validation_logs"): PostgrestQueryBuilder<...>', gave the following error.
    Argument of type '"group_idea_comments"' is not assignable to parameter of type '"countries" | "expenses" | "currencies" | "tags" | "trips" | "votes" | "profiles" | "ab_test_variants" | "access_requests" | "albums" | "budget_items" | "cities" | "collaborative_notes" | ... 100 more ... | "validation_logs"'.
  Overload 2 of 2, '(relation: "admin_onboarding_analytics" | "discoverable_groups" | "geography_columns" | "geometry_columns" | "group_recent_activity" | "user_feature_preferences" | "user_groups" | "user_onboarding_status"): PostgrestQueryBuilder<...>', gave the following error.
    Argument of type '"group_idea_comments"' is not assignable to parameter of type '"admin_onboarding_analytics" | "discoverable_groups" | "geography_columns" | "geometry_columns" | "group_recent_activity" | "user_feature_preferences" | "user_groups" | "user_onboarding_status"'.
app/api/group-idea-comments/route.ts(82,11): error TS2769: No overload matches this call.
  Overload 1 of 2, '(relation: "countries" | "expenses" | "currencies" | "tags" | "trips" | "votes" | "profiles" | "ab_test_variants" | "access_requests" | "albums" | "budget_items" | "cities" | "collaborative_notes" | ... 100 more ... | "validation_logs"): PostgrestQueryBuilder<...>', gave the following error.
    Argument of type '"group_idea_comments"' is not assignable to parameter of type '"countries" | "expenses" | "currencies" | "tags" | "trips" | "votes" | "profiles" | "ab_test_variants" | "access_requests" | "albums" | "budget_items" | "cities" | "collaborative_notes" | ... 100 more ... | "validation_logs"'.
  Overload 2 of 2, '(relation: "admin_onboarding_analytics" | "discoverable_groups" | "geography_columns" | "geometry_columns" | "group_recent_activity" | "user_feature_preferences" | "user_groups" | "user_onboarding_status"): PostgrestQueryBuilder<...>', gave the following error.
    Argument of type '"group_idea_comments"' is not assignable to parameter of type '"admin_onboarding_analytics" | "discoverable_groups" | "geography_columns" | "geometry_columns" | "group_recent_activity" | "user_feature_preferences" | "user_groups" | "user_onboarding_status"'.
app/api/group-idea-comments/route.ts(87,27): error TS2339: Property 'user_id' does not exist on type 'SelectQueryError<"column 'user_id' does not exist on 'countries'."> | SelectQueryError<"column 'user_id' does not exist on 'expenses'."> | ... 111 more ... | SelectQueryError<...>'.
  Property 'user_id' does not exist on type 'SelectQueryError<"column 'user_id' does not exist on 'countries'.">'.
app/api/group-idea-comments/route.ts(90,33): error TS2589: Type instantiation is excessively deep and possibly infinite.
app/api/group-idea-comments/route.ts(91,11): error TS2769: No overload matches this call.
  Overload 1 of 2, '(relation: "countries" | "expenses" | "currencies" | "tags" | "trips" | "votes" | "profiles" | "ab_test_variants" | "access_requests" | "albums" | "budget_items" | "cities" | "collaborative_notes" | ... 100 more ... | "validation_logs"): PostgrestQueryBuilder<...>', gave the following error.
    Argument of type '"group_idea_comments"' is not assignable to parameter of type '"countries" | "expenses" | "currencies" | "tags" | "trips" | "votes" | "profiles" | "ab_test_variants" | "access_requests" | "albums" | "budget_items" | "cities" | "collaborative_notes" | ... 100 more ... | "validation_logs"'.
  Overload 2 of 2, '(relation: "admin_onboarding_analytics" | "discoverable_groups" | "geography_columns" | "geometry_columns" | "group_recent_activity" | "user_feature_preferences" | "user_groups" | "user_onboarding_status"): PostgrestQueryBuilder<...>', gave the following error.
    Argument of type '"group_idea_comments"' is not assignable to parameter of type '"admin_onboarding_analytics" | "discoverable_groups" | "geography_columns" | "geometry_columns" | "group_recent_activity" | "user_feature_preferences" | "user_groups" | "user_onboarding_status"'.
app/api/group-idea-comments/route.ts(110,11): error TS2769: No overload matches this call.
  Overload 1 of 2, '(relation: "countries" | "expenses" | "currencies" | "tags" | "trips" | "votes" | "profiles" | "ab_test_variants" | "access_requests" | "albums" | "budget_items" | "cities" | "collaborative_notes" | ... 100 more ... | "validation_logs"): PostgrestQueryBuilder<...>', gave the following error.
    Argument of type '"group_idea_comments"' is not assignable to parameter of type '"countries" | "expenses" | "currencies" | "tags" | "trips" | "votes" | "profiles" | "ab_test_variants" | "access_requests" | "albums" | "budget_items" | "cities" | "collaborative_notes" | ... 100 more ... | "validation_logs"'.
  Overload 2 of 2, '(relation: "admin_onboarding_analytics" | "discoverable_groups" | "geography_columns" | "geometry_columns" | "group_recent_activity" | "user_feature_preferences" | "user_groups" | "user_onboarding_status"): PostgrestQueryBuilder<...>', gave the following error.
    Argument of type '"group_idea_comments"' is not assignable to parameter of type '"admin_onboarding_analytics" | "discoverable_groups" | "geography_columns" | "geometry_columns" | "group_recent_activity" | "user_feature_preferences" | "user_groups" | "user_onboarding_status"'.
app/api/group-idea-comments/route.ts(115,27): error TS2339: Property 'user_id' does not exist on type 'SelectQueryError<"column 'user_id' does not exist on 'countries'."> | SelectQueryError<"column 'user_id' does not exist on 'expenses'."> | ... 111 more ... | SelectQueryError<...>'.
  Property 'user_id' does not exist on type 'SelectQueryError<"column 'user_id' does not exist on 'countries'.">'.
app/api/group-idea-comments/route.ts(118,41): error TS2769: No overload matches this call.
  Overload 1 of 2, '(relation: "countries" | "expenses" | "currencies" | "tags" | "trips" | "votes" | "profiles" | "ab_test_variants" | "access_requests" | "albums" | "budget_items" | "cities" | "collaborative_notes" | ... 100 more ... | "validation_logs"): PostgrestQueryBuilder<...>', gave the following error.
    Argument of type '"group_idea_comments"' is not assignable to parameter of type '"countries" | "expenses" | "currencies" | "tags" | "trips" | "votes" | "profiles" | "ab_test_variants" | "access_requests" | "albums" | "budget_items" | "cities" | "collaborative_notes" | ... 100 more ... | "validation_logs"'.
  Overload 2 of 2, '(relation: "admin_onboarding_analytics" | "discoverable_groups" | "geography_columns" | "geometry_columns" | "group_recent_activity" | "user_feature_preferences" | "user_groups" | "user_onboarding_status"): PostgrestQueryBuilder<...>', gave the following error.
    Argument of type '"group_idea_comments"' is not assignable to parameter of type '"admin_onboarding_analytics" | "discoverable_groups" | "geography_columns" | "geometry_columns" | "group_recent_activity" | "user_feature_preferences" | "user_groups" | "user_onboarding_status"'.
app/api/groups/components/QuickGroupForm.tsx(2,25): error TS2307: Cannot find module '@/hooks/useAuth' or its corresponding type declarations.
app/api/groups/members/decline/route.ts(3,10): error TS2305: Module '"@/utils/constants/tables"' has no exported member 'FIELDS'.
app/api/groups/members/request/route.ts(3,10): error TS2305: Module '"@/utils/constants/tables"' has no exported member 'FIELDS'.
app/api/groups/route.ts(102,36): error TS2339: Property 'get' does not exist on type 'Promise<ReadonlyRequestCookies>'.
app/api/groups/route.ts(130,21): error TS2339: Property 'set' does not exist on type 'Promise<ReadonlyRequestCookies>'.
app/api/groups/route.ts(146,11): error TS2353: Object literal may only specify known properties, and 'emoji' does not exist in type 'Partial<Group>'.
app/api/groups/route.ts(164,9): error TS2353: Object literal may only specify known properties, and 'emoji' does not exist in type 'Partial<Group>'.
app/api/groups/trips/route.ts(4,10): error TS2305: Module '"@/utils/constants/tables"' has no exported member 'FIELDS'.
app/api/guest/token/route.ts(46,24): error TS2345: Argument of type '"set_app_setting"' is not assignable to parameter of type '"path" | "polygon" | "text" | "geometry" | "_postgis_deprecate" | "_postgis_index_extent" | "_postgis_pgsql_version" | "_postgis_scripts_pgsql_version" | "_postgis_selectivity" | ... 487 more ... | "validate_itinerary"'.
app/api/guest/token/route.ts(84,24): error TS2345: Argument of type '"set_app_setting"' is not assignable to parameter of type '"path" | "polygon" | "text" | "geometry" | "_postgis_deprecate" | "_postgis_index_extent" | "_postgis_pgsql_version" | "_postgis_scripts_pgsql_version" | "_postgis_selectivity" | ... 487 more ... | "validate_itinerary"'.
app/api/guest/token/route.ts(132,24): error TS2345: Argument of type '"set_app_setting"' is not assignable to parameter of type '"path" | "polygon" | "text" | "geometry" | "_postgis_deprecate" | "_postgis_index_extent" | "_postgis_pgsql_version" | "_postgis_scripts_pgsql_version" | "_postgis_selectivity" | ... 487 more ... | "validate_itinerary"'.
app/api/invitations/[token]/accept/route.ts(5,18): error TS2305: Module '"@/utils/constants/tables"' has no exported member 'ENUMS'.
app/api/invitations/[token]/accept/route.ts(6,15): error TS2305: Module '"@/types/database.types"' has no exported member 'Tables'.
app/api/invitations/group/[token]/accept/route.ts(3,18): error TS2305: Module '"@/utils/constants/tables"' has no exported member 'ENUMS'.
app/api/invitations/group/[token]/accept/route.ts(4,15): error TS2614: Module '"@/utils/*"' has no exported member 'Database'. Did you mean to use 'import Database from "@/utils/*"' instead?
app/api/invitations/referral/route.ts(8,15): error TS2614: Module '"@/utils/*"' has no exported member 'Database'. Did you mean to use 'import Database from "@/utils/*"' instead?
app/api/itineraries/[slug]/route.ts(115,57): error TS2339: Property 'sort' does not exist on type 'SelectQueryError<"could not find the relation between itinerary_template_sections and template_activities">'.
app/api/itineraries/route.ts(3,10): error TS2305: Module '"@/utils/helpers"' has no exported member 'generateSlug'.
app/api/places/import-csv/route.ts(32,5): error TS2322: Type '"attraction"' is not assignable to type 'PlaceCategory'.
app/api/places/import-csv/route.ts(33,5): error TS2322: Type '"restaurant"' is not assignable to type 'PlaceCategory'.
app/api/places/import-csv/route.ts(34,5): error TS2322: Type '"cafe"' is not assignable to type 'PlaceCategory'.
app/api/places/import-csv/route.ts(35,5): error TS2322: Type '"hotel"' is not assignable to type 'PlaceCategory'.
app/api/places/import-csv/route.ts(36,5): error TS2322: Type '"landmark"' is not assignable to type 'PlaceCategory'.
app/api/places/import-csv/route.ts(37,5): error TS2322: Type '"shopping"' is not assignable to type 'PlaceCategory'.
app/api/places/import-csv/route.ts(38,5): error TS2322: Type '"transport"' is not assignable to type 'PlaceCategory'.
app/api/places/import-csv/route.ts(39,5): error TS2322: Type '"other"' is not assignable to type 'PlaceCategory'.
app/api/places/import-csv/route.ts(51,5): error TS2322: Type '"restaurant"' is not assignable to type 'PlaceCategory | undefined'.
app/api/places/import-csv/route.ts(57,5): error TS2322: Type '"hotel"' is not assignable to type 'PlaceCategory | undefined'.
app/api/places/import-csv/route.ts(61,5): error TS2322: Type '"cafe"' is not assignable to type 'PlaceCategory | undefined'.
app/api/places/import-csv/route.ts(67,5): error TS2322: Type '"attraction"' is not assignable to type 'PlaceCategory | undefined'.
app/api/places/import-csv/route.ts(71,5): error TS2322: Type '"landmark"' is not assignable to type 'PlaceCategory | undefined'.
app/api/places/import-csv/route.ts(75,5): error TS2322: Type '"shopping"' is not assignable to type 'PlaceCategory | undefined'.
app/api/places/import-csv/route.ts(83,5): error TS2322: Type '"transport"' is not assignable to type 'PlaceCategory | undefined'.
app/api/places/import-csv/route.ts(86,3): error TS2322: Type '"other"' is not assignable to type 'PlaceCategory | undefined'.
app/api/places/import-csv/route.ts(259,13): error TS2769: No overload matches this call.
  Overload 1 of 2, '(relation: "trips" | "groups" | "destinations" | "ab_test_variants" | "access_requests" | "profiles" | "albums" | "budget_items" | "cities" | "continents" | "collaborative_notes" | ... 102 more ... | "validation_logs"): PostgrestQueryBuilder<...>', gave the following error.
    Argument of type '"places"' is not assignable to parameter of type '"trips" | "groups" | "destinations" | "ab_test_variants" | "access_requests" | "profiles" | "albums" | "budget_items" | "cities" | "continents" | "collaborative_notes" | "collaborative_sessions" | ... 101 more ... | "validation_logs"'.
  Overload 2 of 2, '(relation: "user_onboarding_status" | "discoverable_groups" | "user_groups" | "admin_onboarding_analytics" | "geography_columns" | "geometry_columns" | "group_recent_activity" | "user_feature_preferences"): PostgrestQueryBuilder<...>', gave the following error.
    Argument of type '"places"' is not assignable to parameter of type '"user_onboarding_status" | "discoverable_groups" | "user_groups" | "admin_onboarding_analytics" | "geography_columns" | "geometry_columns" | "group_recent_activity" | "user_feature_preferences"'.
app/api/places/route.ts(59,13): error TS2769: No overload matches this call.
  Overload 1 of 2, '(relation: "trips" | "groups" | "destinations" | "ab_test_variants" | "access_requests" | "profiles" | "albums" | "budget_items" | "cities" | "continents" | "collaborative_notes" | ... 102 more ... | "validation_logs"): PostgrestQueryBuilder<...>', gave the following error.
    Argument of type '"places"' is not assignable to parameter of type '"trips" | "groups" | "destinations" | "ab_test_variants" | "access_requests" | "profiles" | "albums" | "budget_items" | "cities" | "continents" | "collaborative_notes" | "collaborative_sessions" | ... 101 more ... | "validation_logs"'.
  Overload 2 of 2, '(relation: "user_onboarding_status" | "discoverable_groups" | "user_groups" | "admin_onboarding_analytics" | "geography_columns" | "geometry_columns" | "group_recent_activity" | "user_feature_preferences"): PostgrestQueryBuilder<...>', gave the following error.
    Argument of type '"places"' is not assignable to parameter of type '"user_onboarding_status" | "discoverable_groups" | "user_groups" | "admin_onboarding_analytics" | "geography_columns" | "geometry_columns" | "group_recent_activity" | "user_feature_preferences"'.
app/api/places/route.ts(89,21): error TS2339: Property 'rating' does not exist on type 'ResultOne'.
app/api/places/route.ts(90,27): error TS2339: Property 'rating_count' does not exist on type 'ResultOne'.
app/api/places/route.ts(148,13): error TS2769: No overload matches this call.
  Overload 1 of 2, '(relation: "trips" | "groups" | "destinations" | "ab_test_variants" | "access_requests" | "profiles" | "albums" | "budget_items" | "cities" | "continents" | "collaborative_notes" | ... 102 more ... | "validation_logs"): PostgrestQueryBuilder<...>', gave the following error.
    Argument of type '"places"' is not assignable to parameter of type '"trips" | "groups" | "destinations" | "ab_test_variants" | "access_requests" | "profiles" | "albums" | "budget_items" | "cities" | "continents" | "collaborative_notes" | "collaborative_sessions" | ... 101 more ... | "validation_logs"'.
  Overload 2 of 2, '(relation: "user_onboarding_status" | "discoverable_groups" | "user_groups" | "admin_onboarding_analytics" | "geography_columns" | "geometry_columns" | "group_recent_activity" | "user_feature_preferences"): PostgrestQueryBuilder<...>', gave the following error.
    Argument of type '"places"' is not assignable to parameter of type '"user_onboarding_status" | "discoverable_groups" | "user_groups" | "admin_onboarding_analytics" | "geography_columns" | "geometry_columns" | "group_recent_activity" | "user_feature_preferences"'.
app/api/search/route.ts(34,9): error TS7034: Variable 'destinations' implicitly has type 'any[]' in some locations where its type cannot be determined.
app/api/search/route.ts(35,9): error TS7034: Variable 'trips' implicitly has type 'any[]' in some locations where its type cannot be determined.
app/api/search/route.ts(80,9): error TS7005: Variable 'destinations' implicitly has an 'any[]' type.
app/api/search/route.ts(81,9): error TS7005: Variable 'trips' implicitly has an 'any[]' type.
app/api/tags/entity/route.ts(54,10): error TS2769: No overload matches this call.
  Overload 1 of 2, '(values: { category?: string | null | undefined; created_at?: string | null | undefined; created_by?: string | null | undefined; description?: string | null | undefined; emoji?: string | null | undefined; ... 6 more ...; use_count?: number | ... 1 more ... | undefined; }, options?: { ...; } | undefined): PostgrestFilterBuilder<...>', gave the following error.
    Argument of type '{ name: any; created_by: string; }' is not assignable to parameter of type '{ category?: string | null | undefined; created_at?: string | null | undefined; created_by?: string | null | undefined; description?: string | null | undefined; emoji?: string | null | undefined; ... 6 more ...; use_count?: number | ... 1 more ... | undefined; }'.
      Property 'slug' is missing in type '{ name: any; created_by: string; }' but required in type '{ category?: string | null | undefined; created_at?: string | null | undefined; created_by?: string | null | undefined; description?: string | null | undefined; emoji?: string | null | undefined; ... 6 more ...; use_count?: number | ... 1 more ... | undefined; }'.
  Overload 2 of 2, '(values: { category?: string | null | undefined; created_at?: string | null | undefined; created_by?: string | null | undefined; description?: string | null | undefined; emoji?: string | null | undefined; ... 6 more ...; use_count?: number | ... 1 more ... | undefined; }[], options?: { ...; } | undefined): PostgrestFilterBuilder<...>', gave the following error.
    Object literal may only specify known properties, and 'name' does not exist in type '{ category?: string | null | undefined; created_at?: string | null | undefined; created_by?: string | null | undefined; description?: string | null | undefined; emoji?: string | null | undefined; ... 6 more ...; use_count?: number | ... 1 more ... | undefined; }[]'.
app/api/tags/entity/route.ts(69,59): error TS2769: No overload matches this call.
  Overload 1 of 2, '(relation: "countries" | "expenses" | "currencies" | "tags" | "trips" | "votes" | "profiles" | "ab_test_variants" | "access_requests" | "albums" | "budget_items" | "cities" | "collaborative_notes" | ... 100 more ... | "validation_logs"): PostgrestQueryBuilder<...>', gave the following error.
    Argument of type '"entity_tags"' is not assignable to parameter of type '"countries" | "expenses" | "currencies" | "tags" | "trips" | "votes" | "profiles" | "ab_test_variants" | "access_requests" | "albums" | "budget_items" | "cities" | "collaborative_notes" | ... 100 more ... | "validation_logs"'.
  Overload 2 of 2, '(relation: "admin_onboarding_analytics" | "discoverable_groups" | "geography_columns" | "geometry_columns" | "group_recent_activity" | "user_feature_preferences" | "user_groups" | "user_onboarding_status"): PostgrestQueryBuilder<...>', gave the following error.
    Argument of type '"entity_tags"' is not assignable to parameter of type '"admin_onboarding_analytics" | "discoverable_groups" | "geography_columns" | "geometry_columns" | "group_recent_activity" | "user_feature_preferences" | "user_groups" | "user_onboarding_status"'.
app/api/tags/entity/route.ts(139,56): error TS2769: No overload matches this call.
  Overload 1 of 2, '(relation: "countries" | "expenses" | "currencies" | "tags" | "trips" | "votes" | "profiles" | "ab_test_variants" | "access_requests" | "albums" | "budget_items" | "cities" | "collaborative_notes" | ... 100 more ... | "validation_logs"): PostgrestQueryBuilder<...>', gave the following error.
    Argument of type '"entity_tags"' is not assignable to parameter of type '"countries" | "expenses" | "currencies" | "tags" | "trips" | "votes" | "profiles" | "ab_test_variants" | "access_requests" | "albums" | "budget_items" | "cities" | "collaborative_notes" | ... 100 more ... | "validation_logs"'.
  Overload 2 of 2, '(relation: "admin_onboarding_analytics" | "discoverable_groups" | "geography_columns" | "geometry_columns" | "group_recent_activity" | "user_feature_preferences" | "user_groups" | "user_onboarding_status"): PostgrestQueryBuilder<...>', gave the following error.
    Argument of type '"entity_tags"' is not assignable to parameter of type '"admin_onboarding_analytics" | "discoverable_groups" | "geography_columns" | "geometry_columns" | "group_recent_activity" | "user_feature_preferences" | "user_groups" | "user_onboarding_status"'.
app/api/tags/route.ts(34,37): error TS2589: Type instantiation is excessively deep and possibly infinite.
app/api/tags/route.ts(35,15): error TS2769: No overload matches this call.
  Overload 1 of 2, '(relation: "countries" | "expenses" | "currencies" | "tags" | "trips" | "votes" | "profiles" | "ab_test_variants" | "access_requests" | "albums" | "budget_items" | "cities" | "collaborative_notes" | ... 100 more ... | "validation_logs"): PostgrestQueryBuilder<...>', gave the following error.
    Argument of type '"entity_tags"' is not assignable to parameter of type '"countries" | "expenses" | "currencies" | "tags" | "trips" | "votes" | "profiles" | "ab_test_variants" | "access_requests" | "albums" | "budget_items" | "cities" | "collaborative_notes" | ... 100 more ... | "validation_logs"'.
  Overload 2 of 2, '(relation: "admin_onboarding_analytics" | "discoverable_groups" | "geography_columns" | "geometry_columns" | "group_recent_activity" | "user_feature_preferences" | "user_groups" | "user_onboarding_status"): PostgrestQueryBuilder<...>', gave the following error.
    Argument of type '"entity_tags"' is not assignable to parameter of type '"admin_onboarding_analytics" | "discoverable_groups" | "geography_columns" | "geometry_columns" | "group_recent_activity" | "user_feature_preferences" | "user_groups" | "user_onboarding_status"'.
app/api/tags/route.ts(51,38): error TS2339: Property 'tags' does not exist on type 'ResultOne'.
app/api/tags/route.ts(113,8): error TS2769: No overload matches this call.
  Overload 1 of 2, '(values: { category?: string | null | undefined; created_at?: string | null | undefined; created_by?: string | null | undefined; description?: string | null | undefined; emoji?: string | null | undefined; ... 6 more ...; use_count?: number | ... 1 more ... | undefined; }, options?: { ...; } | undefined): PostgrestFilterBuilder<...>', gave the following error.
    Argument of type '{ name: any; created_by: string; }' is not assignable to parameter of type '{ category?: string | null | undefined; created_at?: string | null | undefined; created_by?: string | null | undefined; description?: string | null | undefined; emoji?: string | null | undefined; ... 6 more ...; use_count?: number | ... 1 more ... | undefined; }'.
      Property 'slug' is missing in type '{ name: any; created_by: string; }' but required in type '{ category?: string | null | undefined; created_at?: string | null | undefined; created_by?: string | null | undefined; description?: string | null | undefined; emoji?: string | null | undefined; ... 6 more ...; use_count?: number | ... 1 more ... | undefined; }'.
  Overload 2 of 2, '(values: { category?: string | null | undefined; created_at?: string | null | undefined; created_by?: string | null | undefined; description?: string | null | undefined; emoji?: string | null | undefined; ... 6 more ...; use_count?: number | ... 1 more ... | undefined; }[], options?: { ...; } | undefined): PostgrestFilterBuilder<...>', gave the following error.
    Object literal may only specify known properties, and 'name' does not exist in type '{ category?: string | null | undefined; created_at?: string | null | undefined; created_by?: string | null | undefined; description?: string | null | undefined; emoji?: string | null | undefined; ... 6 more ...; use_count?: number | ... 1 more ... | undefined; }[]'.
app/api/tasks/[taskId]/assign/route.ts(10,10): error TS2614: Module '"@/lib/*"' has no exported member 'getUserFromSession'. Did you mean to use 'import getUserFromSession from "@/lib/*"' instead?
app/api/tasks/[taskId]/route.ts(10,10): error TS2614: Module '"@/lib/*"' has no exported member 'getUserFromSession'. Did you mean to use 'import getUserFromSession from "@/lib/*"' instead?
app/api/tasks/[taskId]/tags/route.ts(10,10): error TS2305: Module '"@/lib/api/tags"' has no exported member 'addTagToEntity'.
app/api/tasks/[taskId]/tags/route.ts(10,26): error TS2305: Module '"@/lib/api/tags"' has no exported member 'removeTagFromEntity'.
app/api/tasks/[taskId]/tags/route.ts(11,10): error TS2305: Module '"@/utils/auth"' has no exported member 'getUserFromSession'.
app/api/tasks/[taskId]/vote/route.ts(10,10): error TS2305: Module '"@/utils/auth"' has no exported member 'getUserFromSession'.
app/api/tasks/route.ts(10,10): error TS2614: Module '"@/lib/*"' has no exported member 'getUserFromSession'. Did you mean to use 'import getUserFromSession from "@/lib/*"' instead?
app/api/trips/[tripId]/access-requests/[requestId]/route.ts(78,27): error TS2339: Property 'status' does not exist on type 'SelectQueryError<"column 'role' does not exist on 'permission_requests'.">'.
app/api/trips/[tripId]/access-requests/[requestId]/route.ts(99,35): error TS2339: Property 'APPROVED' does not exist on type '{ readonly ACCEPTED: "accepted"; readonly PENDING: "pending"; readonly REJECTED: "rejected"; }'.
app/api/trips/[tripId]/access-requests/[requestId]/route.ts(105,42): error TS2339: Property 'user_id' does not exist on type 'SelectQueryError<"column 'role' does not exist on 'permission_requests'.">'.
app/api/trips/[tripId]/access-requests/[requestId]/route.ts(115,49): error TS2339: Property 'role' does not exist on type 'SelectQueryError<"column 'role' does not exist on 'permission_requests'.">'.
app/api/trips/[tripId]/access-requests/[requestId]/route.ts(118,38): error TS2339: Property 'user_id' does not exist on type 'SelectQueryError<"column 'role' does not exist on 'permission_requests'.">'.
app/api/trips/[tripId]/access-requests/route.ts(37,42): error TS2339: Property 'PERMISSION_REQUESTS' does not exist on type '{ readonly ACCESS_REQUESTS: "access_requests"; readonly ALBUMS: "albums"; readonly BUDGET_ITEMS: "budget_items"; readonly CITIES: "cities"; readonly COLLABORATIVE_NOTES: "collaborative_notes"; ... 78 more ...; readonly TRIP_ANALYTICS_EVENTS: "trip_analytics_events"; }'.
app/api/trips/[tripId]/apply-template/[templateId]/route.ts(210,33): error TS2352: Conversion of type '{ id: string; title: string; duration_days: number; version: number | null; itinerary_template_sections: { created_at: string; created_by: string | null; date: string | null; day_number: number; ... 6 more ...; itinerary_template_items: { ...; }[]; }[]; }' to type 'TemplateDataWithSections' may be a mistake because neither type sufficiently overlaps with the other. If this was intentional, convert the expression to 'unknown' first.
  Types of property 'version' are incompatible.
    Type 'number | null' is not comparable to type 'string | undefined'.
      Type 'number' is not comparable to type 'string'.
app/api/trips/[tripId]/apply-template/[templateId]/route.ts(384,15): error TS2769: No overload matches this call.
  Overload 1 of 2, '(values: { address?: string | null | undefined; attribution_metadata?: Json | undefined; attribution_type?: string | null | undefined; canonical_url?: string | null | undefined; ... 44 more ...; votes?: Json | undefined; }, options?: { ...; } | undefined): PostgrestFilterBuilder<...>', gave the following error.
    Argument of type 'NewItineraryItem[]' is not assignable to parameter of type '{ address?: string | null | undefined; attribution_metadata?: Json | undefined; attribution_type?: string | null | undefined; canonical_url?: string | null | undefined; category?: "Nightlife" | ... 15 more ... | undefined; ... 43 more ...; votes?: Json | undefined; }'.
      Property 'title' is missing in type 'NewItineraryItem[]' but required in type '{ address?: string | null | undefined; attribution_metadata?: Json | undefined; attribution_type?: string | null | undefined; canonical_url?: string | null | undefined; category?: "Nightlife" | ... 15 more ... | undefined; ... 43 more ...; votes?: Json | undefined; }'.
  Overload 2 of 2, '(values: { address?: string | null | undefined; attribution_metadata?: Json | undefined; attribution_type?: string | null | undefined; canonical_url?: string | null | undefined; ... 44 more ...; votes?: Json | undefined; }[], options?: { ...; } | undefined): PostgrestFilterBuilder<...>', gave the following error.
    Argument of type 'NewItineraryItem[]' is not assignable to parameter of type '{ address?: string | null | undefined; attribution_metadata?: Json | undefined; attribution_type?: string | null | undefined; canonical_url?: string | null | undefined; category?: "Nightlife" | ... 15 more ... | undefined; ... 43 more ...; votes?: Json | undefined; }[]'.
      Type 'NewItineraryItem' is not assignable to type '{ address?: string | null | undefined; attribution_metadata?: Json | undefined; attribution_type?: string | null | undefined; canonical_url?: string | null | undefined; category?: "Nightlife" | ... 15 more ... | undefined; ... 43 more ...; votes?: Json | undefined; }'.
        Types of property 'category' are incompatible.
          Type 'string | null | undefined' is not assignable to type '"Nightlife" | "Other" | "Shopping" | "Iconic Landmarks" | "Local Secrets" | "Cultural Experiences" | "Outdoor Adventures" | "Food & Drink" | "Relaxation" | "Accommodations" | ... 6 more ... | undefined'.
            Type 'string' is not assignable to type '"Nightlife" | "Other" | "Shopping" | "Iconic Landmarks" | "Local Secrets" | "Cultural Experiences" | "Outdoor Adventures" | "Food & Drink" | "Relaxation" | "Accommodations" | ... 6 more ... | undefined'.
app/api/trips/[tripId]/cities/route.ts(10,10): error TS2305: Module '"@supabase/ssr"' has no exported member 'createRouteHandlerClient'.
app/api/trips/[tripId]/comments/route.ts(70,19): error TS2589: Type instantiation is excessively deep and possibly infinite.
app/api/trips/[tripId]/comments/route.ts(71,13): error TS2769: No overload matches this call.
  Overload 1 of 2, '(relation: "countries" | "expenses" | "currencies" | "tags" | "trips" | "votes" | "profiles" | "ab_test_variants" | "access_requests" | "albums" | "budget_items" | "cities" | "collaborative_notes" | ... 100 more ... | "validation_logs"): PostgrestQueryBuilder<...>', gave the following error.
    Argument of type '"trip_comments"' is not assignable to parameter of type '"countries" | "expenses" | "currencies" | "tags" | "trips" | "votes" | "profiles" | "ab_test_variants" | "access_requests" | "albums" | "budget_items" | "cities" | "collaborative_notes" | ... 100 more ... | "validation_logs"'.
  Overload 2 of 2, '(relation: "admin_onboarding_analytics" | "discoverable_groups" | "geography_columns" | "geometry_columns" | "group_recent_activity" | "user_feature_preferences" | "user_groups" | "user_onboarding_status"): PostgrestQueryBuilder<...>', gave the following error.
    Argument of type '"trip_comments"' is not assignable to parameter of type '"admin_onboarding_analytics" | "discoverable_groups" | "geography_columns" | "geometry_columns" | "group_recent_activity" | "user_feature_preferences" | "user_groups" | "user_onboarding_status"'.
app/api/trips/[tripId]/comments/route.ts(153,44): error TS2589: Type instantiation is excessively deep and possibly infinite.
app/api/trips/[tripId]/comments/route.ts(154,13): error TS2769: No overload matches this call.
  Overload 1 of 2, '(relation: "countries" | "expenses" | "currencies" | "tags" | "trips" | "votes" | "profiles" | "ab_test_variants" | "access_requests" | "albums" | "budget_items" | "cities" | "collaborative_notes" | ... 100 more ... | "validation_logs"): PostgrestQueryBuilder<...>', gave the following error.
    Argument of type '"trip_comments"' is not assignable to parameter of type '"countries" | "expenses" | "currencies" | "tags" | "trips" | "votes" | "profiles" | "ab_test_variants" | "access_requests" | "albums" | "budget_items" | "cities" | "collaborative_notes" | ... 100 more ... | "validation_logs"'.
  Overload 2 of 2, '(relation: "admin_onboarding_analytics" | "discoverable_groups" | "geography_columns" | "geometry_columns" | "group_recent_activity" | "user_feature_preferences" | "user_groups" | "user_onboarding_status"): PostgrestQueryBuilder<...>', gave the following error.
    Argument of type '"trip_comments"' is not assignable to parameter of type '"admin_onboarding_analytics" | "discoverable_groups" | "geography_columns" | "geometry_columns" | "group_recent_activity" | "user_feature_preferences" | "user_groups" | "user_onboarding_status"'.
app/api/trips/[tripId]/expenses/route.ts(5,15): error TS2305: Module '"@/utils/constants/database"' has no exported member 'Database'.
app/api/trips/[tripId]/images/route.ts(197,42): error TS2345: Argument of type 'TypedSupabaseClient' is not assignable to parameter of type 'SupabaseClient<Database, "public", any>'.
  Type 'import("/Users/tanho/GitHub_non_cloud/withme.travel/types/.database.types").Database' is not assignable to type 'import("/Users/tanho/GitHub_non_cloud/withme.travel/types/database.types").Database'.
    The types of 'public.Tables' are incompatible between these types.
      Property 'places' is missing in type '{ ab_test_variants: { Row: { created_at: string | null; description: string | null; id: string; is_active: boolean | null; name: string; study_id: string; updated_at: string | null; weight: number | null; }; Insert: { ...; }; Update: { ...; }; Relationships: []; }; ... 112 more ...; votes: { ...; }; }' but required in type '{ trips: { Row: { id: string; name: string; description: string | null; start_date: string | null; end_date: string | null; created_by: string; created_at: string; updated_at: string | null; ... 10 more ...; view_count: number | null; }; Insert: { ...; }; Update: { ...; }; }; places: { ...; }; }'.
app/api/trips/[tripId]/import-google-maps/route.ts(5,10): error TS2305: Module '"@/utils/constants/tables"' has no exported member 'ENUMS'.
app/api/trips/[tripId]/itinerary/[itemId]/reactions/route.ts(38,20): error TS2551: Property 'ITINERARY_ITEM_REACTIONS' does not exist on type '{ readonly ACCESS_REQUESTS: "access_requests"; readonly ALBUMS: "albums"; readonly BUDGET_ITEMS: "budget_items"; readonly CITIES: "cities"; readonly COLLABORATIVE_NOTES: "collaborative_notes"; ... 78 more ...; readonly TRIP_ANALYTICS_EVENTS: "trip_analytics_events"; }'. Did you mean 'ITINERARY_SECTIONS'?
app/api/trips/[tripId]/itinerary/[itemId]/reactions/route.ts(111,20): error TS2551: Property 'ITINERARY_ITEM_REACTIONS' does not exist on type '{ readonly ACCESS_REQUESTS: "access_requests"; readonly ALBUMS: "albums"; readonly BUDGET_ITEMS: "budget_items"; readonly CITIES: "cities"; readonly COLLABORATIVE_NOTES: "collaborative_notes"; ... 78 more ...; readonly TRIP_ANALYTICS_EVENTS: "trip_analytics_events"; }'. Did you mean 'ITINERARY_SECTIONS'?
app/api/trips/[tripId]/itinerary/[itemId]/reactions/route.ts(121,22): error TS2551: Property 'ITINERARY_ITEM_REACTIONS' does not exist on type '{ readonly ACCESS_REQUESTS: "access_requests"; readonly ALBUMS: "albums"; readonly BUDGET_ITEMS: "budget_items"; readonly CITIES: "cities"; readonly COLLABORATIVE_NOTES: "collaborative_notes"; ... 78 more ...; readonly TRIP_ANALYTICS_EVENTS: "trip_analytics_events"; }'. Did you mean 'ITINERARY_SECTIONS'?
app/api/trips/[tripId]/itinerary/[itemId]/reactions/route.ts(131,65): error TS2551: Property 'ITINERARY_ITEM_REACTIONS' does not exist on type '{ readonly ACCESS_REQUESTS: "access_requests"; readonly ALBUMS: "albums"; readonly BUDGET_ITEMS: "budget_items"; readonly CITIES: "cities"; readonly COLLABORATIVE_NOTES: "collaborative_notes"; ... 78 more ...; readonly TRIP_ANALYTICS_EVENTS: "trip_analytics_events"; }'. Did you mean 'ITINERARY_SECTIONS'?
app/api/trips/[tripId]/itinerary/[itemId]/reactions/route.ts(145,20): error TS2551: Property 'ITINERARY_ITEM_REACTIONS' does not exist on type '{ readonly ACCESS_REQUESTS: "access_requests"; readonly ALBUMS: "albums"; readonly BUDGET_ITEMS: "budget_items"; readonly CITIES: "cities"; readonly COLLABORATIVE_NOTES: "collaborative_notes"; ... 78 more ...; readonly TRIP_ANALYTICS_EVENTS: "trip_analytics_events"; }'. Did you mean 'ITINERARY_SECTIONS'?
app/api/trips/[tripId]/itinerary/[itemId]/route.ts(134,47): error TS2345: Argument of type 'TypedSupabaseClient' is not assignable to parameter of type 'SupabaseClient<Database, "public", any>'.
  Type 'import("/Users/tanho/GitHub_non_cloud/withme.travel/types/.database.types").Database' is not assignable to type 'import("/Users/tanho/GitHub_non_cloud/withme.travel/types/database.types").Database'.
    The types of 'public.Tables' are incompatible between these types.
      Property 'places' is missing in type '{ ab_test_variants: { Row: { created_at: string | null; description: string | null; id: string; is_active: boolean | null; name: string; study_id: string; updated_at: string | null; weight: number | null; }; Insert: { ...; }; Update: { ...; }; Relationships: []; }; ... 112 more ...; votes: { ...; }; }' but required in type '{ trips: { Row: { id: string; name: string; description: string | null; start_date: string | null; end_date: string | null; created_by: string; created_at: string; updated_at: string | null; ... 10 more ...; view_count: number | null; }; Insert: { ...; }; Update: { ...; }; }; places: { ...; }; }'.
app/api/trips/[tripId]/itinerary/[itemId]/route.ts(176,47): error TS2345: Argument of type 'TypedSupabaseClient' is not assignable to parameter of type 'SupabaseClient<Database, "public", any>'.
  Type 'import("/Users/tanho/GitHub_non_cloud/withme.travel/types/.database.types").Database' is not assignable to type 'import("/Users/tanho/GitHub_non_cloud/withme.travel/types/database.types").Database'.
    The types of 'public.Tables' are incompatible between these types.
      Property 'places' is missing in type '{ ab_test_variants: { Row: { created_at: string | null; description: string | null; id: string; is_active: boolean | null; name: string; study_id: string; updated_at: string | null; weight: number | null; }; Insert: { ...; }; Update: { ...; }; Relationships: []; }; ... 112 more ...; votes: { ...; }; }' but required in type '{ trips: { Row: { id: string; name: string; description: string | null; start_date: string | null; end_date: string | null; created_by: string; created_at: string; updated_at: string | null; ... 10 more ...; view_count: number | null; }; Insert: { ...; }; Update: { ...; }; }; places: { ...; }; }'.
app/api/trips/[tripId]/itinerary/[itemId]/route.ts(246,47): error TS2345: Argument of type 'TypedSupabaseClient' is not assignable to parameter of type 'SupabaseClient<Database, "public", any>'.
  Type 'import("/Users/tanho/GitHub_non_cloud/withme.travel/types/.database.types").Database' is not assignable to type 'import("/Users/tanho/GitHub_non_cloud/withme.travel/types/database.types").Database'.
    The types of 'public.Tables' are incompatible between these types.
      Property 'places' is missing in type '{ ab_test_variants: { Row: { created_at: string | null; description: string | null; id: string; is_active: boolean | null; name: string; study_id: string; updated_at: string | null; weight: number | null; }; Insert: { ...; }; Update: { ...; }; Relationships: []; }; ... 112 more ...; votes: { ...; }; }' but required in type '{ trips: { Row: { id: string; name: string; description: string | null; start_date: string | null; end_date: string | null; created_by: string; created_at: string; updated_at: string | null; ... 10 more ...; view_count: number | null; }; Insert: { ...; }; Update: { ...; }; }; places: { ...; }; }'.
app/api/trips/[tripId]/itinerary/[itemId]/status/route.ts(105,42): error TS2345: Argument of type 'TypedSupabaseClient' is not assignable to parameter of type 'SupabaseClient<Database, "public", any>'.
  Type 'import("/Users/tanho/GitHub_non_cloud/withme.travel/types/.database.types").Database' is not assignable to type 'import("/Users/tanho/GitHub_non_cloud/withme.travel/types/database.types").Database'.
    The types of 'public.Tables' are incompatible between these types.
      Property 'places' is missing in type '{ ab_test_variants: { Row: { created_at: string | null; description: string | null; id: string; is_active: boolean | null; name: string; study_id: string; updated_at: string | null; weight: number | null; }; Insert: { ...; }; Update: { ...; }; Relationships: []; }; ... 112 more ...; votes: { ...; }; }' but required in type '{ trips: { Row: { id: string; name: string; description: string | null; start_date: string | null; end_date: string | null; created_by: string; created_at: string; updated_at: string | null; ... 10 more ...; view_count: number | null; }; Insert: { ...; }; Update: { ...; }; }; places: { ...; }; }'.
app/api/trips/[tripId]/itinerary/[itemId]/vote/route.ts(143,48): error TS2345: Argument of type 'TypedSupabaseClient' is not assignable to parameter of type 'SupabaseClient<Database, "public", any>'.
  Type 'import("/Users/tanho/GitHub_non_cloud/withme.travel/types/.database.types").Database' is not assignable to type 'import("/Users/tanho/GitHub_non_cloud/withme.travel/types/database.types").Database'.
    The types of 'public.Tables' are incompatible between these types.
      Property 'places' is missing in type '{ ab_test_variants: { Row: { created_at: string | null; description: string | null; id: string; is_active: boolean | null; name: string; study_id: string; updated_at: string | null; weight: number | null; }; Insert: { ...; }; Update: { ...; }; Relationships: []; }; ... 112 more ...; votes: { ...; }; }' but required in type '{ trips: { Row: { id: string; name: string; description: string | null; start_date: string | null; end_date: string | null; created_by: string; created_at: string; updated_at: string | null; ... 10 more ...; view_count: number | null; }; Insert: { ...; }; Update: { ...; }; }; places: { ...; }; }'.
app/api/trips/[tripId]/itinerary/[itemId]/vote/route.ts(172,55): error TS2339: Property 'vote_type' does not exist on type '{}'.
app/api/trips/[tripId]/itinerary/route.ts(2,15): error TS2305: Module '"@/types/database.types"' has no exported member 'Tables'.
app/api/trips/[tripId]/itinerary/route.ts(18,51): error TS2339: Property 'itinerary_items' does not exist on type '{ trips: { Row: { id: string; name: string; description: string | null; start_date: string | null; end_date: string | null; created_by: string; created_at: string; updated_at: string | null; ... 10 more ...; view_count: number | null; }; Insert: { ...; }; Update: { ...; }; }; places: { ...; }; }'.
app/api/trips/[tripId]/itinerary/route.ts(19,54): error TS2339: Property 'itinerary_sections' does not exist on type '{ trips: { Row: { id: string; name: string; description: string | null; start_date: string | null; end_date: string | null; created_by: string; created_at: string; updated_at: string | null; ... 10 more ...; view_count: number | null; }; Insert: { ...; }; Update: { ...; }; }; places: { ...; }; }'.
app/api/trips/[tripId]/itinerary/route.ts(20,48): error TS2339: Property 'trip_members' does not exist on type '{ trips: { Row: { id: string; name: string; description: string | null; start_date: string | null; end_date: string | null; created_by: string; created_at: string; updated_at: string | null; ... 10 more ...; view_count: number | null; }; Insert: { ...; }; Update: { ...; }; }; places: { ...; }; }'.
app/api/trips/[tripId]/itinerary/route.ts(88,11): error TS2430: Interface 'ItinerarySectionWithItems' incorrectly extends interface 'ItinerarySection'.
  Types of property 'items' are incompatible.
    Type 'DisplayItineraryItem[]' is not assignable to type 'ItineraryItem[]'.
      Type 'DisplayItineraryItem' is missing the following properties from type 'ItineraryItem': trip_id, created_at, item_type, date, and 14 more.
app/api/trips/[tripId]/itinerary/route.ts(309,42): error TS2345: Argument of type 'TypedSupabaseClient' is not assignable to parameter of type 'SupabaseClient<Database, "public", any>'.
  Type 'import("/Users/tanho/GitHub_non_cloud/withme.travel/types/.database.types").Database' is not assignable to type 'import("/Users/tanho/GitHub_non_cloud/withme.travel/types/database.types").Database'.
    The types of 'public.Tables' are incompatible between these types.
      Property 'places' is missing in type '{ ab_test_variants: { Row: { created_at: string | null; description: string | null; id: string; is_active: boolean | null; name: string; study_id: string; updated_at: string | null; weight: number | null; }; Insert: { ...; }; Update: { ...; }; Relationships: []; }; ... 112 more ...; votes: { ...; }; }' but required in type '{ trips: { Row: { id: string; name: string; description: string | null; start_date: string | null; end_date: string | null; created_by: string; created_at: string; updated_at: string | null; ... 10 more ...; view_count: number | null; }; Insert: { ...; }; Update: { ...; }; }; places: { ...; }; }'.
app/api/trips/[tripId]/itinerary/route.ts(385,27): error TS2345: Argument of type 'TypedSupabaseClient' is not assignable to parameter of type 'SupabaseClient<Database, "public", any>'.
  Type 'import("/Users/tanho/GitHub_non_cloud/withme.travel/types/.database.types").Database' is not assignable to type 'import("/Users/tanho/GitHub_non_cloud/withme.travel/types/database.types").Database'.
    The types of 'public.Tables' are incompatible between these types.
      Property 'places' is missing in type '{ ab_test_variants: { Row: { created_at: string | null; description: string | null; id: string; is_active: boolean | null; name: string; study_id: string; updated_at: string | null; weight: number | null; }; Insert: { ...; }; Update: { ...; }; Relationships: []; }; ... 112 more ...; votes: { ...; }; }' but required in type '{ trips: { Row: { id: string; name: string; description: string | null; start_date: string | null; end_date: string | null; created_by: string; created_at: string; updated_at: string | null; ... 10 more ...; view_count: number | null; }; Insert: { ...; }; Update: { ...; }; }; places: { ...; }; }'.
app/api/trips/[tripId]/notes/[noteId]/route.ts(50,54): error TS2345: Argument of type 'TypedSupabaseClient' is not assignable to parameter of type 'SupabaseClient<Database, "public", any>'.
  Type 'import("/Users/tanho/GitHub_non_cloud/withme.travel/types/.database.types").Database' is not assignable to type 'import("/Users/tanho/GitHub_non_cloud/withme.travel/types/database.types").Database'.
    The types of 'public.Tables' are incompatible between these types.
      Property 'places' is missing in type '{ ab_test_variants: { Row: { created_at: string | null; description: string | null; id: string; is_active: boolean | null; name: string; study_id: string; updated_at: string | null; weight: number | null; }; Insert: { ...; }; Update: { ...; }; Relationships: []; }; ... 112 more ...; votes: { ...; }; }' but required in type '{ trips: { Row: { id: string; name: string; description: string | null; start_date: string | null; end_date: string | null; created_by: string; created_at: string; updated_at: string | null; ... 10 more ...; view_count: number | null; }; Insert: { ...; }; Update: { ...; }; }; places: { ...; }; }'.
app/api/trips/[tripId]/notes/[noteId]/route.ts(155,61): error TS2345: Argument of type 'TypedSupabaseClient' is not assignable to parameter of type 'SupabaseClient<Database, "public", any>'.
  Type 'import("/Users/tanho/GitHub_non_cloud/withme.travel/types/.database.types").Database' is not assignable to type 'import("/Users/tanho/GitHub_non_cloud/withme.travel/types/database.types").Database'.
    The types of 'public.Tables' are incompatible between these types.
      Property 'places' is missing in type '{ ab_test_variants: { Row: { created_at: string | null; description: string | null; id: string; is_active: boolean | null; name: string; study_id: string; updated_at: string | null; weight: number | null; }; Insert: { ...; }; Update: { ...; }; Relationships: []; }; ... 112 more ...; votes: { ...; }; }' but required in type '{ trips: { Row: { id: string; name: string; description: string | null; start_date: string | null; end_date: string | null; created_by: string; created_at: string; updated_at: string | null; ... 10 more ...; view_count: number | null; }; Insert: { ...; }; Update: { ...; }; }; places: { ...; }; }'.
app/api/trips/[tripId]/notes/[noteId]/route.ts(235,54): error TS2345: Argument of type 'TypedSupabaseClient' is not assignable to parameter of type 'SupabaseClient<Database, "public", any>'.
  Type 'import("/Users/tanho/GitHub_non_cloud/withme.travel/types/.database.types").Database' is not assignable to type 'import("/Users/tanho/GitHub_non_cloud/withme.travel/types/database.types").Database'.
    The types of 'public.Tables' are incompatible between these types.
      Property 'places' is missing in type '{ ab_test_variants: { Row: { created_at: string | null; description: string | null; id: string; is_active: boolean | null; name: string; study_id: string; updated_at: string | null; weight: number | null; }; Insert: { ...; }; Update: { ...; }; Relationships: []; }; ... 112 more ...; votes: { ...; }; }' but required in type '{ trips: { Row: { id: string; name: string; description: string | null; start_date: string | null; end_date: string | null; created_by: string; created_at: string; updated_at: string | null; ... 10 more ...; view_count: number | null; }; Insert: { ...; }; Update: { ...; }; }; places: { ...; }; }'.
app/api/trips/[tripId]/notes/[noteId]/tags/route.ts(4,15): error TS2305: Module '"@/utils/constants/database"' has no exported member 'Database'.
app/api/trips/[tripId]/notes/route.ts(5,10): error TS2305: Module '"@/utils/api-response"' has no exported member 'createAPIResponse'.
app/api/trips/[tripId]/notes/route.ts(6,10): error TS2724: '"@/utils/api-error"' has no exported member named 'createErrorResponse'. Did you mean 'ApiErrorResponse'?
app/api/trips/[tripId]/notes/route.ts(7,10): error TS2614: Module '"@/utils/*"' has no exported member 'auth'. Did you mean to use 'import auth from "@/utils/*"' instead?
app/api/trips/[tripId]/notes/route.ts(8,10): error TS2614: Module '"@/utils/*"' has no exported member 'canViewTrip'. Did you mean to use 'import canViewTrip from "@/utils/*"' instead?
app/api/trips/[tripId]/notes/route.ts(9,10): error TS2305: Module '"@/utils/db"' has no exported member 'db'.
app/api/trips/[tripId]/notes/route.ts(70,15): error TS7006: Parameter 'notes' implicitly has an 'any' type.
app/api/trips/[tripId]/notes/route.ts(70,24): error TS7031: Binding element 'eq' implicitly has an 'any' type.
app/api/trips/[tripId]/notes/route.ts(70,28): error TS7031: Binding element 'and' implicitly has an 'any' type.
app/api/trips/[tripId]/notes/route.ts(168,15): error TS7006: Parameter 'notes' implicitly has an 'any' type.
app/api/trips/[tripId]/notes/route.ts(168,24): error TS7031: Binding element 'eq' implicitly has an 'any' type.
app/api/trips/[tripId]/notes/route.ts(168,28): error TS7031: Binding element 'and' implicitly has an 'any' type.
app/api/trips/[tripId]/notes/route.ts(250,15): error TS7006: Parameter 'notes' implicitly has an 'any' type.
app/api/trips/[tripId]/notes/route.ts(250,24): error TS7031: Binding element 'eq' implicitly has an 'any' type.
app/api/trips/[tripId]/notes/route.ts(250,28): error TS7031: Binding element 'and' implicitly has an 'any' type.
app/api/trips/[tripId]/notes/route.ts(306,17): error TS7031: Binding element 'and' implicitly has an 'any' type.
app/api/trips/[tripId]/notes/route.ts(306,22): error TS7031: Binding element 'eq' implicitly has an 'any' type.
app/api/trips/[tripId]/permissions/request/route.ts(101,20): error TS2322: Type '"owner"' is not assignable to type '"admin" | "editor" | "contributor" | "viewer"'.
app/api/trips/[tripId]/personal-notes/[noteId]/route.ts(2,10): error TS2614: Module '"@/utils/*"' has no exported member 'createAPIResponseWithoutHelper'. Did you mean to use 'import createAPIResponseWithoutHelper from "@/utils/*"' instead?
app/api/trips/[tripId]/personal-notes/[noteId]/route.ts(2,42): error TS2614: Module '"@/utils/*"' has no exported member 'ApiError'. Did you mean to use 'import ApiError from "@/utils/*"' instead?
app/api/trips/[tripId]/personal-notes/[noteId]/route.ts(3,10): error TS2305: Module '"@/utils/auth"' has no exported member 'requireAuth'.
app/api/trips/[tripId]/personal-notes/[noteId]/route.ts(4,10): error TS2305: Module '"@/utils/db"' has no exported member 'db'.
app/api/trips/[tripId]/personal-notes/[noteId]/route.ts(5,10): error TS2614: Module '"@/utils/*"' has no exported member 'eq'. Did you mean to use 'import eq from "@/utils/*"' instead?
app/api/trips/[tripId]/personal-notes/[noteId]/route.ts(5,14): error TS2614: Module '"@/utils/*"' has no exported member 'and'. Did you mean to use 'import and from "@/utils/*"' instead?
app/api/trips/[tripId]/personal-notes/[noteId]/route.ts(42,54): error TS18046: 'error' is of type 'unknown'.
app/api/trips/[tripId]/personal-notes/[noteId]/route.ts(42,81): error TS18046: 'error' is of type 'unknown'.
app/api/trips/[tripId]/personal-notes/[noteId]/route.ts(108,54): error TS18046: 'error' is of type 'unknown'.
app/api/trips/[tripId]/personal-notes/[noteId]/route.ts(108,81): error TS18046: 'error' is of type 'unknown'.
app/api/trips/[tripId]/personal-notes/[noteId]/route.ts(159,54): error TS18046: 'error' is of type 'unknown'.
app/api/trips/[tripId]/personal-notes/[noteId]/route.ts(159,81): error TS18046: 'error' is of type 'unknown'.
app/api/trips/[tripId]/personal-notes/route.ts(2,10): error TS2305: Module '"@/utils/api-response"' has no exported member 'createApiResponse'.
app/api/trips/[tripId]/personal-notes/route.ts(4,10): error TS2614: Module '"@/utils/*"' has no exported member 'auth'. Did you mean to use 'import auth from "@/utils/*"' instead?
app/api/trips/[tripId]/personal-notes/route.ts(5,10): error TS2614: Module '"@/utils/*"' has no exported member 'canEditTrip'. Did you mean to use 'import canEditTrip from "@/utils/*"' instead?
app/api/trips/[tripId]/personal-notes/route.ts(5,23): error TS2614: Module '"@/utils/*"' has no exported member 'canViewTrip'. Did you mean to use 'import canViewTrip from "@/utils/*"' instead?
app/api/trips/[tripId]/personal-notes/route.ts(6,10): error TS2305: Module '"@/utils/db"' has no exported member 'db'.
app/api/trips/[tripId]/personal-notes/route.ts(20,18): error TS2693: 'ApiErrorResponse' only refers to a type, but is being used as a value here.
app/api/trips/[tripId]/personal-notes/route.ts(26,18): error TS2693: 'ApiErrorResponse' only refers to a type, but is being used as a value here.
app/api/trips/[tripId]/personal-notes/route.ts(39,16): error TS2693: 'ApiErrorResponse' only refers to a type, but is being used as a value here.
app/api/trips/[tripId]/personal-notes/route.ts(53,18): error TS2693: 'ApiErrorResponse' only refers to a type, but is being used as a value here.
app/api/trips/[tripId]/personal-notes/route.ts(59,18): error TS2693: 'ApiErrorResponse' only refers to a type, but is being used as a value here.
app/api/trips/[tripId]/personal-notes/route.ts(67,18): error TS2693: 'ApiErrorResponse' only refers to a type, but is being used as a value here.
app/api/trips/[tripId]/personal-notes/route.ts(92,16): error TS2693: 'ApiErrorResponse' only refers to a type, but is being used as a value here.
app/api/trips/[tripId]/sections/reorder/route.ts(72,47): error TS2345: Argument of type 'TypedSupabaseClient' is not assignable to parameter of type 'SupabaseClient<Database, "public", any>'.
  Type 'import("/Users/tanho/GitHub_non_cloud/withme.travel/types/.database.types").Database' is not assignable to type 'import("/Users/tanho/GitHub_non_cloud/withme.travel/types/database.types").Database'.
    The types of 'public.Tables' are incompatible between these types.
      Property 'places' is missing in type '{ ab_test_variants: { Row: { created_at: string | null; description: string | null; id: string; is_active: boolean | null; name: string; study_id: string; updated_at: string | null; weight: number | null; }; Insert: { ...; }; Update: { ...; }; Relationships: []; }; ... 112 more ...; votes: { ...; }; }' but required in type '{ trips: { Row: { id: string; name: string; description: string | null; start_date: string | null; end_date: string | null; created_by: string; created_at: string; updated_at: string | null; ... 10 more ...; view_count: number | null; }; Insert: { ...; }; Update: { ...; }; }; places: { ...; }; }'.
app/api/trips/[tripId]/sections/reorder/route.ts(96,17): error TS2769: No overload matches this call.
  Overload 1 of 2, '(relation: "countries" | "expenses" | "currencies" | "tags" | "trips" | "votes" | "profiles" | "ab_test_variants" | "access_requests" | "albums" | "budget_items" | "cities" | "collaborative_notes" | ... 100 more ... | "validation_logs"): PostgrestQueryBuilder<...>', gave the following error.
    Argument of type 'string' is not assignable to parameter of type '"countries" | "expenses" | "currencies" | "tags" | "trips" | "votes" | "profiles" | "ab_test_variants" | "access_requests" | "albums" | "budget_items" | "cities" | "collaborative_notes" | ... 100 more ... | "validation_logs"'.
  Overload 2 of 2, '(relation: "admin_onboarding_analytics" | "discoverable_groups" | "geography_columns" | "geometry_columns" | "group_recent_activity" | "user_feature_preferences" | "user_groups" | "user_onboarding_status"): PostgrestQueryBuilder<...>', gave the following error.
    Argument of type 'string' is not assignable to parameter of type '"admin_onboarding_analytics" | "discoverable_groups" | "geography_columns" | "geometry_columns" | "group_recent_activity" | "user_feature_preferences" | "user_groups" | "user_onboarding_status"'.
app/api/trips/[tripId]/vote/[pollId]/cast/route.ts(47,13): error TS2769: No overload matches this call.
  Overload 1 of 2, '(relation: "countries" | "expenses" | "currencies" | "tags" | "trips" | "votes" | "profiles" | "ab_test_variants" | "access_requests" | "albums" | "budget_items" | "cities" | "collaborative_notes" | ... 100 more ... | "validation_logs"): PostgrestQueryBuilder<...>', gave the following error.
    Argument of type '"polls"' is not assignable to parameter of type '"countries" | "expenses" | "currencies" | "tags" | "trips" | "votes" | "profiles" | "ab_test_variants" | "access_requests" | "albums" | "budget_items" | "cities" | "collaborative_notes" | ... 100 more ... | "validation_logs"'.
  Overload 2 of 2, '(relation: "admin_onboarding_analytics" | "discoverable_groups" | "geography_columns" | "geometry_columns" | "group_recent_activity" | "user_feature_preferences" | "user_groups" | "user_onboarding_status"): PostgrestQueryBuilder<...>', gave the following error.
    Argument of type '"polls"' is not assignable to parameter of type '"admin_onboarding_analytics" | "discoverable_groups" | "geography_columns" | "geometry_columns" | "group_recent_activity" | "user_feature_preferences" | "user_groups" | "user_onboarding_status"'.
app/api/trips/[tripId]/vote/[pollId]/cast/route.ts(58,14): error TS2339: Property 'status' does not exist on type 'SelectQueryError<"column 'id' does not exist on 'countries'."> | SelectQueryError<"column 'id' does not exist on 'expenses'."> | ... 111 more ... | SelectQueryError<...>'.
  Property 'status' does not exist on type 'SelectQueryError<"column 'id' does not exist on 'countries'.">'.
app/api/trips/[tripId]/vote/[pollId]/cast/route.ts(63,14): error TS2339: Property 'max_votes_per_user' does not exist on type 'SelectQueryError<"column 'id' does not exist on 'countries'."> | SelectQueryError<"column 'id' does not exist on 'expenses'."> | ... 111 more ... | SelectQueryError<...>'.
  Property 'max_votes_per_user' does not exist on type 'SelectQueryError<"column 'id' does not exist on 'countries'.">'.
app/api/trips/[tripId]/vote/[pollId]/cast/route.ts(63,60): error TS2339: Property 'max_votes_per_user' does not exist on type 'SelectQueryError<"column 'id' does not exist on 'countries'."> | SelectQueryError<"column 'id' does not exist on 'expenses'."> | ... 111 more ... | SelectQueryError<...>'.
  Property 'max_votes_per_user' does not exist on type 'SelectQueryError<"column 'id' does not exist on 'countries'.">'.
app/api/trips/[tripId]/vote/[pollId]/cast/route.ts(66,61): error TS2339: Property 'max_votes_per_user' does not exist on type 'SelectQueryError<"column 'id' does not exist on 'countries'."> | SelectQueryError<"column 'id' does not exist on 'expenses'."> | ... 111 more ... | SelectQueryError<...>'.
  Property 'max_votes_per_user' does not exist on type 'SelectQueryError<"column 'id' does not exist on 'countries'.">'.
app/api/trips/[tripId]/vote/[pollId]/cast/route.ts(74,13): error TS2769: No overload matches this call.
  Overload 1 of 2, '(relation: "countries" | "expenses" | "currencies" | "tags" | "trips" | "votes" | "profiles" | "ab_test_variants" | "access_requests" | "albums" | "budget_items" | "cities" | "collaborative_notes" | ... 100 more ... | "validation_logs"): PostgrestQueryBuilder<...>', gave the following error.
    Argument of type '"poll_options"' is not assignable to parameter of type '"countries" | "expenses" | "currencies" | "tags" | "trips" | "votes" | "profiles" | "ab_test_variants" | "access_requests" | "albums" | "budget_items" | "cities" | "collaborative_notes" | ... 100 more ... | "validation_logs"'.
  Overload 2 of 2, '(relation: "admin_onboarding_analytics" | "discoverable_groups" | "geography_columns" | "geometry_columns" | "group_recent_activity" | "user_feature_preferences" | "user_groups" | "user_onboarding_status"): PostgrestQueryBuilder<...>', gave the following error.
    Argument of type '"poll_options"' is not assignable to parameter of type '"admin_onboarding_analytics" | "discoverable_groups" | "geography_columns" | "geometry_columns" | "group_recent_activity" | "user_feature_preferences" | "user_groups" | "user_onboarding_status"'.
app/api/trips/[tripId]/vote/[pollId]/cast/route.ts(90,13): error TS2769: No overload matches this call.
  Overload 1 of 2, '(relation: "countries" | "expenses" | "currencies" | "tags" | "trips" | "votes" | "profiles" | "ab_test_variants" | "access_requests" | "albums" | "budget_items" | "cities" | "collaborative_notes" | ... 100 more ... | "validation_logs"): PostgrestQueryBuilder<...>', gave the following error.
    Argument of type '"poll_votes"' is not assignable to parameter of type '"countries" | "expenses" | "currencies" | "tags" | "trips" | "votes" | "profiles" | "ab_test_variants" | "access_requests" | "albums" | "budget_items" | "cities" | "collaborative_notes" | ... 100 more ... | "validation_logs"'.
  Overload 2 of 2, '(relation: "admin_onboarding_analytics" | "discoverable_groups" | "geography_columns" | "geometry_columns" | "group_recent_activity" | "user_feature_preferences" | "user_groups" | "user_onboarding_status"): PostgrestQueryBuilder<...>', gave the following error.
    Argument of type '"poll_votes"' is not assignable to parameter of type '"admin_onboarding_analytics" | "discoverable_groups" | "geography_columns" | "geometry_columns" | "group_recent_activity" | "user_feature_preferences" | "user_groups" | "user_onboarding_status"'.
app/api/trips/[tripId]/vote/[pollId]/cast/route.ts(106,56): error TS2769: No overload matches this call.
  Overload 1 of 2, '(relation: "countries" | "expenses" | "currencies" | "tags" | "trips" | "votes" | "profiles" | "ab_test_variants" | "access_requests" | "albums" | "budget_items" | "cities" | "collaborative_notes" | ... 100 more ... | "validation_logs"): PostgrestQueryBuilder<...>', gave the following error.
    Argument of type '"poll_votes"' is not assignable to parameter of type '"countries" | "expenses" | "currencies" | "tags" | "trips" | "votes" | "profiles" | "ab_test_variants" | "access_requests" | "albums" | "budget_items" | "cities" | "collaborative_notes" | ... 100 more ... | "validation_logs"'.
  Overload 2 of 2, '(relation: "admin_onboarding_analytics" | "discoverable_groups" | "geography_columns" | "geometry_columns" | "group_recent_activity" | "user_feature_preferences" | "user_groups" | "user_onboarding_status"): PostgrestQueryBuilder<...>', gave the following error.
    Argument of type '"poll_votes"' is not assignable to parameter of type '"admin_onboarding_analytics" | "discoverable_groups" | "geography_columns" | "geometry_columns" | "group_recent_activity" | "user_feature_preferences" | "user_groups" | "user_onboarding_status"'.
app/api/trips/[tripId]/vote/[pollId]/results/route.ts(125,77): error TS2339: Property 'id' does not exist on type 'SelectQueryError<"column 'text' does not exist on 'trip_vote_options'.">'.
app/api/trips/[tripId]/vote/[pollId]/results/route.ts(131,22): error TS2339: Property 'id' does not exist on type 'SelectQueryError<"column 'text' does not exist on 'trip_vote_options'.">'.
app/api/trips/[tripId]/vote/[pollId]/results/route.ts(132,24): error TS2339: Property 'text' does not exist on type 'SelectQueryError<"column 'text' does not exist on 'trip_vote_options'.">'.
app/api/trips/[tripId]/vote/[pollId]/route.ts(8,52): error TS2339: Property 'trip_vote_options' does not exist on type '{ trips: { Row: { id: string; name: string; description: string | null; start_date: string | null; end_date: string | null; created_by: string; created_at: string; updated_at: string | null; ... 10 more ...; view_count: number | null; }; Insert: { ...; }; Update: { ...; }; }; places: { ...; }; }'.
app/api/trips/associate-guest/route.ts(33,7): error TS2353: Object literal may only specify known properties, and 'sql_query' does not exist in type '{ query: string; }'.
app/api/trips/create-from-template/[templateId]/route.ts(162,90): error TS2769: No overload matches this call.
  Overload 1 of 2, '(values: { address?: string | null | undefined; attribution_metadata?: Json | undefined; attribution_type?: string | null | undefined; canonical_url?: string | null | undefined; ... 44 more ...; votes?: Json | undefined; }, options?: { ...; } | undefined): PostgrestFilterBuilder<...>', gave the following error.
    Argument of type '{ trip_id: string; day_number: any; title: any; description: any; location: any; category: any; start_time: any; end_time: any; duration_minutes: any; position: any; status: string; created_by: string; }[]' is not assignable to parameter of type '{ address?: string | null | undefined; attribution_metadata?: Json | undefined; attribution_type?: string | null | undefined; canonical_url?: string | null | undefined; category?: "Iconic Landmarks" | ... 15 more ... | undefined; ... 43 more ...; votes?: Json | undefined; }'.
      Property 'title' is missing in type '{ trip_id: string; day_number: any; title: any; description: any; location: any; category: any; start_time: any; end_time: any; duration_minutes: any; position: any; status: string; created_by: string; }[]' but required in type '{ address?: string | null | undefined; attribution_metadata?: Json | undefined; attribution_type?: string | null | undefined; canonical_url?: string | null | undefined; category?: "Iconic Landmarks" | ... 15 more ... | undefined; ... 43 more ...; votes?: Json | undefined; }'.
  Overload 2 of 2, '(values: { address?: string | null | undefined; attribution_metadata?: Json | undefined; attribution_type?: string | null | undefined; canonical_url?: string | null | undefined; ... 44 more ...; votes?: Json | undefined; }[], options?: { ...; } | undefined): PostgrestFilterBuilder<...>', gave the following error.
    Argument of type '{ trip_id: string; day_number: any; title: any; description: any; location: any; category: any; start_time: any; end_time: any; duration_minutes: any; position: any; status: string; created_by: string; }[]' is not assignable to parameter of type '{ address?: string | null | undefined; attribution_metadata?: Json | undefined; attribution_type?: string | null | undefined; canonical_url?: string | null | undefined; category?: "Iconic Landmarks" | ... 15 more ... | undefined; ... 43 more ...; votes?: Json | undefined; }[]'.
      Type '{ trip_id: string; day_number: any; title: any; description: any; location: any; category: any; start_time: any; end_time: any; duration_minutes: any; position: any; status: string; created_by: string; }' is not assignable to type '{ address?: string | null | undefined; attribution_metadata?: Json | undefined; attribution_type?: string | null | undefined; canonical_url?: string | null | undefined; category?: "Iconic Landmarks" | ... 15 more ... | undefined; ... 43 more ...; votes?: Json | undefined; }'.
        Types of property 'status' are incompatible.
          Type 'string' is not assignable to type '"suggested" | "confirmed" | "rejected" | null | undefined'.
app/api/trips/create-guest/route.ts(420,40): error TS2339: Property 'ACCOMMODATIONS' does not exist on type '{ readonly CAFES: "Cafes"; readonly CULTURAL: "Cultural"; readonly ENTERTAINMENT: "Entertainment"; readonly ICONICLANDMARKS: "IconicLandmarks"; readonly MUSEUMS: "Museums"; readonly NIGHTLIFE: "Nightlife"; ... 5 more ...; readonly TOURS: "Tours"; }'.
app/api/trips/create-guest/route.ts(428,40): error TS2339: Property 'TRANSPORTATION' does not exist on type '{ readonly CAFES: "Cafes"; readonly CULTURAL: "Cultural"; readonly ENTERTAINMENT: "Entertainment"; readonly ICONICLANDMARKS: "IconicLandmarks"; readonly MUSEUMS: "Museums"; readonly NIGHTLIFE: "Nightlife"; ... 5 more ...; readonly TOURS: "Tours"; }'.
app/api/trips/create-guest/route.ts(436,40): error TS2551: Property 'ICONIC_LANDMARKS' does not exist on type '{ readonly CAFES: "Cafes"; readonly CULTURAL: "Cultural"; readonly ENTERTAINMENT: "Entertainment"; readonly ICONICLANDMARKS: "IconicLandmarks"; readonly MUSEUMS: "Museums"; readonly NIGHTLIFE: "Nightlife"; ... 5 more ...; readonly TOURS: "Tours"; }'. Did you mean 'ICONICLANDMARKS'?
app/api/trips/create-guest/route.ts(444,40): error TS2339: Property 'FOOD_AND_DRINK' does not exist on type '{ readonly CAFES: "Cafes"; readonly CULTURAL: "Cultural"; readonly ENTERTAINMENT: "Entertainment"; readonly ICONICLANDMARKS: "IconicLandmarks"; readonly MUSEUMS: "Museums"; readonly NIGHTLIFE: "Nightlife"; ... 5 more ...; readonly TOURS: "Tours"; }'.
app/api/trips/create-with-defaults/route.ts(169,40): error TS2339: Property 'ACCOMMODATIONS' does not exist on type '{ readonly CAFES: "Cafes"; readonly CULTURAL: "Cultural"; readonly ENTERTAINMENT: "Entertainment"; readonly ICONICLANDMARKS: "IconicLandmarks"; readonly MUSEUMS: "Museums"; readonly NIGHTLIFE: "Nightlife"; ... 5 more ...; readonly TOURS: "Tours"; }'.
app/api/trips/create-with-defaults/route.ts(178,40): error TS2339: Property 'TRANSPORTATION' does not exist on type '{ readonly CAFES: "Cafes"; readonly CULTURAL: "Cultural"; readonly ENTERTAINMENT: "Entertainment"; readonly ICONICLANDMARKS: "IconicLandmarks"; readonly MUSEUMS: "Museums"; readonly NIGHTLIFE: "Nightlife"; ... 5 more ...; readonly TOURS: "Tours"; }'.
app/api/trips/guest-trips/route.ts(17,59): error TS2345: Argument of type '"get_guest_trips"' is not assignable to parameter of type '"path" | "polygon" | "text" | "geometry" | "_postgis_deprecate" | "_postgis_index_extent" | "_postgis_pgsql_version" | "_postgis_scripts_pgsql_version" | "_postgis_selectivity" | ... 487 more ... | "validate_itinerary"'.
app/api/trips/guest-trips/route.ts(26,9): error TS2353: Object literal may only specify known properties, and 'sql_query' does not exist in type '{ query: string; }'.
app/api/trips/members/route.ts(3,10): error TS2305: Module '"@/utils/constants/tables"' has no exported member 'TABLE_NAMES'.
app/api/trips/route.ts(10,10): error TS2614: Module '"@/utils/*"' has no exported member 'GROUP_FIELDS'. Did you mean to use 'import GROUP_FIELDS from "@/utils/*"' instead?
app/api/trips/route.ts(12,10): error TS2305: Module '"@/utils/constants/database.types"' has no exported member 'DATABASE_TYPES'.
app/api/trips/route.ts(15,15): error TS2305: Module '"@/utils/constants/database"' has no exported member 'Database'.
app/auth/signin/page.tsx(43,16): error TS2322: Type '{ children: Element[]; variant: string; className: string; }' is not assignable to type 'IntrinsicAttributes & AlertProps'.
  Property 'variant' does not exist on type 'IntrinsicAttributes & AlertProps'.
app/auth/signin/page.tsx(66,18): error TS2322: Type 'string' is not assignable to type 'number'.
app/auth/signin/page.tsx(76,20): error TS2322: Type 'string' is not assignable to type 'number'.
app/components/feedback/analytics/UserResponseSummary.tsx(432,15): error TS2322: Type '{ children: Element[]; type: string; collapsible: true; value: string; onValueChange: Dispatch<SetStateAction<string | null>>; className: string; }' is not assignable to type 'IntrinsicAttributes & AccordionProps'.
  Property 'type' does not exist on type 'IntrinsicAttributes & AccordionProps'.
app/components/feedback/analytics/UserResponseSummary.tsx(440,37): error TS2322: Type '{ children: string; className: string; }' is not assignable to type 'IntrinsicAttributes & AccordionTriggerProps'.
  Property 'className' does not exist on type 'IntrinsicAttributes & AccordionTriggerProps'.
app/components/feedback/FeedbackDialog.tsx(6,10): error TS2724: '"@/lib/hooks/use-toast"' has no exported member named 'toast'. Did you mean 'Toast'?
app/components/feedback/FeedbackForm.tsx(271,15): error TS2322: Type '{ children: any; value: any; onValueChange: (value: string) => void; defaultValue: any; }' is not assignable to type 'IntrinsicAttributes & RadioGroupProps'.
  Property 'onValueChange' does not exist on type 'IntrinsicAttributes & RadioGroupProps'.
app/components/LogisticsManager.tsx(4,55): error TS2307: Cannot find module '@/hooks/use-logistics' or its corresponding type declarations.
app/components/providers.tsx(5,31): error TS2307: Cannot find module '@/components/theme-provider' or its corresponding type declarations.
app/components/TodoList.tsx(146,19): error TS2322: Type '{ checked: boolean; onCheckedChange: () => Promise<void>; disabled: boolean; className: string; }' is not assignable to type 'IntrinsicAttributes & CheckboxProps'.
  Property 'onCheckedChange' does not exist on type 'IntrinsicAttributes & CheckboxProps'.
app/continents/[name]/client-wrapper.tsx(5,37): error TS2307: Cannot find module '@/hooks/use-destination-stats' or its corresponding type declarations.
app/continents/continent-disabled/page.tsx(18,28): error TS2307: Cannot find module '@/components/page-header' or its corresponding type declarations.
app/continents/continent-disabled/page.tsx(19,33): error TS2307: Cannot find module '@/components/destination-card' or its corresponding type declarations.
app/continents/continent-disabled/page.tsx(23,27): error TS2307: Cannot find module '@/components/container' or its corresponding type declarations.
app/continents/page.tsx(7,28): error TS2307: Cannot find module '@/components/page-header' or its corresponding type declarations.
app/continents/page.tsx(8,27): error TS2307: Cannot find module '@/components/container' or its corresponding type declarations.
app/debug/system-status/page.tsx(25,10): error TS2614: Module '"@/utils/guest"' has no exported member 'clientGuestUtils'. Did you mean to use 'import clientGuestUtils from "@/utils/guest"' instead?
app/design-sandbox.tsx(4,27): error TS2307: Cannot find module '@/components/container' or its corresponding type declarations.
app/design-sandbox.tsx(28,28): error TS2307: Cannot find module '@/components/like-button' or its corresponding type declarations.
app/design-sandbox.tsx(43,72): error TS2322: Type '{ children: string; value: string; onClick: () => void; variant: string; }' is not assignable to type 'IntrinsicAttributes & Omit<TabsTriggerProps & RefAttributes<HTMLButtonElement>, "ref"> & RefAttributes<...>'.
  Property 'variant' does not exist on type 'IntrinsicAttributes & Omit<TabsTriggerProps & RefAttributes<HTMLButtonElement>, "ref"> & RefAttributes<...>'.
app/design-sandbox.tsx(46,78): error TS2322: Type '{ children: string; value: string; onClick: () => void; variant: string; }' is not assignable to type 'IntrinsicAttributes & Omit<TabsTriggerProps & RefAttributes<HTMLButtonElement>, "ref"> & RefAttributes<...>'.
  Property 'variant' does not exist on type 'IntrinsicAttributes & Omit<TabsTriggerProps & RefAttributes<HTMLButtonElement>, "ref"> & RefAttributes<...>'.
app/design-sandbox.tsx(49,78): error TS2322: Type '{ children: string; value: string; onClick: () => void; variant: string; }' is not assignable to type 'IntrinsicAttributes & Omit<TabsTriggerProps & RefAttributes<HTMLButtonElement>, "ref"> & RefAttributes<...>'.
  Property 'variant' does not exist on type 'IntrinsicAttributes & Omit<TabsTriggerProps & RefAttributes<HTMLButtonElement>, "ref"> & RefAttributes<...>'.
app/design-sandbox.tsx(55,15): error TS2322: Type '{ children: string; value: string; onClick: () => void; variant: string; }' is not assignable to type 'IntrinsicAttributes & Omit<TabsTriggerProps & RefAttributes<HTMLButtonElement>, "ref"> & RefAttributes<...>'.
  Property 'variant' does not exist on type 'IntrinsicAttributes & Omit<TabsTriggerProps & RefAttributes<HTMLButtonElement>, "ref"> & RefAttributes<...>'.
app/design-sandbox.tsx(200,26): error TS2322: Type '{ children: Element[]; type: string; collapsible: true; className: string; }' is not assignable to type 'IntrinsicAttributes & AccordionProps'.
  Property 'type' does not exist on type 'IntrinsicAttributes & AccordionProps'.
app/design-sandbox.tsx(232,24): error TS2322: Type '{ children: Element[]; variant: string; }' is not assignable to type 'IntrinsicAttributes & AlertProps'.
  Property 'variant' does not exist on type 'IntrinsicAttributes & AlertProps'.
app/design-sandbox/design-sandbox-client.tsx(15,22): error TS2307: Cannot find module '@/components/Todo' or its corresponding type declarations.
app/design-sandbox/design-sandbox-client.tsx(49,3): error TS2305: Module '"@/components/ui/table"' has no exported member 'TableCaption'.
app/design-sandbox/design-sandbox-client.tsx(70,33): error TS2307: Cannot find module '@/components/trips/ShareTripButton' or its corresponding type declarations.
app/design-sandbox/design-sandbox-client.tsx(71,33): error TS2307: Cannot find module '@/components/destination-card' or its corresponding type declarations.
app/design-sandbox/design-sandbox-client.tsx(72,29): error TS2307: Cannot find module '@/components/city-bubbles' or its corresponding type declarations.
app/design-sandbox/design-sandbox-client.tsx(73,28): error TS2307: Cannot find module '@/components/empty-trips' or its corresponding type declarations.
app/design-sandbox/design-sandbox-client.tsx(74,26): error TS2307: Cannot find module '@/components/trips/trip-card' or its corresponding type declarations.
app/design-sandbox/design-sandbox-client.tsx(75,34): error TS2307: Cannot find module '@/components/ui/features/trips/activity-timeline' or its corresponding type declarations.
app/design-sandbox/design-sandbox-client.tsx(76,28): error TS2307: Cannot find module '@/components/trips/TripVoting' or its corresponding type declarations.
app/design-sandbox/design-sandbox-client.tsx(77,31): error TS2307: Cannot find module '@/components/features/trips/PlaylistEmbed' or its corresponding type declarations.
app/design-sandbox/design-sandbox-client.tsx(78,28): error TS2307: Cannot find module '@/components/like-button' or its corresponding type declarations.
app/design-sandbox/design-sandbox-client.tsx(79,32): error TS2307: Cannot find module '@/components/location-search' or its corresponding type declarations.
app/design-sandbox/design-sandbox-client.tsx(80,28): error TS2307: Cannot find module '@/components/page-header' or its corresponding type declarations.
app/design-sandbox/design-sandbox-client.tsx(130,33): error TS2339: Property 'APPROVED' does not exist on type '{ readonly ACCEPTED: "accepted"; readonly PENDING: "pending"; readonly REJECTED: "rejected"; }'.
app/design-sandbox/design-sandbox-client.tsx(417,37): error TS2322: Type '{ children: Element[]; defaultValue: string; }' is not assignable to type 'IntrinsicAttributes & RadioGroupProps'.
  Property 'defaultValue' does not exist on type 'IntrinsicAttributes & RadioGroupProps'.
app/design-sandbox/design-sandbox-client.tsx(441,44): error TS2322: Type 'number' is not assignable to type 'string'.
app/design-sandbox/design-sandbox-client.tsx(520,30): error TS2322: Type '{ children: Element[]; variant: string; }' is not assignable to type 'IntrinsicAttributes & AlertProps'.
  Property 'variant' does not exist on type 'IntrinsicAttributes & AlertProps'.
app/design-sandbox/design-sandbox-client.tsx(571,34): error TS2322: Type '{ children: Element[]; type: string; collapsible: true; className: string; }' is not assignable to type 'IntrinsicAttributes & AccordionProps'.
  Property 'type' does not exist on type 'IntrinsicAttributes & AccordionProps'.
app/design-sandbox/design-sandbox-client.tsx(1074,34): error TS7006: Parameter 'optionId' implicitly has an 'any' type.
app/destinations/[slug]/destination-client-page.tsx(325,29): error TS2339: Property 'name' does not exist on type 'User'.
app/destinations/[slug]/page.tsx(10,35): error TS2307: Cannot find module '@/components/destinations/organisms/DestinationDetail' or its corresponding type declarations.
app/destinations/[slug]/page.tsx(11,37): error TS2307: Cannot find module '@/components/destinations/templates/PopularDestinations' or its corresponding type declarations.
app/destinations/[slug]/page.tsx(69,28): error TS2339: Property 'cover_image_url' does not exist on type 'Destination'.
app/destinations/[slug]/page.tsx(71,30): error TS2339: Property 'highlights' does not exist on type 'Destination'.
app/destinations/[slug]/page.tsx(72,24): error TS2339: Property 'emoji' does not exist on type 'Destination'.
app/destinations/[slug]/page.tsx(73,30): error TS2339: Property 'best_season' does not exist on type 'Destination'.
app/destinations/[slug]/page.tsx(74,33): error TS2339: Property 'cuisine_rating' does not exist on type 'Destination'.
app/destinations/[slug]/page.tsx(75,35): error TS2339: Property 'nightlife_rating' does not exist on type 'Destination'.
app/destinations/[slug]/page.tsx(76,39): error TS2339: Property 'cultural_attractions' does not exist on type 'Destination'.
app/destinations/[slug]/page.tsx(77,37): error TS2339: Property 'outdoor_activities' does not exist on type 'Destination'.
app/destinations/[slug]/page.tsx(78,32): error TS2339: Property 'beach_quality' does not exist on type 'Destination'.
app/destinations/[slug]/page.tsx(79,35): error TS2339: Property 'avg_cost_per_day' does not exist on type 'Destination'.
app/destinations/[slug]/page.tsx(80,32): error TS2339: Property 'safety_rating' does not exist on type 'Destination'.
app/destinations/[slug]/page.tsx(81,33): error TS2339: Property 'image_metadata' does not exist on type 'Destination'.
app/destinations/components/DestinationsCarousel.tsx(11,8): error TS2307: Cannot find module '@/components/ui/carousel' or its corresponding type declarations.
app/destinations/components/DestinationsCarousel.tsx(12,33): error TS2307: Cannot find module '@/components/destination-card' or its corresponding type declarations.
app/destinations/destinations-client.tsx(7,33): error TS2307: Cannot find module '@/components/destinations/molecules/DestinationCard' or its corresponding type declarations.
app/destinations/page.tsx(9,33): error TS2307: Cannot find module '@/components/destinations/organisms/DestinationGrid' or its corresponding type declarations.
app/destinations/page.tsx(28,12): error TS2322: Type '{ children: Element[]; variant: string; className: string; }' is not assignable to type 'IntrinsicAttributes & AlertProps'.
  Property 'variant' does not exist on type 'IntrinsicAttributes & AlertProps'.
app/disabled-routes/countries/[name]/client-wrapper.tsx(5,37): error TS2307: Cannot find module '@/hooks/use-destination-stats' or its corresponding type declarations.
app/disabled-routes/countries/country-disabled/CountryPageClient.tsx(9,28): error TS2307: Cannot find module '@/components/page-header' or its corresponding type declarations.
app/disabled-routes/countries/country-disabled/CountryPageClient.tsx(10,33): error TS2307: Cannot find module '@/components/destination-card' or its corresponding type declarations.
app/disabled-routes/countries/country-disabled/CountryPageClient.tsx(21,8): error TS2307: Cannot find module '@/components/ui/breadcrumb' or its corresponding type declarations.
app/disabled-routes/countries/page.tsx(5,28): error TS2307: Cannot find module '@/components/page-header' or its corresponding type declarations.
app/groups/[id]/ideas-summary/ideas-summary-client.tsx(15,26): error TS2307: Cannot find module '@/hooks/use-votes' or its corresponding type declarations.
app/groups/[id]/ideas-summary/page.tsx(29,7): error TS2339: Property 'data' does not exist on type 'Number'.
app/groups/[id]/ideas-summary/page.tsx(30,29): error TS2339: Property 'get' does not exist on type 'SupabaseAuthClient'.
app/groups/[id]/ideas-summary/page.tsx(30,33): error TS2552: Cannot find name 'ser'. Did you mean 'user'?
app/groups/[id]/plans/[slug]/add-idea-modal.tsx(209,19): error TS2322: Type '{ date: { from: Date | null; to: Date | null; }; setDate: Dispatch<SetStateAction<{ from: Date | null; to: Date | null; }>>; placeholder: string; }' is not assignable to type 'IntrinsicAttributes & DatePickerProps'.
  Property 'date' does not exist on type 'IntrinsicAttributes & DatePickerProps'.
app/groups/[id]/plans/[slug]/collaborator-cursors.tsx(6,25): error TS2307: Cannot find module '@/components/auth-provider' or its corresponding type declarations.
app/groups/[id]/plans/[slug]/components/ConvertToTripModal.tsx(116,17): error TS2322: Type '{ id: string; checked: boolean; onCheckedChange: (checked: any) => void; }' is not assignable to type 'IntrinsicAttributes & CheckboxProps'.
  Property 'onCheckedChange' does not exist on type 'IntrinsicAttributes & CheckboxProps'.
app/groups/[id]/plans/[slug]/components/ConvertToTripModal.tsx(116,35): error TS7006: Parameter 'checked' implicitly has an 'any' type.
app/groups/[id]/plans/[slug]/components/ideas-filter.tsx(196,21): error TS2322: Type '{ id: string; checked: boolean; onCheckedChange: () => void; }' is not assignable to type 'IntrinsicAttributes & CheckboxProps'.
  Property 'onCheckedChange' does not exist on type 'IntrinsicAttributes & CheckboxProps'.
app/groups/[id]/plans/[slug]/components/ideas-filter.tsx(217,15): error TS2322: Type '{ children: Element[]; value: "created" | "votes" | "alphabetical"; onValueChange: (value: any) => void; className: string; }' is not assignable to type 'IntrinsicAttributes & RadioGroupProps'.
  Property 'onValueChange' does not exist on type 'IntrinsicAttributes & RadioGroupProps'.
app/groups/[id]/plans/[slug]/components/ideas-filter.tsx(217,31): error TS7006: Parameter 'value' implicitly has an 'any' type.
app/groups/[id]/plans/[slug]/components/ideas-filter.tsx(254,15): error TS2322: Type '{ children: Element[]; value: "desc" | "asc"; onValueChange: (value: any) => void; className: string; }' is not assignable to type 'IntrinsicAttributes & RadioGroupProps'.
  Property 'onValueChange' does not exist on type 'IntrinsicAttributes & RadioGroupProps'.
app/groups/[id]/plans/[slug]/components/ideas-filter.tsx(254,31): error TS7006: Parameter 'value' implicitly has an 'any' type.
app/groups/[id]/plans/[slug]/components/ideas-filter.tsx(290,17): error TS2322: Type '{ id: string; checked: boolean; onCheckedChange: (checked: any) => void; }' is not assignable to type 'IntrinsicAttributes & CheckboxProps'.
  Property 'onCheckedChange' does not exist on type 'IntrinsicAttributes & CheckboxProps'.
app/groups/[id]/plans/[slug]/components/ideas-filter.tsx(290,35): error TS7006: Parameter 'checked' implicitly has an 'any' type.
app/groups/[id]/plans/[slug]/edit-idea-dialog.tsx(21,10): error TS2724: '"@/lib/hooks/use-toast"' has no exported member named 'toast'. Did you mean 'Toast'?
app/groups/[id]/plans/[slug]/edit-idea-dialog.tsx(193,19): error TS2322: Type '{ date: DateRange; setDate: Dispatch<SetStateAction<DateRange>>; placeholder: string; }' is not assignable to type 'IntrinsicAttributes & DatePickerProps'.
  Property 'date' does not exist on type 'IntrinsicAttributes & DatePickerProps'.
app/groups/[id]/plans/[slug]/idea-board.tsx(24,26): error TS2307: Cannot find module '@/hooks/use-votes' or its corresponding type declarations.
app/groups/[id]/plans/[slug]/idea-board.tsx(25,31): error TS2307: Cannot find module '@/hooks/use-group-ideas' or its corresponding type declarations.
app/groups/[id]/plans/[slug]/idea-card.tsx(275,50): error TS2322: Type '{ children: Element[]; align: "end"; sideOffset: number; className: string; }' is not assignable to type 'IntrinsicAttributes & DropdownMenuContentProps'.
  Property 'sideOffset' does not exist on type 'IntrinsicAttributes & DropdownMenuContentProps'.
app/groups/[id]/plans/[slug]/ideas-client.tsx(7,25): error TS2307: Cannot find module '@/components/auth-provider' or its corresponding type declarations.
app/groups/[id]/plans/[slug]/ideas-whiteboard.tsx(54,22): error TS2307: Cannot find module '@/components/logo' or its corresponding type declarations.
app/groups/[id]/plans/[slug]/ideas-whiteboard.tsx(59,8): error TS2307: Cannot find module '@/components/KeyboardShortcutsBar' or its corresponding type declarations.
app/groups/[id]/plans/[slug]/ideas-whiteboard.tsx(61,29): error TS2307: Cannot find module '@/components/ThemeToggle' or its corresponding type declarations.
app/groups/[id]/plans/[slug]/ideas-whiteboard.tsx(62,29): error TS2307: Cannot find module '@/components/AvatarGroup' or its corresponding type declarations.
app/groups/[id]/plans/[slug]/page.tsx(40,7): error TS2322: Type '{ group: any; plan: any; ideas: any; isAuthenticated: boolean; guestToken: any; }' is not assignable to type 'IntrinsicAttributes & PlansClientProps'.
  Property 'group' does not exist on type 'IntrinsicAttributes & PlansClientProps'. Did you mean 'groupId'?
app/groups/[id]/plans/[slug]/plan-ideas-client.tsx(9,10): error TS2724: '"@/lib/hooks/use-toast"' has no exported member named 'toast'. Did you mean 'Toast'?
app/groups/[id]/plans/[slug]/plan-ideas-client.tsx(49,31): error TS2307: Cannot find module '@/hooks/use-group-ideas' or its corresponding type declarations.
app/groups/[id]/plans/[slug]/plan-ideas-client.tsx(311,32): error TS2322: Type '{ children: Element[]; open: boolean; onOpenChange: Dispatch<SetStateAction<boolean>>; }' is not assignable to type 'IntrinsicAttributes & AlertDialogProps'.
  Property 'onOpenChange' does not exist on type 'IntrinsicAttributes & AlertDialogProps'.
app/groups/[id]/plans/[slug]/plan-ideas-client.tsx(312,27): error TS2322: Type '{ children: ReactNode; asChild: true; }' is not assignable to type 'IntrinsicAttributes & AlertDialogTriggerProps'.
  Property 'asChild' does not exist on type 'IntrinsicAttributes & AlertDialogTriggerProps'.
app/groups/[id]/plans/[slug]/plans-client.tsx(14,25): error TS2307: Cannot find module '@/components/ui/Heading' or its corresponding type declarations.
app/groups/[id]/plans/[slug]/plans-client.tsx(16,38): error TS2307: Cannot find module '@/components/ui/VoteAndDecideSection' or its corresponding type declarations.
app/groups/[id]/plans/[slug]/plans-client.tsx(226,12): error TS2741: Property 'currentUserId' is missing in type '{ groupId: string; planSlug: string; groupName: string; "current-serId": string; }' but required in type 'VotingClientProps'.
app/groups/[id]/plans/[slug]/ready-for-voting-modal.tsx(31,25): error TS2307: Cannot find module '@/components/auth-provider' or its corresponding type declarations.
app/groups/[id]/plans/[slug]/vote/page.tsx(33,5): error TS2339: Property 'data' does not exist on type 'Number'.
app/groups/[id]/plans/[slug]/vote/page.tsx(34,5): error TS2339: Property 'error' does not exist on type 'Number'.
app/groups/[id]/plans/[slug]/vote/page.tsx(35,27): error TS2339: Property 'get' does not exist on type 'SupabaseAuthClient'.
app/groups/[id]/plans/[slug]/vote/page.tsx(35,31): error TS2552: Cannot find name 'ser'. Did you mean 'user'?
app/groups/[id]/plans/[slug]/vote/page.tsx(100,6): error TS2741: Property 'currentUserId' is missing in type '{ groupId: string; groupName: string; initialIdeas: Idea[]; members: { id: any; user_id: any; profiles: { email: any; full_name: any; avatar_url: any; }; }[]; "current-serId": any; }' but required in type 'VotingClientProps'.
app/groups/[id]/plans/[slug]/vote/voting-client.tsx(29,26): error TS2307: Cannot find module '@/hooks/use-votes' or its corresponding type declarations.
app/groups/[id]/plans/[slug]/voting-client.tsx(30,37): error TS2307: Cannot find module '@/hooks/use-research-tracking' or its corresponding type declarations.
app/groups/[id]/plans/[slug]/voting-client.tsx(31,26): error TS2307: Cannot find module '@/hooks/use-votes' or its corresponding type declarations.
app/groups/[id]/plans/page.tsx(33,7): error TS2322: Type '{ group: any; plans: any; isAuthenticated: boolean; guestToken: any; }' is not assignable to type 'IntrinsicAttributes & PlansClientProps'.
  Property 'group' does not exist on type 'IntrinsicAttributes & PlansClientProps'. Did you mean 'groupId'?
app/groups/[id]/plans/plans-client.stories.tsx(63,33): error TS2322: Type '{ groupId: string; groupName: string; groupEmoji: string; isAdmin: boolean; userId: string; isGuest: boolean; initialPlans: { id: string; group_id: string; slug: string; name: string; description: string; ... 8 more ...; creator: { ...; }; }[]; }' is not assignable to type 'Partial<PlansClientProps>'.
  Types of property 'initialPlans' are incompatible.
    Type '{ id: string; group_id: string; slug: string; name: string; description: string; is_archived: boolean; created_by: string; created_at: string; updated_at: string; ideas_count: number; voting: boolean; completed: boolean; trip_id: undefined; creator: { ...; }; }[]' is not assignable to type 'GroupPlan[]'.
      Property 'title' is missing in type '{ id: string; group_id: string; slug: string; name: string; description: string; is_archived: boolean; created_by: string; created_at: string; updated_at: string; ideas_count: number; voting: boolean; completed: boolean; trip_id: undefined; creator: { ...; }; }' but required in type 'GroupPlan'.
app/groups/[id]/plans/plans-client.stories.tsx(65,3): error TS2322: Type '{ groupId: string; groupName: string; groupEmoji: string; isAdmin: boolean; userId: string; isGuest: boolean; initialPlans: { id: string; group_id: string; slug: string; name: string; description: string; ... 8 more ...; creator: { ...; }; }[]; }' is not assignable to type 'Partial<PlansClientProps>'.
  Types of property 'initialPlans' are incompatible.
    Type '{ id: string; group_id: string; slug: string; name: string; description: string; is_archived: boolean; created_by: string; created_at: string; updated_at: string; ideas_count: number; voting: boolean; completed: boolean; trip_id: undefined; creator: { ...; }; }[]' is not assignable to type 'GroupPlan[]'.
      Property 'title' is missing in type '{ id: string; group_id: string; slug: string; name: string; description: string; is_archived: boolean; created_by: string; created_at: string; updated_at: string; ideas_count: number; voting: boolean; completed: boolean; trip_id: undefined; creator: { ...; }; }' but required in type 'GroupPlan'.
app/groups/[id]/plans/plans-client.stories.tsx(69,3): error TS2322: Type '{ groupId: string; groupName: string; groupEmoji: string; isAdmin: boolean; userId: string; isGuest: boolean; initialPlans: { id: string; group_id: string; slug: string; name: string; description: string; ... 8 more ...; creator: { ...; }; }[]; }' is not assignable to type 'Partial<PlansClientProps>'.
  Types of property 'initialPlans' are incompatible.
    Type '{ id: string; group_id: string; slug: string; name: string; description: string; is_archived: boolean; created_by: string; created_at: string; updated_at: string; ideas_count: number; voting: boolean; completed: boolean; trip_id: undefined; creator: { ...; }; }[]' is not assignable to type 'GroupPlan[]'.
      Property 'title' is missing in type '{ id: string; group_id: string; slug: string; name: string; description: string; is_archived: boolean; created_by: string; created_at: string; updated_at: string; ideas_count: number; voting: boolean; completed: boolean; trip_id: undefined; creator: { ...; }; }' but required in type 'GroupPlan'.
app/groups/[id]/plans/plans-client.tsx(25,10): error TS2724: '"@/lib/hooks/use-toast"' has no exported member named 'toast'. Did you mean 'Toast'?
app/groups/[id]/plans/plans-client.tsx(32,31): error TS2307: Cannot find module '@/hooks/use-group-plans' or its corresponding type declarations.
app/groups/[id]/plans/plans-client.tsx(232,21): error TS7006: Parameter 'plan' implicitly has an 'any' type.
app/groups/components/create-group-form.tsx(23,11): error TS2339: Property 'addGroup' does not exist on type '{ groups: Group[]; isLoading: boolean; error: string | null; refresh: () => Promise<void>; createGroup: (data: CreateGroupData) => Promise<{ success: boolean; groupId: string; error?: undefined; } | { ...; }>; updateGroup: (groupId: string, data: UpdateGroupData) => Promise<...>; deleteGroup: (groupId: string) => Pr...'.
app/groups/components/create-group-form.tsx(23,34): error TS2345: Argument of type 'boolean' is not assignable to parameter of type 'string'.
app/groups/components/create-group-modal.tsx(41,11): error TS2339: Property 'addGroup' does not exist on type '{ groups: Group[]; isLoading: boolean; error: string | null; refresh: () => Promise<void>; createGroup: (data: CreateGroupData) => Promise<{ success: boolean; groupId: string; error?: undefined; } | { ...; }>; updateGroup: (groupId: string, data: UpdateGroupData) => Promise<...>; deleteGroup: (groupId: string) => Pr...'.
app/groups/components/group-settings-modal.tsx(77,21): error TS2345: Argument of type 'string' is not assignable to parameter of type 'SetStateAction<"public" | "private" | "unlisted">'.
app/groups/components/group-settings-modal.tsx(95,21): error TS2345: Argument of type 'string' is not assignable to parameter of type 'SetStateAction<"public" | "private" | "unlisted">'.
app/groups/components/groups-landing-page-client.tsx(40,11): error TS2339: Property 'addGroup' does not exist on type '{ groups: Group[]; isLoading: boolean; error: string | null; refresh: () => Promise<void>; createGroup: (data: CreateGroupData) => Promise<{ success: boolean; groupId: string; error?: undefined; } | { ...; }>; updateGroup: (groupId: string, data: UpdateGroupData) => Promise<...>; deleteGroup: (groupId: string) => Pr...'.
app/groups/components/groups-landing-page-client.tsx(40,34): error TS2345: Argument of type 'boolean' is not assignable to parameter of type 'string'.
app/groups/create/page.tsx(27,15): error TS2322: Type '{ onSuccess: (groupId: string) => void; onCancel: () => void; }' is not assignable to type 'IntrinsicAttributes & CreateGroupFormProps'.
  Property 'onSuccess' does not exist on type 'IntrinsicAttributes & CreateGroupFormProps'.
app/groups/groups-client.tsx(35,29): error TS2307: Cannot find module '@/components/friends-list' or its corresponding type declarations.
app/groups/groups-client.tsx(36,29): error TS2307: Cannot find module '@/components/friends-list' or its corresponding type declarations.
app/groups/groups-client.tsx(40,28): error TS2307: Cannot find module '@/components/layout/page-header' or its corresponding type declarations.
app/groups/groups-client.tsx(292,9): error TS2741: Property '$$typeof' is missing in type 'ReactElement<any, any>' but required in type 'ForwardRefExoticComponent<Omit<LucideProps, "ref"> & RefAttributes<SVGSVGElement>>'.
app/groups/groups-client.tsx(345,20): error TS2304: Cannot find name 'GroupCard'.
app/groups/manage/page.tsx(2,31): error TS2307: Cannot find module '@/components/layout/page-container' or its corresponding type declarations.
app/groups/manage/page.tsx(3,28): error TS2307: Cannot find module '@/components/layout/page-header' or its corresponding type declarations.
app/itineraries/[slug]/page-client.tsx(4,42): error TS2307: Cannot find module '@/components/features/itinerary/organisms/ItineraryTemplateDisplay' or its corresponding type declarations.
app/itineraries/[slug]/page-client.tsx(5,35): error TS2307: Cannot find module '@/components/features/itinerary/molecules/UseTemplateButton' or its corresponding type declarations.
app/itineraries/[slug]/page-client.tsx(29,42): error TS2307: Cannot find module '@/components/features/itinerary/organisms/ItineraryMetadataSection' or its corresponding type declarations.
app/itineraries/[slug]/page-client.tsx(30,32): error TS2307: Cannot find module '@/components/features/destinations/molecules/DestinationDetails' or its corresponding type declarations.
app/itineraries/[slug]/page-client.tsx(31,34): error TS2307: Cannot find module '@/components/features/images/molecules/ImageAttribution' or its corresponding type declarations.
app/itineraries/[slug]/page-client.tsx(32,40): error TS2307: Cannot find module '@/components/features/viator/molecules/DestinationExperiences' or its corresponding type declarations.
app/itineraries/[slug]/page-client.tsx(443,35): error TS2322: Type '{ children: Element; asChild: true; }' is not assignable to type 'IntrinsicAttributes & PopoverTriggerProps'.
  Property 'asChild' does not exist on type 'IntrinsicAttributes & PopoverTriggerProps'.
app/itineraries/page.tsx(73,7): error TS2339: Property 'data' does not exist on type 'Number'.
app/itineraries/page.tsx(74,29): error TS2339: Property 'get' does not exist on type 'SupabaseAuthClient'.
app/itineraries/page.tsx(74,33): error TS2552: Cannot find name 'ser'. Did you mean 'user'?
app/itineraries/page.tsx(135,17): error TS2322: Type '{ title: any; description: any; days: any; destination: any; tags: any; } | null' is not assignable to type 'ItineraryTemplateMetadata | null'.
  Object literal may only specify known properties, and 'title' does not exist in type 'ItineraryTemplateMetadata'.
app/itineraries/submit/page-client.tsx(24,32): error TS2307: Cannot find module '@/components/location-search' or its corresponding type declarations.
app/itineraries/submit/page.tsx(19,5): error TS2339: Property 'data' does not exist on type 'Number'.
app/itineraries/submit/page.tsx(20,27): error TS2339: Property 'get' does not exist on type 'SupabaseAuthClient'.
app/itineraries/submit/page.tsx(20,31): error TS2552: Cannot find name 'ser'. Did you mean 'user'?
app/lib/onboarding/hooks/use-onboarding.ts(79,22): error TS2339: Property 'ONBOARDING_TOUR_COMPLETIONS' does not exist on type '{ readonly ACCESS_REQUESTS: "access_requests"; readonly ALBUMS: "albums"; readonly BUDGET_ITEMS: "budget_items"; readonly CITIES: "cities"; readonly COLLABORATIVE_NOTES: "collaborative_notes"; ... 78 more ...; readonly TRIP_ANALYTICS_EVENTS: "trip_analytics_events"; }'.
app/lib/onboarding/hooks/use-onboarding.ts(130,52): error TS2339: Property 'ONBOARDING_TOUR_COMPLETIONS' does not exist on type '{ readonly ACCESS_REQUESTS: "access_requests"; readonly ALBUMS: "albums"; readonly BUDGET_ITEMS: "budget_items"; readonly CITIES: "cities"; readonly COLLABORATIVE_NOTES: "collaborative_notes"; ... 78 more ...; readonly TRIP_ANALYTICS_EVENTS: "trip_analytics_events"; }'.
app/lib/onboarding/hooks/use-onboarding.ts(235,22): error TS2339: Property 'ONBOARDING_TOUR_COMPLETIONS' does not exist on type '{ readonly ACCESS_REQUESTS: "access_requests"; readonly ALBUMS: "albums"; readonly BUDGET_ITEMS: "budget_items"; readonly CITIES: "cities"; readonly COLLABORATIVE_NOTES: "collaborative_notes"; ... 78 more ...; readonly TRIP_ANALYTICS_EVENTS: "trip_analytics_events"; }'.
app/lib/onboarding/hooks/use-onboarding.ts(288,54): error TS2339: Property 'ONBOARDING_TOUR_COMPLETIONS' does not exist on type '{ readonly ACCESS_REQUESTS: "access_requests"; readonly ALBUMS: "albums"; readonly BUDGET_ITEMS: "budget_items"; readonly CITIES: "cities"; readonly COLLABORATIVE_NOTES: "collaborative_notes"; ... 78 more ...; readonly TRIP_ANALYTICS_EVENTS: "trip_analytics_events"; }'.
app/login/page.tsx(150,24): error TS2322: Type '() => void' is not assignable to type '(values: { email: string; password: string; }) => Promise<void>'.
  Type 'void' is not assignable to type 'Promise<void>'.
app/onboarding/HomeCityStep.tsx(2,32): error TS2307: Cannot find module '@/components/location-search' or its corresponding type declarations.
app/onboarding/page.tsx(8,32): error TS2307: Cannot find module '@/components/location-search' or its corresponding type declarations.
app/page.tsx(58,13): error TS2322: Type 'Result<Destination[]> | undefined' is not assignable to type 'any[] | undefined'.
  Type '{ success: false; error: string; }' is missing the following properties from type 'any[]': length, pop, push, concat, and 35 more.
app/privacy/page.tsx(4,28): error TS2307: Cannot find module '@/components/page-header' or its corresponding type declarations.
app/privacy/page.tsx(434,26): error TS2322: Type '{ children: Element[]; type: string; collapsible: true; className: string; }' is not assignable to type 'IntrinsicAttributes & AccordionProps'.
  Property 'type' does not exist on type 'IntrinsicAttributes & AccordionProps'.
app/privacy/page.tsx(436,37): error TS2322: Type '{ children: string; className: string; }' is not assignable to type 'IntrinsicAttributes & AccordionTriggerProps'.
  Property 'className' does not exist on type 'IntrinsicAttributes & AccordionTriggerProps'.
app/privacy/page.tsx(449,37): error TS2322: Type '{ children: string; className: string; }' is not assignable to type 'IntrinsicAttributes & AccordionTriggerProps'.
  Property 'className' does not exist on type 'IntrinsicAttributes & AccordionTriggerProps'.
app/privacy/page.tsx(464,37): error TS2322: Type '{ children: string; className: string; }' is not assignable to type 'IntrinsicAttributes & AccordionTriggerProps'.
  Property 'className' does not exist on type 'IntrinsicAttributes & AccordionTriggerProps'.
app/privacy/page.tsx(479,37): error TS2322: Type '{ children: string; className: string; }' is not assignable to type 'IntrinsicAttributes & AccordionTriggerProps'.
  Property 'className' does not exist on type 'IntrinsicAttributes & AccordionTriggerProps'.
app/privacy/page.tsx(493,37): error TS2322: Type '{ children: string; className: string; }' is not assignable to type 'IntrinsicAttributes & AccordionTriggerProps'.
  Property 'className' does not exist on type 'IntrinsicAttributes & AccordionTriggerProps'.
app/privacy/page.tsx(506,37): error TS2322: Type '{ children: string; className: string; }' is not assignable to type 'IntrinsicAttributes & AccordionTriggerProps'.
  Property 'className' does not exist on type 'IntrinsicAttributes & AccordionTriggerProps'.
app/privacy/page.tsx(520,37): error TS2322: Type '{ children: string; className: string; }' is not assignable to type 'IntrinsicAttributes & AccordionTriggerProps'.
  Property 'className' does not exist on type 'IntrinsicAttributes & AccordionTriggerProps'.
app/privacy/page.tsx(533,37): error TS2322: Type '{ children: string; className: string; }' is not assignable to type 'IntrinsicAttributes & AccordionTriggerProps'.
  Property 'className' does not exist on type 'IntrinsicAttributes & AccordionTriggerProps'.
app/saved/page.tsx(9,28): error TS2307: Cannot find module '@/components/page-header' or its corresponding type declarations.
app/saved/page.tsx(11,28): error TS2307: Cannot find module '@/components/like-button' or its corresponding type declarations.
app/saved/page.tsx(14,26): error TS2307: Cannot find module '@/hooks/use-likes' or its corresponding type declarations.
app/search/page.tsx(12,28): error TS2307: Cannot find module '@/components/like-button' or its corresponding type declarations.
app/settings/page.tsx(28,28): error TS2307: Cannot find module '@/components/page-header' or its corresponding type declarations.
app/settings/page.tsx(31,37): error TS2307: Cannot find module '@/components/features/user/referral-link-manager' or its corresponding type declarations.
app/settings/page.tsx(447,26): error TS2322: Type '{ children: Element; variant: string; }' is not assignable to type 'IntrinsicAttributes & AlertProps'.
  Property 'variant' does not exist on type 'IntrinsicAttributes & AlertProps'.
app/settings/page.tsx(691,24): error TS2322: Type '{ children: Element; variant: string; }' is not assignable to type 'IntrinsicAttributes & AlertProps'.
  Property 'variant' does not exist on type 'IntrinsicAttributes & AlertProps'.
app/signup/page.tsx(140,14): error TS2741: Property 'onSubmit' is missing in type '{}' but required in type 'SignupFormProps'.
app/simple-trip-app/create/page.tsx(219,35): error TS2322: Type '{ children: Element; asChild: true; }' is not assignable to type 'IntrinsicAttributes & PopoverTriggerProps'.
  Property 'asChild' does not exist on type 'IntrinsicAttributes & PopoverTriggerProps'.
app/simple-trip-app/create/page.tsx(237,23): error TS2322: Type '{ mode: "single"; selected: Date | undefined; onSelect: (date: Date) => void; initialFocus: true; }' is not assignable to type 'IntrinsicAttributes & CalendarProps'.
  Property 'initialFocus' does not exist on type 'IntrinsicAttributes & CalendarProps'.
app/simple-trip-app/create/page.tsx(246,35): error TS2322: Type '{ children: Element; asChild: true; }' is not assignable to type 'IntrinsicAttributes & PopoverTriggerProps'.
  Property 'asChild' does not exist on type 'IntrinsicAttributes & PopoverTriggerProps'.
app/simple-trip-app/create/page.tsx(264,23): error TS2322: Type '{ mode: "single"; selected: Date | undefined; onSelect: (date: Date) => void; initialFocus: true; }' is not assignable to type 'IntrinsicAttributes & CalendarProps'.
  Property 'initialFocus' does not exist on type 'IntrinsicAttributes & CalendarProps'.
app/simple-trip-app/page.tsx(123,16): error TS2322: Type '{ children: Element[]; variant: string; className: string; }' is not assignable to type 'IntrinsicAttributes & AlertProps'.
  Property 'variant' does not exist on type 'IntrinsicAttributes & AlertProps'.
app/support/page.tsx(278,26): error TS2322: Type '{ children: Element[]; type: string; collapsible: true; className: string; }' is not assignable to type 'IntrinsicAttributes & AccordionProps'.
  Property 'type' does not exist on type 'IntrinsicAttributes & AccordionProps'.
app/support/page.tsx(281,39): error TS2322: Type '{ children: any; className: string; }' is not assignable to type 'IntrinsicAttributes & AccordionTriggerProps'.
  Property 'className' does not exist on type 'IntrinsicAttributes & AccordionTriggerProps'.
app/support/page.tsx(284,39): error TS2322: Type '{ children: any; className: string; }' is not assignable to type 'IntrinsicAttributes & AccordionContentProps'.
  Property 'className' does not exist on type 'IntrinsicAttributes & AccordionContentProps'.
app/task-demo/page.tsx(4,22): error TS2307: Cannot find module '@/components/Task' or its corresponding type declarations.
app/task-demo/page.tsx(7,10): error TS2724: '"@/lib/hooks/use-toast"' has no exported member named 'toast'. Did you mean 'Toast'?
app/task-demo/page.tsx(8,31): error TS2307: Cannot find module '@/components/Task' or its corresponding type declarations.
app/terms/page.tsx(4,28): error TS2307: Cannot find module '@/components/page-header' or its corresponding type declarations.
app/terms/page.tsx(464,26): error TS2322: Type '{ children: Element[]; type: string; collapsible: true; className: string; }' is not assignable to type 'IntrinsicAttributes & AccordionProps'.
  Property 'type' does not exist on type 'IntrinsicAttributes & AccordionProps'.
app/terms/page.tsx(466,37): error TS2322: Type '{ children: string; className: string; }' is not assignable to type 'IntrinsicAttributes & AccordionTriggerProps'.
  Property 'className' does not exist on type 'IntrinsicAttributes & AccordionTriggerProps'.
app/terms/page.tsx(479,37): error TS2322: Type '{ children: string; className: string; }' is not assignable to type 'IntrinsicAttributes & AccordionTriggerProps'.
  Property 'className' does not exist on type 'IntrinsicAttributes & AccordionTriggerProps'.
app/terms/page.tsx(492,37): error TS2322: Type '{ children: string; className: string; }' is not assignable to type 'IntrinsicAttributes & AccordionTriggerProps'.
  Property 'className' does not exist on type 'IntrinsicAttributes & AccordionTriggerProps'.
app/terms/page.tsx(506,37): error TS2322: Type '{ children: string; className: string; }' is not assignable to type 'IntrinsicAttributes & AccordionTriggerProps'.
  Property 'className' does not exist on type 'IntrinsicAttributes & AccordionTriggerProps'.
app/terms/page.tsx(520,37): error TS2322: Type '{ children: string; className: string; }' is not assignable to type 'IntrinsicAttributes & AccordionTriggerProps'.
  Property 'className' does not exist on type 'IntrinsicAttributes & AccordionTriggerProps'.
app/terms/page.tsx(535,37): error TS2322: Type '{ children: string; className: string; }' is not assignable to type 'IntrinsicAttributes & AccordionTriggerProps'.
  Property 'className' does not exist on type 'IntrinsicAttributes & AccordionTriggerProps'.
app/terms/page.tsx(549,37): error TS2322: Type '{ children: string; className: string; }' is not assignable to type 'IntrinsicAttributes & AccordionTriggerProps'.
  Property 'className' does not exist on type 'IntrinsicAttributes & AccordionTriggerProps'.
app/terms/page.tsx(562,37): error TS2322: Type '{ children: string; className: string; }' is not assignable to type 'IntrinsicAttributes & AccordionTriggerProps'.
  Property 'className' does not exist on type 'IntrinsicAttributes & AccordionTriggerProps'.
app/test-auth/page.tsx(21,11): error TS2339: Property 'signIn' does not exist on type '{ user: User | null; session: Session | null; isLoading: boolean; error: Error | null; isAuthenticated: boolean; }'.
app/test-auth/page.tsx(21,19): error TS2339: Property 'signOut' does not exist on type '{ user: User | null; session: Session | null; isLoading: boolean; error: Error | null; isAuthenticated: boolean; }'.
app/thumbnails/page.tsx(25,49): error TS2339: Property 'destinations' does not exist on type '{ trips: { Row: { id: string; name: string; description: string | null; created_by: string; start_date: string | null; end_date: string | null; status: TripStatus; trip_type: TripType; privacy_setting: TripPrivacySetting; created_at: string; updated_at: string | null; }; Insert: { ...; }; Update: { ...; }; Relations...'.
app/thumbnails/page.tsx(327,47): error TS2339: Property 'destination_name' does not exist on type '{ id: string; name: string; description: string | null; created_by: string; start_date: string | null; end_date: string | null; status: TripStatus; trip_type: TripType; privacy_setting: TripPrivacySetting; created_at: string; updated_at: string | null; }'.
app/tiptap-demo/page.tsx(4,30): error TS2307: Cannot find module '@/components/tiptap-editor' or its corresponding type declarations.
app/todo-demo/page.tsx(4,26): error TS2307: Cannot find module '@/components/Todo' or its corresponding type declarations.
app/todo-demo/TodoClient.tsx(4,32): error TS2307: Cannot find module '@/components/Todo' or its corresponding type declarations.
app/todo-demo/TodoClient.tsx(6,10): error TS2724: '"@/lib/hooks/use-toast"' has no exported member named 'toast'. Did you mean 'Toast'?
app/todo-demo/types.ts(1,26): error TS2307: Cannot find module '@/components/Todo' or its corresponding type declarations.
app/travel-map/page.tsx(6,28): error TS2307: Cannot find module '@/components/page-header' or its corresponding type declarations.
app/trips/[tripId]/add-activity/page.tsx(8,37): error TS2307: Cannot find module '@/components/ActivitySuggestions' or its corresponding type declarations.
app/trips/[tripId]/add-item/add-item-client.tsx(34,37): error TS2307: Cannot find module '@/components/features/maps/mapbox-geocoder' or its corresponding type declarations.
app/trips/[tripId]/add-item/add-item-client.tsx(39,37): error TS2307: Cannot find module '@/hooks/use-research-tracking' or its corresponding type declarations.
app/trips/[tripId]/add-item/add-item-client.tsx(279,26): error TS2322: Type '{ children: Element; variant: string; }' is not assignable to type 'IntrinsicAttributes & AlertProps'.
  Property 'variant' does not exist on type 'IntrinsicAttributes & AlertProps'.
app/trips/[tripId]/add-item/page.tsx(2,15): error TS2305: Module '"@/types/database.types"' has no exported member 'Tables'.
app/trips/[tripId]/components/CreatePollModal.tsx(11,32): error TS2307: Cannot find module '@/components/features/trips/molecules' or its corresponding type declarations.
app/trips/[tripId]/components/tab-contents/budget-tab-content.tsx(7,10): error TS2614: Module '"@/components/features/trips/molecules/BudgetSnapshotSidebar"' has no exported member 'BudgetSnapshotSidebar'. Did you mean to use 'import BudgetSnapshotSidebar from "@/components/features/trips/molecules/BudgetSnapshotSidebar"' instead?
app/trips/[tripId]/components/tab-contents/budget-tab-content.tsx(9,29): error TS2307: Cannot find module '@/hooks' or its corresponding type declarations.
app/trips/[tripId]/components/tab-contents/budget-tab-content.tsx(114,28): error TS7006: Parameter 'isEditing' implicitly has an 'any' type.
app/trips/[tripId]/components/tab-contents/budget-tab-content.tsx(115,28): error TS7006: Parameter 'newBudget' implicitly has an 'any' type.
app/trips/[tripId]/components/tab-contents/BudgetTabContent.tsx(35,28): error TS2307: Cannot find module '@/components/ui/scroll-area' or its corresponding type declarations.
app/trips/[tripId]/components/tab-contents/logistics-tab-content.tsx(6,28): error TS2307: Cannot find module '@/components/ui/scroll-area' or its corresponding type declarations.
app/trips/[tripId]/components/tab-contents/LogisticsTabContent.tsx(39,5): error TS2339: Property 'logistics' does not exist on type 'UseLogisticsResult'.
app/trips/[tripId]/components/tab-contents/LogisticsTabContent.tsx(42,5): error TS2339: Property 'addLogisticsItem' does not exist on type 'UseLogisticsResult'.
app/trips/[tripId]/components/tab-contents/LogisticsTabContent.tsx(43,5): error TS2339: Property 'updateLogisticsItem' does not exist on type 'UseLogisticsResult'.
app/trips/[tripId]/components/tab-contents/LogisticsTabContent.tsx(44,5): error TS2339: Property 'deleteLogisticsItem' does not exist on type 'UseLogisticsResult'.
app/trips/[tripId]/components/tab-contents/LogisticsTabContent.tsx(45,5): error TS2339: Property 'refreshLogistics' does not exist on type 'UseLogisticsResult'.
app/trips/[tripId]/components/tab-contents/LogisticsTabContent.tsx(242,27): error TS7006: Parameter 'item' implicitly has an 'any' type.
app/trips/[tripId]/components/tab-contents/manage-tab-content.tsx(3,47): error TS2307: Cannot find module '@/components/trips/organisms/MembersTab' or its corresponding type declarations.
app/trips/[tripId]/components/tab-contents/notes-tab-content.tsx(5,26): error TS2307: Cannot find module '@/hooks/use-notes' or its corresponding type declarations.
app/trips/[tripId]/components/tab-contents/places-tab-content.tsx(222,13): error TS2322: Type '{ places: ComponentPlace[]; isLoading: boolean; error: string | undefined; onSelectPlace: (placeId: string) => void; }' is not assignable to type 'IntrinsicAttributes & PlaceListProps'.
  Property 'isLoading' does not exist on type 'IntrinsicAttributes & PlaceListProps'.
app/trips/[tripId]/components/TripForms.tsx(4,36): error TS2307: Cannot find module '@/components/feedback/templates' or its corresponding type declarations.
app/trips/[tripId]/components/TripForms.tsx(5,37): error TS2307: Cannot find module '@/components/feedback/analytics' or its corresponding type declarations.
app/trips/[tripId]/components/TripPermissionManager.tsx(71,22): error TS2345: Argument of type 'string' is not assignable to parameter of type 'UseTripMembersOptions'.
app/trips/[tripId]/components/TripVotingModal.tsx(11,28): error TS2307: Cannot find module '@/components/trips/organisms' or its corresponding type declarations.
app/trips/[tripId]/components/TripVotingModal.tsx(98,34): error TS7006: Parameter 'optionId' implicitly has an 'any' type.
app/trips/[tripId]/edit/edit-trip-form-wrapper.tsx(11,73): error TS2339: Property 'EditTripForm' does not exist on type 'typeof import("@/app/*")'.
app/trips/[tripId]/edit/edit-trip-form-wrapper.tsx(125,7): error TS2304: Cannot find name 'toast'.
app/trips/[tripId]/edit/edit-trip-form-wrapper.tsx(134,7): error TS2304: Cannot find name 'toast'.
app/trips/[tripId]/edit/edit-trip-form-wrapper.tsx(154,11): error TS2322: Type '{ trip: TripData; initialDestinationName: string | undefined; onSave: (data: TripFormData) => Promise<void>; onClose: () => void; }' is not assignable to type 'IntrinsicAttributes'.
  Property 'trip' does not exist on type 'IntrinsicAttributes'.
app/trips/[tripId]/hooks/use-trip-itinerary.ts(158,21): error TS2345: Argument of type '(prevSections: ItinerarySection[]) => (ItinerarySection | { items: (ItineraryItem | { id: string; title: string | null; description: string | null; ... 30 more ...; reactions?: { ...; }[] | undefined; })[]; ... 7 more ...; title: string | null; })[]' is not assignable to parameter of type 'SetStateAction<ItinerarySection[]>'.
  Type '(prevSections: ItinerarySection[]) => (ItinerarySection | { items: (ItineraryItem | { id: string; title: string | null; description: string | null; ... 30 more ...; reactions?: { ...; }[] | undefined; })[]; ... 7 more ...; title: string | null; })[]' is not assignable to type '(prevState: ItinerarySection[]) => ItinerarySection[]'.
    Type '(ItinerarySection | { items: (ItineraryItem | { id: string; title: string | null; description: string | null; day_number: number | null; category: string | null; ... 28 more ...; reactions?: { ...; }[] | undefined; })[]; ... 7 more ...; title: string | null; })[]' is not assignable to type 'ItinerarySection[]'.
      Type 'ItinerarySection | { items: (ItineraryItem | { id: string; title: string | null; description: string | null; day_number: number | null; category: string | null; ... 28 more ...; reactions?: { ...; }[] | undefined; })[]; ... 7 more ...; title: string | null; }' is not assignable to type 'ItinerarySection'.
        Type '{ items: (ItineraryItem | { id: string; title: string | null; description: string | null; day_number: number | null; category: ItineraryCategory | string | null; ... 28 more ...; reactions?: { ...; }[]; })[]; ... 7 more ...; title: string | null; }' is not assignable to type 'ItinerarySection'.
          Types of property 'items' are incompatible.
            Type '(ItineraryItem | { id: string; title: string | null; description: string | null; day_number: number | null; category: string | null; votes: any[] | ProcessedVotes; ... 27 more ...; reactions?: { ...; }[] | undefined; })[]' is not assignable to type 'ItineraryItem[]'.
              Type 'ItineraryItem | { id: string; title: string | null; description: string | null; day_number: number | null; category: string | null; votes: any[] | ProcessedVotes; ... 27 more ...; reactions?: { ...; }[] | undefined; }' is not assignable to type 'ItineraryItem'.
                Type '{ id: string; title: string | null; description: string | null; day_number: number | null; category: ItineraryCategory | string | null; votes: any[] | ProcessedVotes; ... 27 more ...; reactions?: { ...; }[]; }' is not assignable to type 'ItineraryItem'.
                  Types of property 'status' are incompatible.
                    Type 'string | null' is not assignable to type '"approved" | ItemStatus | null'.
                      Type 'string' is not assignable to type '"approved" | ItemStatus | null'.
app/trips/[tripId]/hooks/use-trip-itinerary.ts(198,15): error TS2322: Type '(DisplayItineraryItem | ItineraryItem)[]' is not assignable to type 'ItineraryItem[]'.
  Type 'DisplayItineraryItem | ItineraryItem' is not assignable to type 'ItineraryItem'.
    Type 'DisplayItineraryItem' is missing the following properties from type 'ItineraryItem': trip_id, created_at, item_type, date, and 14 more.
app/trips/[tripId]/hooks/use-trip-itinerary.ts(377,21): error TS2345: Argument of type '(prevItems: DisplayItineraryItem[]) => (DisplayItineraryItem | { status: ItemStatus | null; id: string; title: string; ... 9 more ...; details: Record<...>; })[]' is not assignable to parameter of type 'SetStateAction<DisplayItineraryItem[]>'.
  Type '(prevItems: DisplayItineraryItem[]) => (DisplayItineraryItem | { status: ItemStatus | null; id: string; title: string; ... 9 more ...; details: Record<...>; })[]' is not assignable to type '(prevState: DisplayItineraryItem[]) => DisplayItineraryItem[]'.
    Type '(DisplayItineraryItem | { status: ItemStatus | null; id: string; title: string; description: string | null; day_number: number | null; category: string | null; ... 6 more ...; details: Record<...>; })[]' is not assignable to type 'DisplayItineraryItem[]'.
      Type 'DisplayItineraryItem | { status: ItemStatus | null; id: string; title: string; description: string | null; day_number: number | null; category: string | null; ... 6 more ...; details: Record<...>; }' is not assignable to type 'DisplayItineraryItem'.
        Type '{ status: ItemStatus | null; id: string; title: string; description: string | null; day_number: number | null; category: string | null; votes: any[]; creatorProfile: any | null; ... 4 more ...; details: Record<string, any>; }' is not assignable to type 'DisplayItineraryItem'.
          Types of property 'status' are incompatible.
            Type 'string | null' is not assignable to type 'string'.
              Type 'null' is not assignable to type 'string'.
app/trips/[tripId]/hooks/use-trip-itinerary.ts(382,40): error TS2322: Type 'ItemStatus | null' is not assignable to type 'string | undefined'.
  Type 'null' is not assignable to type 'string | undefined'.
app/trips/[tripId]/hooks/use-trip-mutations.ts(7,15): error TS2305: Module '"@/types/database.types"' has no exported member 'Tables'.
app/trips/[tripId]/manage/page.tsx(41,28): error TS2307: Cannot find module '@/components/ui/scroll-area' or its corresponding type declarations.
app/trips/[tripId]/manage/page.tsx(49,31): error TS2307: Cannot find module '@/components/features/trips/PlaylistEmbed' or its corresponding type declarations.
app/trips/[tripId]/manage/page.tsx(75,44): error TS2352: Conversion of type '{ user: User | null; session: Session | null; isLoading: boolean; error: Error | null; isAuthenticated: boolean; }' to type 'AuthContextType' may be a mistake because neither type sufficiently overlaps with the other. If this was intentional, convert the expression to 'unknown' first.
  Type '{ user: User | null; session: Session | null; isLoading: boolean; error: Error | null; isAuthenticated: boolean; }' is missing the following properties from type 'AuthContextType': login, signup, logout, resetPassword
app/trips/[tripId]/manage/page.tsx(458,37): error TS2322: Type '{ children: Element; asChild: true; }' is not assignable to type 'IntrinsicAttributes & PopoverTriggerProps'.
  Property 'asChild' does not exist on type 'IntrinsicAttributes & PopoverTriggerProps'.
app/trips/[tripId]/manage/page.tsx(476,25): error TS2322: Type '{ mode: "single"; selected: Date | undefined; onSelect: Dispatch<SetStateAction<Date | undefined>>; initialFocus: true; }' is not assignable to type 'IntrinsicAttributes & CalendarProps'.
  Property 'initialFocus' does not exist on type 'IntrinsicAttributes & CalendarProps'.
app/trips/[tripId]/manage/page.tsx(484,37): error TS2322: Type '{ children: Element; asChild: true; }' is not assignable to type 'IntrinsicAttributes & PopoverTriggerProps'.
  Property 'asChild' does not exist on type 'IntrinsicAttributes & PopoverTriggerProps'.
app/trips/[tripId]/manage/page.tsx(502,25): error TS2322: Type '{ mode: "single"; selected: Date | undefined; onSelect: Dispatch<SetStateAction<Date | undefined>>; disabled: (date: any) => boolean; initialFocus: true; }' is not assignable to type 'IntrinsicAttributes & CalendarProps'.
  Property 'disabled' does not exist on type 'IntrinsicAttributes & CalendarProps'.
app/trips/[tripId]/manage/page.tsx(502,36): error TS7006: Parameter 'date' implicitly has an 'any' type.
app/trips/[tripId]/page.tsx(103,7): error TS2339: Property 'data' does not exist on type 'Number'.
app/trips/[tripId]/page.tsx(104,29): error TS2339: Property 'get' does not exist on type 'SupabaseAuthClient'.
app/trips/[tripId]/page.tsx(104,33): error TS2552: Cannot find name 'ser'. Did you mean 'user'?
app/trips/[tripId]/tour/page.tsx(14,5): error TS2339: Property 'data' does not exist on type 'Number'.
app/trips/[tripId]/tour/page.tsx(15,5): error TS2339: Property 'error' does not exist on type 'Number'.
app/trips/[tripId]/tour/page.tsx(16,27): error TS2339: Property 'get' does not exist on type 'SupabaseAuthClient'.
app/trips/[tripId]/tour/page.tsx(16,31): error TS2552: Cannot find name 'ser'. Did you mean 'user'?
app/trips/[tripId]/trip-page-client-wrapper.tsx(21,10): error TS2305: Module '"@/components/features/trips"' has no exported member 'SimplifiedTripHeader'.
app/trips/[tripId]/trip-page-client.tsx(150,38): error TS2307: Cannot find module '@/hooks/use-trip-event-tracking' or its corresponding type declarations.
app/trips/components/organisms/HeroSection.tsx(9,8): error TS1192: Module '"/Users/tanho/GitHub_non_cloud/withme.travel/lib/hooks/use-og-image"' has no default export.
app/trips/components/organisms/HeroSection.tsx(10,41): error TS2307: Cannot find module '@/components/trips/organisms/PopularDestinationsGrid' or its corresponding type declarations.
app/trips/components/organisms/HeroSection.tsx(386,32): error TS2339: Property 'slug' does not exist on type 'Destination'.
app/trips/components/organisms/HeroSection.tsx(412,72): error TS2322: Type 'Error' is not assignable to type 'ReactNode'.
app/trips/create/components/CreateTripForm.tsx(42,29): error TS2307: Cannot find module '@/components/features/place-search/PlaceSearch' or its corresponding type declarations.
app/trips/create/components/CreateTripForm.tsx(45,41): error TS2307: Cannot find module '@/components/ActivitySuggestionsCard' or its corresponding type declarations.
app/trips/create/components/CreateTripForm.tsx(46,38): error TS2307: Cannot find module '@/hooks/use-trip-event-tracking' or its corresponding type declarations.
app/trips/create/enhanced/page.tsx(4,27): error TS2307: Cannot find module '@/components/container' or its corresponding type declarations.
app/trips/create/enhanced/page.tsx(5,28): error TS2307: Cannot find module '@/components/layout/page-header' or its corresponding type declarations.
app/trips/create/enhanced/page.tsx(6,10): error TS2305: Module '"@/components/features/trips"' has no exported member 'TripCreationForm'.
app/trips/create/enhanced/page.tsx(7,45): error TS2307: Cannot find module '@/components/destinations/popular-destinations-carousel' or its corresponding type declarations.
app/trips/create/enhanced/page.tsx(61,30): error TS7006: Parameter 'destination' implicitly has an 'any' type.
app/trips/create/loading.tsx(44,24): error TS2322: Type 'string' is not assignable to type 'number'.
app/trips/create/page.tsx(20,28): error TS2307: Cannot find module '@/components/shared/loading-overlay' or its corresponding type declarations.
app/trips/create/page.tsx(173,7): error TS2552: Cannot find name 'toast'. Did you mean 'Toast'?
app/trips/create/page.tsx(286,29): error TS2322: Type '{ date: { from: Date | null; to: Date | null; }; setDate: (...event: any[]) => void; placeholder: string; disabled: boolean; }' is not assignable to type 'IntrinsicAttributes & DatePickerProps'.
  Property 'date' does not exist on type 'IntrinsicAttributes & DatePickerProps'.
app/trips/create/page.tsx(301,23): error TS2322: Type '{ onChange: (cities: City[]) => void; disabled: boolean; placeholder: string; }' is not assignable to type 'IntrinsicAttributes & LocationSearchProps'.
  Property 'onChange' does not exist on type 'IntrinsicAttributes & LocationSearchProps'.
app/trips/create/success/page.tsx(13,23): error TS2307: Cannot find module '@/components/icons' or its corresponding type declarations.
app/trips/create/success/page.tsx(14,27): error TS2307: Cannot find module '@/components/container' or its corresponding type declarations.
app/trips/manage/page.tsx(2,31): error TS2307: Cannot find module '@/components/layout/page-container' or its corresponding type declarations.
app/trips/manage/page.tsx(3,28): error TS2307: Cannot find module '@/components/layout/page-header' or its corresponding type declarations.
app/trips/manage/page.tsx(6,26): error TS2307: Cannot find module '../components/TripTabs' or its corresponding type declarations.
app/trips/public/[slug]/public-trip-page-client.tsx(14,28): error TS2307: Cannot find module '@/components/ui/trips/organisms/TripHeader' or its corresponding type declarations.
app/trips/public/[slug]/public-trip-page-client.tsx(19,32): error TS2307: Cannot find module '@/components/maps/PublicItineraryMap' or its corresponding type declarations.
app/trips/public/[slug]/public-trip-page-client.tsx(20,31): error TS2307: Cannot find module '@/components/trips/PlaylistEmbed' or its corresponding type declarations.
app/trips/public/[slug]/public-trip-page-client.tsx(23,35): error TS2307: Cannot find module '@/components/itinerary/ItineraryItemCard' or its corresponding type declarations.
app/trips/public/[slug]/public-trip-page-client.tsx(221,16): error TS2322: Type '{ children: Element[]; variant: string; }' is not assignable to type 'IntrinsicAttributes & AlertProps'.
  Property 'variant' does not exist on type 'IntrinsicAttributes & AlertProps'.
app/trips/public/[slug]/public-trip-page-client.tsx(359,23): error TS2322: Type 'string | null' is not assignable to type 'string'.
  Type 'null' is not assignable to type 'string'.
app/trips/public/[slug]/public-trip-page-client.tsx(371,23): error TS2322: Type 'null' is not assignable to type 'string'.
app/trips/public/[slug]/public-trip-page-client.tsx(379,23): error TS2322: Type 'string | null' is not assignable to type 'string'.
  Type 'null' is not assignable to type 'string'.
app/trips/public/[slug]/public-trip-page-client.tsx(381,23): error TS2322: Type 'null' is not assignable to type 'string'.
app/trips/public/[slug]/public-trip-page-client.tsx(388,25): error TS2353: Object literal may only specify known properties, and 'up' does not exist in type 'any[]'.
app/viator-demo/destinations/page.tsx(16,27): error TS2307: Cannot find module '@/components/container' or its corresponding type declarations.
app/viator-demo/destinations/page.tsx(164,38): error TS2322: Type '{ children: string; colSpan: number; className: string; }' is not assignable to type 'IntrinsicAttributes & TableCellProps'.
  Property 'colSpan' does not exist on type 'IntrinsicAttributes & TableCellProps'.
components/analytics/OpenreplayProvider.tsx(5,25): error TS2307: Cannot find module '@/hooks/use-auth' or its corresponding type declarations.
components/CreateTripFromTemplateDialog.tsx(77,26): error TS2345: Argument of type '"template_used"' is not assignable to parameter of type 'EventType'.
components/CreateTripFromTemplateDialog.tsx(116,26): error TS2345: Argument of type '"trip_creation_failed"' is not assignable to parameter of type 'EventType'.
components/CreateTripFromTemplateDialog.tsx(158,31): error TS2322: Type '{ children: Element; asChild: true; }' is not assignable to type 'IntrinsicAttributes & PopoverTriggerProps'.
  Property 'asChild' does not exist on type 'IntrinsicAttributes & PopoverTriggerProps'.
components/CreateTripFromTemplateDialog.tsx(168,86): error TS2322: Type '{ mode: "single"; selected: Date | undefined; onSelect: Dispatch<SetStateAction<Date | undefined>>; initialFocus: true; }' is not assignable to type 'IntrinsicAttributes & CalendarProps'.
  Property 'initialFocus' does not exist on type 'IntrinsicAttributes & CalendarProps'.
components/error-fallbacks/TripDataErrorFallback.tsx(18,14): error TS2322: Type '{ children: Element[]; variant: string; className: string; }' is not assignable to type 'IntrinsicAttributes & AlertProps'.
  Property 'variant' does not exist on type 'IntrinsicAttributes & AlertProps'.
components/examples/HookSageexample.tsx(4,40): error TS2724: '"@/lib/hooks"' has no exported member named 'useItineraries'. Did you mean 'useItinerary'?
components/examples/HookSageexample.tsx(141,5): error TS2339: Property 'items' does not exist on type 'UseLogisticsResult'.
components/examples/HookSageexample.tsx(144,5): error TS2339: Property 'addAccommodationItem' does not exist on type 'UseLogisticsResult'.
components/examples/HookSageexample.tsx(145,5): error TS2339: Property 'addTransportationItem' does not exist on type 'UseLogisticsResult'.
components/examples/HookSageexample.tsx(146,5): error TS2339: Property 'deleteItem' does not exist on type 'UseLogisticsResult'.
components/examples/HookSageexample.tsx(154,49): error TS2322: Type 'Error' is not assignable to type 'ReactNode'.
components/examples/HookSageexample.tsx(157,39): error TS7006: Parameter 'item' implicitly has an 'any' type.
components/examples/HookSageexample.tsx(158,39): error TS7006: Parameter 'item' implicitly has an 'any' type.
components/examples/HookSageexample.tsx(182,33): error TS7006: Parameter 'item' implicitly has an 'any' type.
components/examples/HookSageexample.tsx(229,33): error TS7006: Parameter 'item' implicitly has an 'any' type.
components/examples/HookSageexample.tsx(296,35): error TS7006: Parameter 'template' implicitly has an 'any' type.
components/examples/HookSageexample.tsx(322,28): error TS7006: Parameter 'template' implicitly has an 'any' type.
components/features/activities/atoms/ActivityIcon.stories.tsx(30,5): error TS2322: Type '"comment"' is not assignable to type 'ActivityType | undefined'.
components/features/activities/atoms/ActivityIcon.stories.tsx(31,5): error TS2322: Type 'string' is not assignable to type 'number'.
components/features/activities/atoms/ActivityIcon.stories.tsx(37,5): error TS2322: Type '"create"' is not assignable to type 'ActivityType | undefined'.
components/features/activities/atoms/ActivityIcon.stories.tsx(38,5): error TS2322: Type 'string' is not assignable to type 'number'.
components/features/activities/atoms/ActivityIcon.stories.tsx(44,5): error TS2322: Type '"update"' is not assignable to type 'ActivityType | undefined'.
components/features/activities/atoms/ActivityIcon.stories.tsx(45,5): error TS2322: Type 'string' is not assignable to type 'number'.
components/features/activities/atoms/ActivityIcon.stories.tsx(51,5): error TS2322: Type '"delete"' is not assignable to type 'ActivityType | undefined'.
components/features/activities/atoms/ActivityIcon.stories.tsx(52,5): error TS2322: Type 'string' is not assignable to type 'number'.
components/features/activities/atoms/ActivityIcon.stories.tsx(58,5): error TS2322: Type '"join"' is not assignable to type 'ActivityType | undefined'.
components/features/activities/atoms/ActivityIcon.stories.tsx(59,5): error TS2322: Type 'string' is not assignable to type 'number'.
components/features/activities/atoms/ActivityIcon.stories.tsx(65,5): error TS2322: Type '"leave"' is not assignable to type 'ActivityType | undefined'.
components/features/activities/atoms/ActivityIcon.stories.tsx(66,5): error TS2322: Type 'string' is not assignable to type 'number'.
components/features/activities/atoms/ActivityIcon.stories.tsx(72,5): error TS2322: Type '"comment"' is not assignable to type 'ActivityType | undefined'.
components/features/activities/atoms/ActivityIcon.stories.tsx(73,5): error TS2322: Type 'string' is not assignable to type 'number'.
components/features/activities/atoms/ActivityIcon.stories.tsx(79,5): error TS2322: Type '"comment"' is not assignable to type 'ActivityType | undefined'.
components/features/activities/atoms/ActivityIcon.stories.tsx(80,5): error TS2322: Type 'string' is not assignable to type 'number'.
components/features/activities/atoms/ActivityIcon.stories.tsx(86,5): error TS2322: Type '"comment"' is not assignable to type 'ActivityType | undefined'.
components/features/activities/atoms/ActivityIcon.stories.tsx(87,5): error TS2322: Type 'string' is not assignable to type 'number'.
components/features/activities/atoms/ActivityTimestamp.stories.tsx(12,5): error TS2353: Object literal may only specify known properties, and 'timestamp' does not exist in type 'Partial<ArgTypes<ActivityTimestampProps>>'.
components/features/activities/atoms/ActivityTimestamp.stories.tsx(40,5): error TS2353: Object literal may only specify known properties, and 'timestamp' does not exist in type 'Partial<ActivityTimestampProps>'.
components/features/activities/atoms/ActivityTimestamp.stories.tsx(47,5): error TS2353: Object literal may only specify known properties, and 'timestamp' does not exist in type 'Partial<ActivityTimestampProps>'.
components/features/activities/atoms/ActivityTimestamp.stories.tsx(54,5): error TS2353: Object literal may only specify known properties, and 'timestamp' does not exist in type 'Partial<ActivityTimestampProps>'.
components/features/activities/atoms/ActivityTimestamp.stories.tsx(61,5): error TS2353: Object literal may only specify known properties, and 'timestamp' does not exist in type 'Partial<ActivityTimestampProps>'.
components/features/activities/atoms/ActivityTimestamp.stories.tsx(68,5): error TS2353: Object literal may only specify known properties, and 'timestamp' does not exist in type 'Partial<ActivityTimestampProps>'.
components/features/activities/atoms/ActivityTimestamp.stories.tsx(75,5): error TS2353: Object literal may only specify known properties, and 'timestamp' does not exist in type 'Partial<ActivityTimestampProps>'.
components/features/activities/atoms/ActivityTimestamp.stories.tsx(82,5): error TS2353: Object literal may only specify known properties, and 'timestamp' does not exist in type 'Partial<ActivityTimestampProps>'.
components/features/activities/atoms/ActivityTimestamp.stories.tsx(89,5): error TS2353: Object literal may only specify known properties, and 'timestamp' does not exist in type 'Partial<ActivityTimestampProps>'.
components/features/activities/atoms/ActivityTimestamp.stories.tsx(96,5): error TS2353: Object literal may only specify known properties, and 'timestamp' does not exist in type 'Partial<ActivityTimestampProps>'.
components/features/activities/molecules/ActivityFilter.stories.tsx(12,5): error TS2353: Object literal may only specify known properties, and 'selectedTypes' does not exist in type 'Partial<ArgTypes<ActivityFilterProps>>'.
components/features/activities/molecules/ActivityFilter.stories.tsx(46,5): error TS2353: Object literal may only specify known properties, and 'selectedTypes' does not exist in type 'Partial<ActivityFilterProps>'.
components/features/activities/molecules/ActivityFilter.stories.tsx(57,5): error TS2353: Object literal may only specify known properties, and 'selectedTypes' does not exist in type 'Partial<ActivityFilterProps>'.
components/features/activities/molecules/ActivityFilter.stories.tsx(71,5): error TS2353: Object literal may only specify known properties, and 'selectedTypes' does not exist in type 'Partial<ActivityFilterProps>'.
components/features/activities/molecules/ActivityFilter.stories.tsx(82,5): error TS2353: Object literal may only specify known properties, and 'selectedTypes' does not exist in type 'Partial<ActivityFilterProps>'.
components/features/activities/molecules/ActivityFilter.stories.tsx(96,5): error TS2353: Object literal may only specify known properties, and 'selectedTypes' does not exist in type 'Partial<ActivityFilterProps>'.
components/features/activities/molecules/ActivityFilter.tsx(22,10): error TS2305: Module '"../atoms/activity-icon"' has no exported member 'ActivityType'.
components/features/activities/molecules/ActivityItem.stories.tsx(12,5): error TS2353: Object literal may only specify known properties, and 'id' does not exist in type 'Partial<ArgTypes<ActivityItemProps>>'.
components/features/activities/molecules/ActivityItem.stories.tsx(61,5): error TS2322: Type '"comment"' is not assignable to type 'ActivityType | undefined'.
components/features/activities/molecules/ActivityItem.stories.tsx(74,5): error TS2322: Type '"create"' is not assignable to type 'ActivityType | undefined'.
components/features/activities/molecules/ActivityItem.stories.tsx(87,5): error TS2322: Type '"update"' is not assignable to type 'ActivityType | undefined'.
components/features/activities/molecules/ActivityItem.stories.tsx(100,5): error TS2322: Type '"delete"' is not assignable to type 'ActivityType | undefined'.
components/features/activities/molecules/ActivityItem.stories.tsx(113,5): error TS2322: Type '"join"' is not assignable to type 'ActivityType | undefined'.
components/features/activities/molecules/ActivityItem.stories.tsx(126,5): error TS2322: Type '"create"' is not assignable to type 'ActivityType | undefined'.
components/features/activities/organisms/ActivityFeed.stories.tsx(78,5): error TS2353: Object literal may only specify known properties, and 'error' does not exist in type 'Partial<ArgTypes<ActivityFeedProps>>'.
components/features/activities/organisms/ActivityFeed.stories.tsx(109,5): error TS2322: Type '{ id: string; type: string; userName: string; userAvatar: string; entityType: string; entityName: string; timestamp: string; }[]' is not assignable to type 'Activity[]'.
  Type '{ id: string; type: string; userName: string; userAvatar: string; entityType: string; entityName: string; timestamp: string; }' is missing the following properties from type 'Activity': user, description
components/features/activities/organisms/ActivityFeed.stories.tsx(128,5): error TS2353: Object literal may only specify known properties, and 'error' does not exist in type 'Partial<ActivityFeedProps>'.
components/features/activities/organisms/ActivityFeed.stories.tsx(145,5): error TS2353: Object literal may only specify known properties, and 'error' does not exist in type 'Partial<ActivityFeedProps>'.
components/features/activities/organisms/ActivityFeed.stories.tsx(162,5): error TS2353: Object literal may only specify known properties, and 'error' does not exist in type 'Partial<ActivityFeedProps>'.
components/features/activities/organisms/ActivityFeed.stories.tsx(177,5): error TS2322: Type '{ id: string; type: string; userName: string; userAvatar: string; entityType: string; entityName: string; timestamp: string; }[]' is not assignable to type 'Activity[]'.
  Type '{ id: string; type: string; userName: string; userAvatar: string; entityType: string; entityName: string; timestamp: string; }' is missing the following properties from type 'Activity': user, description
components/features/activities/organisms/ActivityFeed.stories.tsx(194,5): error TS2322: Type '{ id: string; type: string; userName: string; userAvatar: string; entityType: string; entityName: string; timestamp: string; }[]' is not assignable to type 'Activity[]'.
  Type '{ id: string; type: string; userName: string; userAvatar: string; entityType: string; entityName: string; timestamp: string; }' is missing the following properties from type 'Activity': user, description
components/features/activities/organisms/ActivityFeed.tsx(13,10): error TS2305: Module '"../atoms/activity-icon"' has no exported member 'ActivityType'.
components/features/activities/organisms/ActivitySuggestions.tsx(4,40): error TS2307: Cannot find module '@/hooks/useActivitySuggestions' or its corresponding type declarations.
components/features/activities/organisms/ActivitySuggestions.tsx(57,26): error TS2339: Property 'SHOPPING' does not exist on type '{ readonly ACCOMMODATION: "accommodation"; readonly ACTIVITIES: "activities"; readonly ENTERTAINMENT: "entertainment"; readonly FOOD: "food"; readonly GIFTS: "gifts"; readonly OTHER: "other"; readonly TRANSPORTATION: "transportation"; readonly TRAVEL: "travel"; }'.
components/features/activities/organisms/ActivitySuggestions.tsx(120,38): error TS7006: Parameter 'keyword' implicitly has an 'any' type.
components/features/activities/organisms/ActivitySuggestions.tsx(129,26): error TS7006: Parameter 'activity' implicitly has an 'any' type.
components/features/activities/organisms/ActivitySuggestions.tsx(129,36): error TS7006: Parameter 'index' implicitly has an 'any' type.
components/features/activities/organisms/ActivitySuggestions.tsx(131,14): error TS7006: Parameter 'a' implicitly has an 'any' type.
components/features/activities/organisms/ActivitySuggestionsCard.tsx(14,40): error TS2307: Cannot find module '@/hooks/useActivitySuggestions' or its corresponding type declarations.
components/features/activities/organisms/ActivitySuggestionsCard.tsx(89,60): error TS7006: Parameter 'activity' implicitly has an 'any' type.
components/features/activities/organisms/ActivitySuggestionsCard.tsx(89,70): error TS7006: Parameter 'index' implicitly has an 'any' type.
components/features/activities/templates/ActivityTabTemplate.stories.tsx(70,5): error TS2353: Object literal may only specify known properties, and 'activities' does not exist in type 'Partial<ArgTypes<ActivityTabTemplateProps>>'.
components/features/activities/templates/ActivityTabTemplate.stories.tsx(115,5): error TS2353: Object literal may only specify known properties, and 'activities' does not exist in type 'Partial<ActivityTabTemplateProps>'.
components/features/activities/templates/ActivityTabTemplate.stories.tsx(138,5): error TS2353: Object literal may only specify known properties, and 'activities' does not exist in type 'Partial<ActivityTabTemplateProps>'.
components/features/activities/templates/ActivityTabTemplate.stories.tsx(161,5): error TS2353: Object literal may only specify known properties, and 'activities' does not exist in type 'Partial<ActivityTabTemplateProps>'.
components/features/activities/templates/ActivityTabTemplate.stories.tsx(184,5): error TS2353: Object literal may only specify known properties, and 'activities' does not exist in type 'Partial<ActivityTabTemplateProps>'.
components/features/activities/templates/ActivityTabTemplate.stories.tsx(207,5): error TS2353: Object literal may only specify known properties, and 'activities' does not exist in type 'Partial<ActivityTabTemplateProps>'.
components/features/activities/templates/ActivityTabTemplate.stories.tsx(230,5): error TS2353: Object literal may only specify known properties, and 'activities' does not exist in type 'Partial<ActivityTabTemplateProps>'.
components/features/activities/templates/index.ts(7,15): error TS2307: Cannot find module './activity-tab-template' or its corresponding type declarations.
components/features/admin/ContinentPageAdminEditor.tsx(5,25): error TS2307: Cannot find module '@/components/auth-provider' or its corresponding type declarations.
components/features/admin/CountryPageAdminEditor.tsx(28,25): error TS2339: Property 'user_metadata' does not exist on type '{ email: string; }'.
components/features/admin/DestinationPageAdminEditor.tsx(5,25): error TS2307: Cannot find module '@/components/auth-provider' or its corresponding type declarations.
components/features/admin/InlineAdminEditor.tsx(16,25): error TS2307: Cannot find module '@/components/auth-provider' or its corresponding type declarations.
components/features/admin/MediaLibrary.tsx(17,37): error TS2307: Cannot find module '@/components/features/images/image-search-selector' or its corresponding type declarations.
components/features/admin/MediaLibrary.tsx(20,28): error TS2307: Cannot find module '@/components/ui/scroll-area' or its corresponding type declarations.
components/features/admin/MetadataEditorClient.tsx(21,42): error TS2307: Cannot find module '@/components/itinerary/itinerary-metadata-section' or its corresponding type declarations.
components/features/admin/SurveyEditDialog.tsx(2,51): error TS2307: Cannot find module '../research/ResearchModal' or its corresponding type declarations.
components/features/admin/SurveyPreviewModal.tsx(2,53): error TS2307: Cannot find module '../research/ResearchModal' or its corresponding type declarations.
components/features/auth/molecules/SignupForm.tsx(3,10): error TS2614: Module '"../atoms/PasswordField"' has no exported member 'PasswordField'. Did you mean to use 'import PasswordField from "../atoms/PasswordField"' instead?
components/features/auth/molecules/SignupForm.tsx(108,20): error TS7006: Parameter 'e' implicitly has an 'any' type.
components/features/auth/molecules/SignupForm.tsx(119,11): error TS2322: Type '{ id: string; checked: boolean; onCheckedChange: (checked: any) => void; disabled: boolean; }' is not assignable to type 'IntrinsicAttributes & CheckboxProps'.
  Property 'onCheckedChange' does not exist on type 'IntrinsicAttributes & CheckboxProps'.
components/features/auth/molecules/SignupForm.tsx(119,29): error TS7006: Parameter 'checked' implicitly has an 'any' type.
components/features/auth/providers.tsx(7,31): error TS2307: Cannot find module '@/components/theme-provider' or its corresponding type declarations.
components/features/auth/providers.tsx(8,25): error TS2307: Cannot find module '@/components/ui/toaster' or its corresponding type declarations.
components/features/auth/providers.tsx(31,25): error TS2322: Type '{ children: Element; initialSession: Session | null; }' is not assignable to type 'IntrinsicAttributes & { children: ReactNode; }'.
  Property 'initialSession' does not exist on type 'IntrinsicAttributes & { children: ReactNode; }'.
components/features/auth/ServerAuthProvider.tsx(37,24): error TS2322: Type '{ children: ReactNode; initialSession: Session | null; }' is not assignable to type 'IntrinsicAttributes & { children: ReactNode; }'.
  Property 'initialSession' does not exist on type 'IntrinsicAttributes & { children: ReactNode; }'.
components/features/auth/SignupForm.tsx(16,29): error TS2307: Cannot find module '@/components/terms-dialog' or its corresponding type declarations.
components/features/auth/SignupForm.tsx(17,31): error TS2307: Cannot find module '@/components/privacy-dialog' or its corresponding type declarations.
components/features/auth/SignupForm.tsx(339,15): error TS2322: Type '{ id: string; checked: boolean; onCheckedChange: (checked: any) => void; className: string; }' is not assignable to type 'IntrinsicAttributes & CheckboxProps'.
  Property 'onCheckedChange' does not exist on type 'IntrinsicAttributes & CheckboxProps'.
components/features/auth/SignupForm.tsx(339,33): error TS7006: Parameter 'checked' implicitly has an 'any' type.
components/features/budget/atoms/ExpenseAmount.tsx(9,10): error TS2305: Module '"@/lib/utils"' has no exported member 'formatCurrency'.
components/features/budget/atoms/ExpenseCategoryBadge.stories.tsx(38,29): error TS2322: Type '{ category: string; }' is not assignable to type 'IntrinsicAttributes'.
  Property 'category' does not exist on type 'IntrinsicAttributes'.
components/features/budget/atoms/ExpenseCategoryBadge.stories.tsx(39,29): error TS2322: Type '{ category: string; }' is not assignable to type 'IntrinsicAttributes'.
  Property 'category' does not exist on type 'IntrinsicAttributes'.
components/features/budget/atoms/ExpenseCategoryBadge.stories.tsx(40,29): error TS2322: Type '{ category: string; }' is not assignable to type 'IntrinsicAttributes'.
  Property 'category' does not exist on type 'IntrinsicAttributes'.
components/features/budget/atoms/ExpenseCategoryBadge.stories.tsx(41,29): error TS2322: Type '{ category: string; }' is not assignable to type 'IntrinsicAttributes'.
  Property 'category' does not exist on type 'IntrinsicAttributes'.
components/features/budget/atoms/ExpenseCategoryBadge.stories.tsx(42,29): error TS2322: Type '{ category: string; }' is not assignable to type 'IntrinsicAttributes'.
  Property 'category' does not exist on type 'IntrinsicAttributes'.
components/features/budget/atoms/ExpenseCategoryBadge.stories.tsx(43,29): error TS2322: Type '{ category: string; }' is not assignable to type 'IntrinsicAttributes'.
  Property 'category' does not exist on type 'IntrinsicAttributes'.
components/features/budget/molecules/ExpenseFilter.tsx(13,10): error TS2724: '"../atoms/expense-category-badge"' has no exported member named 'ExpenseCategory'. Did you mean 'ExpenseCategoryBadge'?
components/features/budget/molecules/ExpenseFilter.tsx(98,13): error TS2345: Argument of type '"" | 0 | "border-primary text-primary" | undefined' is not assignable to parameter of type 'string | boolean | Record<string, boolean> | null | undefined'.
  Type '0' is not assignable to type 'string | boolean | Record<string, boolean> | null | undefined'.
components/features/budget/organisms/CompactBudgetSnapshot.tsx(6,10): error TS2305: Module '"@/lib/utils"' has no exported member 'formatCurrency'.
components/features/budget/organisms/ExpenseListConnected.tsx(13,29): error TS2307: Cannot find module '@/hooks' or its corresponding type declarations.
components/features/budget/organisms/ExpenseListConnected.tsx(15,10): error TS2724: '"../atoms/expense-category-badge"' has no exported member named 'ExpenseCategory'. Did you mean 'ExpenseCategoryBadge'?
components/features/budget/organisms/ExpenseListConnected.tsx(43,40): error TS7006: Parameter 'exp' implicitly has an 'any' type.
components/features/budget/organisms/ExpenseListConnected.tsx(64,7): error TS2322: Type '{ expenses: any; canAdd: boolean; isLoading: any; error: any; onAddExpense: () => void; onExpenseClick: (id: any) => void; className: string | undefined; }' is not assignable to type 'IntrinsicAttributes'.
  Property 'expenses' does not exist on type 'IntrinsicAttributes'.
components/features/budget/organisms/ExpenseListConnected.tsx(69,24): error TS7006: Parameter 'id' implicitly has an 'any' type.
components/features/budget/templates/BudgetTabTemplate.tsx(11,29): error TS2307: Cannot find module '@/hooks' or its corresponding type declarations.
components/features/budget/templates/BudgetTabTemplate.tsx(103,22): error TS7006: Parameter 'exp' implicitly has an 'any' type.
components/features/budget/templates/BudgetTabTemplate.tsx(149,61): error TS7006: Parameter 'exp' implicitly has an 'any' type.
components/features/budget/templates/BudgetTabTemplate.tsx(165,61): error TS7006: Parameter 'exp' implicitly has an 'any' type.
components/features/comments/CommentsList.tsx(7,25): error TS2307: Cannot find module '@/components/comments/comment-item' or its corresponding type declarations.
components/features/comments/CommentsList.tsx(8,25): error TS2307: Cannot find module '@/components/comments/comment-form' or its corresponding type declarations.
components/features/comments/CommentsList.tsx(9,29): error TS2307: Cannot find module '@/hooks/use-comments' or its corresponding type declarations.
components/features/comments/CommentsList.tsx(11,37): error TS2307: Cannot find module '@/hooks/use-research-tracking' or its corresponding type declarations.
components/features/comments/CommentsList.tsx(274,32): error TS7006: Parameter 'comment' implicitly has an 'any' type.
components/features/destinations/atoms/DestinationImage.tsx(127,41): error TS2322: Type '{ children: Element; side: "left"; align: string; className: string; }' is not assignable to type 'IntrinsicAttributes & TooltipContentProps'.
  Property 'align' does not exist on type 'IntrinsicAttributes & TooltipContentProps'.
components/features/destinations/DestinationFeatureSection.tsx(3,25): error TS1149: File name '/Users/tanho/GitHub_non_cloud/withme.travel/components/ui/section.tsx' differs from already included file name '/Users/tanho/GitHub_non_cloud/withme.travel/components/ui/Section.tsx' only in casing.
  The file is in the program because:
    Imported via '@/components/ui/Section' from file '/Users/tanho/GitHub_non_cloud/withme.travel/app/itineraries/page.tsx'
    Imported via '@/components/ui/section' from file '/Users/tanho/GitHub_non_cloud/withme.travel/components/features/destinations/DestinationFeatureSection.tsx'
    Matched by include pattern '**/*.tsx' in '/Users/tanho/GitHub_non_cloud/withme.travel/tsconfig.json'
components/features/destinations/DestinationFeatureSection.tsx(4,30): error TS2307: Cannot find module '@/components/ui/content-block' or its corresponding type declarations.
components/features/destinations/DestinationReviews.tsx(26,28): error TS2307: Cannot find module '@/components/ui/scroll-area' or its corresponding type declarations.
components/features/destinations/index.ts(24,53): error TS2307: Cannot find module './related-itineraries-widget' or its corresponding type declarations.
components/features/destinations/molecules/DestinationCard.stories.tsx(24,5): error TS2353: Object literal may only specify known properties, and 'variant' does not exist in type 'Partial<ArgTypes<DestinationCardProps>>'.
components/features/destinations/molecules/DestinationCard.stories.tsx(66,5): error TS2741: Property 'city' is missing in type '{ id: string; name: string; country: string; description: string; imageUrl: string; rating: number; reviewCount: number; tags: string[]; popularPlaces: string[]; }' but required in type '{ id: string; city: string | null; country: string | null; continent?: string | undefined; name?: string | undefined; description?: string | null | undefined; byline?: string | null | undefined; highlights?: string | ... 2 more ... | undefined; image_url?: string | ... 1 more ... | undefined; emoji?: string | ... 1 ...'.
components/features/destinations/molecules/DestinationCard.stories.tsx(79,7): error TS2561: Object literal may only specify known properties, but 'imageUrl' does not exist in type '{ id: string; city: string | null; country: string | null; continent?: string | undefined; name?: string | undefined; description?: string | null | undefined; byline?: string | null | undefined; highlights?: string | ... 2 more ... | undefined; image_url?: string | ... 1 more ... | undefined; emoji?: string | ... 1 ...'. Did you mean to write 'image_url'?
components/features/destinations/molecules/DestinationCard.stories.tsx(93,7): error TS2561: Object literal may only specify known properties, but 'imageUrl' does not exist in type '{ id: string; city: string | null; country: string | null; continent?: string | undefined; name?: string | undefined; description?: string | null | undefined; byline?: string | null | undefined; highlights?: string | ... 2 more ... | undefined; image_url?: string | ... 1 more ... | undefined; emoji?: string | ... 1 ...'. Did you mean to write 'image_url'?
components/features/destinations/molecules/DestinationCard.stories.tsx(107,7): error TS2561: Object literal may only specify known properties, but 'imageUrl' does not exist in type '{ id: string; city: string | null; country: string | null; continent?: string | undefined; name?: string | undefined; description?: string | null | undefined; byline?: string | null | undefined; highlights?: string | ... 2 more ... | undefined; image_url?: string | ... 1 more ... | undefined; emoji?: string | ... 1 ...'. Did you mean to write 'image_url'?
components/features/destinations/molecules/DestinationCard.stories.tsx(116,5): error TS2741: Property 'city' is missing in type '{ description: string; id: string; name: string; country: string; imageUrl: string; rating: number; reviewCount: number; tags: string[]; popularPlaces: string[]; }' but required in type '{ id: string; city: string | null; country: string | null; continent?: string | undefined; name?: string | undefined; description?: string | null | undefined; byline?: string | null | undefined; highlights?: string | ... 2 more ... | undefined; image_url?: string | ... 1 more ... | undefined; emoji?: string | ... 1 ...'.
components/features/destinations/molecules/DestinationCard.stories.tsx(127,5): error TS2741: Property 'city' is missing in type '{ id: string; name: string; country: string; description: string; imageUrl: string; rating: number; reviewCount: number; tags: string[]; popularPlaces: string[]; }' but required in type '{ id: string; city: string | null; country: string | null; continent?: string | undefined; name?: string | undefined; description?: string | null | undefined; byline?: string | null | undefined; highlights?: string | ... 2 more ... | undefined; image_url?: string | ... 1 more ... | undefined; emoji?: string | ... 1 ...'.
components/features/destinations/organisms/DestinationGrid.tsx(235,21): error TS2322: Type '{ children: (Element | Element[])[]; value: string; onValueChange: (value: any) => void; }' is not assignable to type 'IntrinsicAttributes & { children: ReactNode; }'.
  Property 'value' does not exist on type 'IntrinsicAttributes & { children: ReactNode; }'.
components/features/destinations/organisms/DestinationGrid.tsx(236,37): error TS7006: Parameter 'value' implicitly has an 'any' type.
components/features/destinations/organisms/DestinationGrid.tsx(238,44): error TS2322: Type '{ children: string; value: string; }' is not assignable to type 'IntrinsicAttributes & { children: ReactNode; }'.
  Property 'value' does not exist on type 'IntrinsicAttributes & { children: ReactNode; }'.
components/features/destinations/organisms/DestinationGrid.tsx(240,62): error TS2322: Type '{ children: string; key: string; value: string; }' is not assignable to type 'IntrinsicAttributes & { children: ReactNode; }'.
  Property 'value' does not exist on type 'IntrinsicAttributes & { children: ReactNode; }'.
components/features/destinations/organisms/DestinationGrid.tsx(262,21): error TS2322: Type '{ children: Element[]; value: SortField; onValueChange: (value: any) => void; }' is not assignable to type 'IntrinsicAttributes & { children: ReactNode; }'.
  Property 'value' does not exist on type 'IntrinsicAttributes & { children: ReactNode; }'.
components/features/destinations/organisms/DestinationGrid.tsx(263,37): error TS7006: Parameter 'value' implicitly has an 'any' type.
components/features/destinations/organisms/DestinationGrid.tsx(265,44): error TS2322: Type '{ children: string; value: string; }' is not assignable to type 'IntrinsicAttributes & { children: ReactNode; }'.
  Property 'value' does not exist on type 'IntrinsicAttributes & { children: ReactNode; }'.
components/features/destinations/organisms/DestinationGrid.tsx(266,44): error TS2322: Type '{ children: string; value: string; }' is not assignable to type 'IntrinsicAttributes & { children: ReactNode; }'.
  Property 'value' does not exist on type 'IntrinsicAttributes & { children: ReactNode; }'.
components/features/destinations/organisms/DestinationGrid.tsx(267,44): error TS2322: Type '{ children: string; value: string; }' is not assignable to type 'IntrinsicAttributes & { children: ReactNode; }'.
  Property 'value' does not exist on type 'IntrinsicAttributes & { children: ReactNode; }'.
components/features/destinations/organisms/DestinationGrid.tsx(268,44): error TS2322: Type '{ children: string; value: string; }' is not assignable to type 'IntrinsicAttributes & { children: ReactNode; }'.
  Property 'value' does not exist on type 'IntrinsicAttributes & { children: ReactNode; }'.
components/features/destinations/organisms/DestinationGrid.tsx(273,21): error TS2322: Type '{ children: Element[]; value: SortDirection; onValueChange: (value: any) => void; }' is not assignable to type 'IntrinsicAttributes & { children: ReactNode; }'.
  Property 'value' does not exist on type 'IntrinsicAttributes & { children: ReactNode; }'.
components/features/destinations/organisms/DestinationGrid.tsx(274,37): error TS7006: Parameter 'value' implicitly has an 'any' type.
components/features/destinations/organisms/DestinationGrid.tsx(276,44): error TS2322: Type '{ children: string; value: string; }' is not assignable to type 'IntrinsicAttributes & { children: ReactNode; }'.
  Property 'value' does not exist on type 'IntrinsicAttributes & { children: ReactNode; }'.
components/features/destinations/organisms/DestinationGrid.tsx(277,44): error TS2322: Type '{ children: string; value: string; }' is not assignable to type 'IntrinsicAttributes & { children: ReactNode; }'.
  Property 'value' does not exist on type 'IntrinsicAttributes & { children: ReactNode; }'.
components/features/destinations/PopularDestinationCard.stories.tsx(13,5): error TS2353: Object literal may only specify known properties, and 'name' does not exist in type 'Partial<ArgTypes<DestinationCardProps>>'.
components/features/destinations/PopularDestinationCard.stories.tsx(22,5): error TS2353: Object literal may only specify known properties, and 'name' does not exist in type 'Partial<DestinationCardProps>'.
components/features/destinations/PopularDestinationCard.stories.tsx(29,5): error TS2353: Object literal may only specify known properties, and 'name' does not exist in type 'Partial<DestinationCardProps>'.
components/features/destinations/PopularDestinationCard.tsx(150,46): error TS2322: Type '{ children: Element; side: "top"; align: string; className: string; }' is not assignable to type 'IntrinsicAttributes & TooltipContentProps'.
  Property 'align' does not exist on type 'IntrinsicAttributes & TooltipContentProps'.
components/features/destinations/PopularDestinations.stories.tsx(7,10): error TS2724: '"./popular-destinations"' has no exported member named 'PopularDestinationsGrid'. Did you mean 'PopularDestinations'?
components/features/destinations/PopularDestinations.stories.tsx(7,35): error TS2614: Module '"./popular-destinations"' has no exported member 'Destination'. Did you mean to use 'import Destination from "./popular-destinations"' instead?
components/features/destinations/PopularDestinations.stories.tsx(155,11): error TS2786: 'Story' cannot be used as a JSX component.
  Its type 'AnnotatedStoryFn<ReactRenderer, Args>' is not a valid JSX element type.
    Type 'AnnotatedStoryFn<ReactRenderer, Args>' is not assignable to type '(props: any) => ReactNode | Promise<ReactNode>'.
      Target signature provides too few arguments. Expected 2 or more, but got 1.
components/features/destinations/PopularDestinations.stories.tsx(155,11): error TS6229: Tag 'Story' expects at least '2' arguments, but the JSX factory 'React.createElement' provides at most '1'.
components/features/destinations/PopularDestinations.stories.tsx(203,12): error TS7006: Parameter 'args' implicitly has an 'any' type.
components/features/destinations/PopularDestinations.stories.tsx(217,12): error TS7006: Parameter 'args' implicitly has an 'any' type.
components/features/destinations/PopularDestinations.stories.tsx(231,12): error TS7006: Parameter 'args' implicitly has an 'any' type.
components/features/destinations/PopularDestinations.stories.tsx(252,12): error TS7006: Parameter 'args' implicitly has an 'any' type.
components/features/destinations/PopularDestinations.tsx(94,13): error TS2322: Type '{ children: Element[]; key: string; open: boolean; onOpenChange: (open: any) => void; }' is not assignable to type 'IntrinsicAttributes & PopoverProps'.
  Property 'open' does not exist on type 'IntrinsicAttributes & PopoverProps'.
components/features/destinations/PopularDestinations.tsx(95,28): error TS7006: Parameter 'open' implicitly has an 'any' type.
components/features/destinations/PopularDestinations.tsx(99,29): error TS2322: Type '{ children: Element; asChild: true; }' is not assignable to type 'IntrinsicAttributes & PopoverTriggerProps'.
  Property 'asChild' does not exist on type 'IntrinsicAttributes & PopoverTriggerProps'.
components/features/destinations/PopularDestinations.tsx(114,45): error TS2322: Type '{ children: Element; className: string; align: string; side: string; sideOffset: number; }' is not assignable to type 'IntrinsicAttributes & PopoverContentProps'.
  Property 'align' does not exist on type 'IntrinsicAttributes & PopoverContentProps'.
components/features/destinations/PopularDestinations.tsx(174,42): error TS2322: Type '{ children: Element; key: string; delayDuration: number; }' is not assignable to type 'IntrinsicAttributes & TooltipProviderProps'.
  Property 'delayDuration' does not exist on type 'IntrinsicAttributes & TooltipProviderProps'.
components/features/destinations/PopularDestinations.tsx(185,42): error TS2322: Type '{ children: Element[]; side: "top"; align: string; className: string; }' is not assignable to type 'IntrinsicAttributes & TooltipContentProps'.
  Property 'align' does not exist on type 'IntrinsicAttributes & TooltipContentProps'.
components/features/destinations/PopularDestinationsCarousel.tsx(4,40): error TS2307: Cannot find module '@/components/destinations/PopularDestinationCard' or its corresponding type declarations.
components/features/destinations/templates/DestinationDetails.stories.tsx(2,10): error TS2614: Module '"./DestinationDetails"' has no exported member 'DestinationDetails'. Did you mean to use 'import DestinationDetails from "./DestinationDetails"' instead?
components/features/destinations/templates/PopularDestinations.tsx(66,22): error TS2339: Property 'length' does not exist on type 'any[] | Result<Destination[]>'.
  Property 'length' does not exist on type '{ success: false; error: string; }'.
components/features/destinations/templates/PopularDestinations.tsx(78,9): error TS2322: Type 'any[] | Result<Destination[]>' is not assignable to type 'Destination[]'.
  Type '{ success: false; error: string; }' is missing the following properties from type 'Destination[]': length, pop, push, concat, and 35 more.
components/features/destinations/templates/TrendingDestinations.tsx(17,28): error TS2305: Module '"@/lib/features/destinations/types"' has no exported member 'DestinationFilter'.
components/features/destinations/templates/TrendingDestinations.tsx(55,18): error TS2322: Type 'string' is not assignable to type 'number'.
components/features/destinations/templates/TrendingDestinations.tsx(69,53): error TS2322: Type 'Error' is not assignable to type 'ReactNode'.
components/features/faq/molecules/FAQItem.tsx(9,23): error TS2614: Module '"@/components/ui/Collapsible"' has no exported member 'CollapsibleContent'. Did you mean to use 'import CollapsibleContent from "@/components/ui/Collapsible"' instead?
components/features/faq/molecules/FAQItem.tsx(9,43): error TS2614: Module '"@/components/ui/Collapsible"' has no exported member 'CollapsibleTrigger'. Did you mean to use 'import CollapsibleTrigger from "@/components/ui/Collapsible"' instead?
components/features/faq/molecules/FAQItem.tsx(46,7): error TS2322: Type '{ children: Element[]; open: boolean; onOpenChange: (open: boolean) => void; className: string; }' is not assignable to type 'IntrinsicAttributes & CollapsibleProps'.
  Property 'open' does not exist on type 'IntrinsicAttributes & CollapsibleProps'.
components/features/feedback/analytics/index.ts(2,37): error TS2307: Cannot find module '../../../app/components/feedback/analytics' or its corresponding type declarations.
components/features/feedback/templates/index.ts(2,36): error TS2307: Cannot find module '../../../app/components/feedback/templates' or its corresponding type declarations.
components/features/groups/atoms/EmojiPicker.stories.tsx(16,25): error TS2322: Type 'string | null' is not assignable to type 'string | undefined'.
  Type 'null' is not assignable to type 'string | undefined'.
components/features/groups/atoms/EmojiPicker.stories.tsx(23,25): error TS2322: Type 'string | null' is not assignable to type 'string | undefined'.
  Type 'null' is not assignable to type 'string | undefined'.
components/features/groups/atoms/GroupIdeaAction.stories.tsx(19,5): error TS2353: Object literal may only specify known properties, and 'action' does not exist in type 'Partial<GroupIdeaActionProps>'.
components/features/groups/atoms/GroupIdeaAction.stories.tsx(25,5): error TS2353: Object literal may only specify known properties, and 'action' does not exist in type 'Partial<GroupIdeaActionProps>'.
components/features/groups/atoms/GroupIdeaBadge.stories.tsx(18,11): error TS2353: Object literal may only specify known properties, and 'type' does not exist in type 'Partial<GroupIdeaBadgeProps>'.
components/features/groups/atoms/GroupIdeaBadge.stories.tsx(21,11): error TS2353: Object literal may only specify known properties, and 'type' does not exist in type 'Partial<GroupIdeaBadgeProps>'.
components/features/groups/atoms/GroupIdeaBadge.stories.tsx(24,11): error TS2353: Object literal may only specify known properties, and 'type' does not exist in type 'Partial<GroupIdeaBadgeProps>'.
components/features/groups/atoms/GroupIdeaBadge.stories.tsx(27,11): error TS2353: Object literal may only specify known properties, and 'type' does not exist in type 'Partial<GroupIdeaBadgeProps>'.
components/features/groups/atoms/GroupIdeaBadge.stories.tsx(30,11): error TS2353: Object literal may only specify known properties, and 'type' does not exist in type 'Partial<GroupIdeaBadgeProps>'.
components/features/groups/atoms/GroupIdeaVoteCount.stories.tsx(19,5): error TS2561: Object literal may only specify known properties, but 'upVotes' does not exist in type 'Partial<GroupIdeaVoteCountProps>'. Did you mean to write 'upvotes'?
components/features/groups/atoms/GroupIdeaVoteCount.stories.tsx(26,5): error TS2561: Object literal may only specify known properties, but 'upVotes' does not exist in type 'Partial<GroupIdeaVoteCountProps>'. Did you mean to write 'upvotes'?
components/features/groups/atoms/GroupMemberActions.stories.tsx(21,5): error TS2353: Object literal may only specify known properties, and 'isAdmin' does not exist in type 'Partial<GroupMemberActionsProps>'.
components/features/groups/atoms/GroupMemberActions.stories.tsx(27,5): error TS2353: Object literal may only specify known properties, and 'isAdmin' does not exist in type 'Partial<GroupMemberActionsProps>'.
components/features/groups/atoms/GroupMemberBadge.stories.tsx(18,11): error TS2353: Object literal may only specify known properties, and 'role' does not exist in type 'Partial<GroupMemberBadgeProps>'.
components/features/groups/atoms/GroupMemberBadge.stories.tsx(21,11): error TS2353: Object literal may only specify known properties, and 'role' does not exist in type 'Partial<GroupMemberBadgeProps>'.
components/features/groups/GroupIdeaCard.tsx(46,10): error TS2305: Module '"@/lib/utils"' has no exported member 'formatTimeAgo'.
components/features/groups/GroupIdeaCard.tsx(200,31): error TS2339: Property 'comment_count' does not exist on type 'GroupIdea'.
components/features/groups/GroupIdeaCard.tsx(301,50): error TS2322: Type '{ children: (Element | undefined)[]; align: "end"; sideOffset: number; className: string; }' is not assignable to type 'IntrinsicAttributes & DropdownMenuContentProps'.
  Property 'sideOffset' does not exist on type 'IntrinsicAttributes & DropdownMenuContentProps'.
components/features/groups/GroupIdeaCard.tsx(347,15): error TS2339: Property 'link' does not exist on type 'GroupIdea'.
components/features/groups/GroupIdeaCard.tsx(350,46): error TS2339: Property 'link' does not exist on type 'GroupIdea'.
components/features/groups/GroupIdeaCard.tsx(355,16): error TS2339: Property 'start_date' does not exist on type 'GroupIdea'.
components/features/groups/GroupIdeaCard.tsx(355,35): error TS2339: Property 'end_date' does not exist on type 'GroupIdea'.
components/features/groups/GroupIdeaCard.tsx(359,21): error TS2339: Property 'start_date' does not exist on type 'GroupIdea'.
components/features/groups/GroupIdeaCard.tsx(359,49): error TS2339: Property 'start_date' does not exist on type 'GroupIdea'.
components/features/groups/GroupIdeaCard.tsx(360,21): error TS2339: Property 'end_date' does not exist on type 'GroupIdea'.
components/features/groups/GroupIdeaCard.tsx(360,38): error TS2339: Property 'start_date' does not exist on type 'GroupIdea'.
components/features/groups/GroupIdeaCard.tsx(361,21): error TS2339: Property 'end_date' does not exist on type 'GroupIdea'.
components/features/groups/GroupIdeaCard.tsx(361,47): error TS2339: Property 'end_date' does not exist on type 'GroupIdea'.
components/features/groups/molecules/CreateGroupForm.tsx(41,11): error TS2339: Property 'addGroup' does not exist on type '{ groups: Group[]; isLoading: boolean; error: string | null; refresh: () => Promise<void>; createGroup: (data: CreateGroupData) => Promise<{ success: boolean; groupId: string; error?: undefined; } | { ...; }>; updateGroup: (groupId: string, data: UpdateGroupData) => Promise<...>; deleteGroup: (groupId: string) => Pr...'.
components/features/groups/molecules/CreateGroupForm.tsx(41,34): error TS2345: Argument of type 'boolean' is not assignable to parameter of type 'string'.
components/features/groups/molecules/GroupIdeaCard.stories.tsx(31,5): error TS2740: Type '{ id: string; title: string; description: string; type: string; created_at: string; votes_up: number; votes_down: number; comment_count: number; user_id: string; group_id: string; }' is missing the following properties from type 'ExtendedGroupIdea': created_by, guest_token, position, selected, and 2 more.
components/features/groups/molecules/GroupIdeaCard.stories.tsx(42,5): error TS2740: Type '{ id: string; title: string; description: string; type: "activity"; comment_count: number; votes_up: number; votes_down: number; created_at: string; user_id: string; group_id: string; }' is missing the following properties from type 'ExtendedGroupIdea': created_by, guest_token, position, selected, and 2 more.
components/features/groups/molecules/GroupIdeaCard.stories.tsx(58,5): error TS2740: Type '{ id: string; title: string; description: string; type: "note"; comment_count: number; votes_up: number; votes_down: number; created_at: string; user_id: string; group_id: string; }' is missing the following properties from type 'ExtendedGroupIdea': created_by, guest_token, position, selected, and 2 more.
components/features/groups/molecules/GroupIdeaCard.stories.tsx(74,5): error TS2740: Type '{ id: string; title: string; description: string; type: "question"; comment_count: number; votes_up: number; votes_down: number; created_at: string; user_id: string; group_id: string; }' is missing the following properties from type 'ExtendedGroupIdea': created_by, guest_token, position, selected, and 2 more.
components/features/groups/molecules/GroupIdeaCard.stories.tsx(90,5): error TS2740: Type '{ id: string; title: string; description: string; type: "activity"; start_date: string; end_date: string; comment_count: number; votes_up: number; votes_down: number; created_at: string; user_id: string; group_id: string; }' is missing the following properties from type 'ExtendedGroupIdea': created_by, guest_token, position, selected, and 2 more.
components/features/groups/molecules/GroupIdeaCard.stories.tsx(108,5): error TS2740: Type '{ id: string; title: string; description: string; type: "place"; link: string; comment_count: number; votes_up: number; votes_down: number; created_at: string; user_id: string; group_id: string; }' is missing the following properties from type 'ExtendedGroupIdea': created_by, guest_token, position, selected, and 2 more.
components/features/groups/molecules/GroupIdeaCard.stories.tsx(125,5): error TS2740: Type '{ id: string; title: string; description: string; type: string; created_at: string; votes_up: number; votes_down: number; comment_count: number; user_id: string; group_id: string; }' is missing the following properties from type 'ExtendedGroupIdea': created_by, guest_token, position, selected, and 2 more.
components/features/groups/molecules/GroupIdeaCard.stories.tsx(133,5): error TS2740: Type '{ id: string; title: string; description: string; type: string; created_at: string; votes_up: number; votes_down: number; comment_count: number; user_id: string; group_id: string; }' is missing the following properties from type 'ExtendedGroupIdea': created_by, guest_token, position, selected, and 2 more.
components/features/groups/molecules/GroupIdeaCard.stories.tsx(141,5): error TS2740: Type '{ id: string; title: string; description: string; type: string; created_at: string; votes_up: number; votes_down: number; comment_count: number; user_id: string; group_id: string; }' is missing the following properties from type 'ExtendedGroupIdea': created_by, guest_token, position, selected, and 2 more.
components/features/groups/molecules/GroupIdeaCard.tsx(308,50): error TS2322: Type '{ children: (Element | undefined)[]; align: "end"; sideOffset: number; className: string; }' is not assignable to type 'IntrinsicAttributes & DropdownMenuContentProps'.
  Property 'sideOffset' does not exist on type 'IntrinsicAttributes & DropdownMenuContentProps'.
components/features/groups/molecules/GroupMemberItem.stories.tsx(22,5): error TS2353: Object literal may only specify known properties, and 'isAdmin' does not exist in type 'Partial<GroupMemberItemProps>'.
components/features/groups/molecules/GroupMemberItem.stories.tsx(30,5): error TS2353: Object literal may only specify known properties, and 'isAdmin' does not exist in type 'Partial<GroupMemberItemProps>'.
components/features/groups/molecules/GroupMemberSearch.stories.tsx(20,5): error TS2353: Object literal may only specify known properties, and 'onChange' does not exist in type 'Partial<GroupMemberSearchProps>'.
components/features/groups/molecules/GroupPlanCard.stories.tsx(20,5): error TS2353: Object literal may only specify known properties, and 'status' does not exist in type 'Partial<GroupPlanCardProps>'.
components/features/groups/molecules/PlansNavigation.stories.tsx(14,5): error TS2353: Object literal may only specify known properties, and 'groupId' does not exist in type 'Partial<PlansNavigationProps>'.
components/features/groups/molecules/PlansNavigation.stories.tsx(21,5): error TS2353: Object literal may only specify known properties, and 'groupId' does not exist in type 'Partial<PlansNavigationProps>'.
components/features/groups/organisms/CreateGroupModal.tsx(37,11): error TS2339: Property 'addGroup' does not exist on type '{ groups: Group[]; isLoading: boolean; error: string | null; refresh: () => Promise<void>; createGroup: (data: CreateGroupData) => Promise<{ success: boolean; groupId: string; error?: undefined; } | { ...; }>; updateGroup: (groupId: string, data: UpdateGroupData) => Promise<...>; deleteGroup: (groupId: string) => Pr...'.
components/features/groups/organisms/CreateGroupModal.tsx(108,28): error TS2322: Type 'string | null' is not assignable to type 'string | undefined'.
  Type 'null' is not assignable to type 'string | undefined'.
components/features/groups/organisms/FriendsList.tsx(262,21): error TS2322: Type '{ checked: boolean; className: string; onCheckedChange: () => void; }' is not assignable to type 'IntrinsicAttributes & CheckboxProps'.
  Property 'onCheckedChange' does not exist on type 'IntrinsicAttributes & CheckboxProps'.
components/features/groups/organisms/GroupDetailClient.tsx(90,26): error TS2307: Cannot find module '@/hooks' or its corresponding type declarations.
components/features/groups/organisms/GroupDetailClient.tsx(1109,66): error TS2322: Type '{ group: Group; isOpen: boolean; onOpenChange: Dispatch<SetStateAction<boolean>>; }' is not assignable to type 'IntrinsicAttributes & GroupSettingsModalProps'.
  Property 'onOpenChange' does not exist on type 'IntrinsicAttributes & GroupSettingsModalProps'.
components/features/groups/organisms/GroupsLandingPageClient.tsx(45,11): error TS2339: Property 'addGroup' does not exist on type '{ groups: Group[]; isLoading: boolean; error: string | null; refresh: () => Promise<void>; createGroup: (data: CreateGroupData) => Promise<{ success: boolean; groupId: string; error?: undefined; } | { ...; }>; updateGroup: (groupId: string, data: UpdateGroupData) => Promise<...>; deleteGroup: (groupId: string) => Pr...'.
components/features/groups/organisms/GroupsLandingPageClient.tsx(45,34): error TS2345: Argument of type 'boolean' is not assignable to parameter of type 'string'.
components/features/groups/organisms/GroupsLandingPageClient.tsx(134,10): error TS2739: Type '{}' is missing the following properties from type 'CollaborativeItinerarySectionProps': groupId, planId
components/features/groups/organisms/GroupsLandingPageClient.tsx(221,9): error TS2322: Type '{ isOpen: boolean; onClose: () => void; onGroupCreated: (group: { id: string; }) => void; }' is not assignable to type 'IntrinsicAttributes & CreateGroupModalProps'.
  Property 'isOpen' does not exist on type 'IntrinsicAttributes & CreateGroupModalProps'. Did you mean 'open'?
components/features/groups/organisms/IdeasSummaryClient.tsx(15,26): error TS2307: Cannot find module '@/hooks/use-votes' or its corresponding type declarations.
components/features/groups/organisms/PlansClient.tsx(8,22): error TS2307: Cannot find module '../../types/plan' or its corresponding type declarations.
components/features/groups/organisms/PlansClient.tsx(14,25): error TS2307: Cannot find module '@/components/ui/Heading' or its corresponding type declarations.
components/features/groups/organisms/PlansClient.tsx(16,38): error TS2307: Cannot find module '@/components/ui/VoteAndDecideSection' or its corresponding type declarations.
components/features/groups/organisms/PlansClient.tsx(17,29): error TS2307: Cannot find module './plan-ideas-client' or its corresponding type declarations.
components/features/groups/organisms/PlansClient.tsx(18,26): error TS2307: Cannot find module './voting-client' or its corresponding type declarations.
components/features/groups/organisms/RoleFixButton.tsx(67,16): error TS2322: Type '{ children: Element; variant: string; }' is not assignable to type 'IntrinsicAttributes & AlertProps'.
  Property 'variant' does not exist on type 'IntrinsicAttributes & AlertProps'.
components/features/images/ImageSearchSelector.tsx(19,24): error TS1149: File name '/Users/tanho/GitHub_non_cloud/withme.travel/components/ui/Slider.tsx' differs from already included file name '/Users/tanho/GitHub_non_cloud/withme.travel/components/ui/slider.tsx' only in casing.
  The file is in the program because:
    Imported via '@/components/ui/slider' from file '/Users/tanho/GitHub_non_cloud/withme.travel/components/features/viator/ViatorExperienceGrid.tsx'
    Imported via '@/components/ui/slider' from file '/Users/tanho/GitHub_non_cloud/withme.travel/app/design-sandbox/design-sandbox-client.tsx'
    Imported via '@/components/ui/Slider' from file '/Users/tanho/GitHub_non_cloud/withme.travel/components/features/images/ImageSearchSelector.tsx'
    Imported via '@/components/ui/slider' from file '/Users/tanho/GitHub_non_cloud/withme.travel/components/features/onboarding/InterestSelector.tsx'
    Imported via './Slider' from file '/Users/tanho/GitHub_non_cloud/withme.travel/components/ui/Slider.stories.tsx'
    Matched by include pattern '**/*.tsx' in '/Users/tanho/GitHub_non_cloud/withme.travel/tsconfig.json'
components/features/images/ImageSearchSelector.tsx(277,20): error TS2322: Type '{ children: Element; variant: string; }' is not assignable to type 'IntrinsicAttributes & AlertProps'.
  Property 'variant' does not exist on type 'IntrinsicAttributes & AlertProps'.
components/features/images/ImageSearchSelector.tsx(400,19): error TS2322: Type 'number[]' is not assignable to type 'number'.
components/features/images/ImageSearchSelector.tsx(401,36): error TS7031: Binding element 'val' implicitly has an 'any' type.
components/features/images/index.ts(1,34): error TS2307: Cannot find module './image-attribution' or its corresponding type declarations.
components/features/images/index.ts(2,37): error TS2307: Cannot find module './image-search-selector' or its corresponding type declarations.
components/features/itinerary/atoms/index.ts(4,15): error TS2307: Cannot find module './ItineraryItemDisplay' or its corresponding type declarations.
components/features/itinerary/atoms/ItineraryItemStatus.tsx(88,7): error TS2322: Type '"destructive" | "success" | "secondary"' is not assignable to type '"default" | "destructive" | "secondary" | "outline" | undefined'.
  Type '"success"' is not assignable to type '"default" | "destructive" | "secondary" | "outline" | undefined'.
components/features/itinerary/DayDropZone.tsx(5,35): error TS2307: Cannot find module './ItineraryItemCard' or its corresponding type declarations.
components/features/itinerary/EventUrlInput.tsx(175,18): error TS2322: Type '{ children: Element[]; variant: string; className: string; }' is not assignable to type 'IntrinsicAttributes & AlertProps'.
  Property 'variant' does not exist on type 'IntrinsicAttributes & AlertProps'.
components/features/itinerary/index.ts(14,36): error TS2305: Module '"./molecules/ItineraryDaySection"' has no exported member 'ItineraryItem'.
components/features/itinerary/ItineraryItemForm.tsx(36,50): error TS2307: Cannot find module '@/components/location-search' or its corresponding type declarations.
components/features/itinerary/ItineraryItemForm.tsx(37,23): error TS2614: Module '"@/components/ui/collapsible"' has no exported member 'CollapsibleContent'. Did you mean to use 'import CollapsibleContent from "@/components/ui/collapsible"' instead?
components/features/itinerary/ItineraryItemForm.tsx(37,43): error TS2614: Module '"@/components/ui/collapsible"' has no exported member 'CollapsibleTrigger'. Did you mean to use 'import CollapsibleTrigger from "@/components/ui/collapsible"' instead?
components/features/itinerary/ItineraryItemForm.tsx(37,69): error TS1149: File name '/Users/tanho/GitHub_non_cloud/withme.travel/components/ui/collapsible.tsx' differs from already included file name '/Users/tanho/GitHub_non_cloud/withme.travel/components/ui/Collapsible.tsx' only in casing.
  The file is in the program because:
    Imported via '@/components/ui/Collapsible' from file '/Users/tanho/GitHub_non_cloud/withme.travel/components/features/faq/molecules/FAQItem.tsx'
    Imported via '@/components/ui/collapsible' from file '/Users/tanho/GitHub_non_cloud/withme.travel/components/features/itinerary/ItineraryItemForm.tsx'
    Matched by include pattern '**/*.tsx' in '/Users/tanho/GitHub_non_cloud/withme.travel/tsconfig.json'
components/features/itinerary/ItineraryItemForm.tsx(38,37): error TS2307: Cannot find module '@/hooks/use-research-tracking' or its corresponding type declarations.
components/features/itinerary/ItineraryItemForm.tsx(333,24): error TS2322: Type '{ children: Element[]; open: boolean; onOpenChange: Dispatch<SetStateAction<boolean>>; }' is not assignable to type 'IntrinsicAttributes & CollapsibleProps'.
  Property 'open' does not exist on type 'IntrinsicAttributes & CollapsibleProps'.
components/features/itinerary/ItineraryItemForm.tsx(355,39): error TS2322: Type '{ children: Element; asChild: true; }' is not assignable to type 'IntrinsicAttributes & PopoverTriggerProps'.
  Property 'asChild' does not exist on type 'IntrinsicAttributes & PopoverTriggerProps'.
components/features/itinerary/ItineraryItemForm.tsx(370,62): error TS2322: Type '{ children: (string | Element)[]; className: string; align: string; }' is not assignable to type 'IntrinsicAttributes & PopoverContentProps'.
  Property 'align' does not exist on type 'IntrinsicAttributes & PopoverContentProps'.
components/features/itinerary/ItineraryItemForm.tsx(376,27): error TS2322: Type '{ mode: "single"; selected: Date | undefined; onSelect: (...event: any[]) => void; disabled: (date: any) => boolean; initialFocus: true; }' is not assignable to type 'IntrinsicAttributes & CalendarProps'.
  Property 'disabled' does not exist on type 'IntrinsicAttributes & CalendarProps'.
components/features/itinerary/ItineraryItemForm.tsx(376,38): error TS7006: Parameter 'date' implicitly has an 'any' type.
components/features/itinerary/ItineraryTab.tsx(34,35): error TS2307: Cannot find module '@/components/itinerary/ItineraryItemCard' or its corresponding type declarations.
components/features/itinerary/ItineraryTab.tsx(37,37): error TS2307: Cannot find module './ItineraryDaySection' or its corresponding type declarations.
components/features/itinerary/ItineraryTab.tsx(43,41): error TS2307: Cannot find module './UnscheduledItemsSection' or its corresponding type declarations.
components/features/itinerary/ItineraryTab.tsx(51,51): error TS2307: Cannot find module '@/components/features/maps/mapbox-geocoder' or its corresponding type declarations.
components/features/itinerary/ItineraryTab.tsx(765,53): error TS2339: Property 'ACCOMMODATIONS' does not exist on type '{ readonly CAFES: "Cafes"; readonly CULTURAL: "Cultural"; readonly ENTERTAINMENT: "Entertainment"; readonly ICONICLANDMARKS: "IconicLandmarks"; readonly MUSEUMS: "Museums"; readonly NIGHTLIFE: "Nightlife"; ... 5 more ...; readonly TOURS: "Tours"; }'.
components/features/itinerary/ItineraryTab.tsx(774,53): error TS2339: Property 'TRANSPORTATION' does not exist on type '{ readonly CAFES: "Cafes"; readonly CULTURAL: "Cultural"; readonly ENTERTAINMENT: "Entertainment"; readonly ICONICLANDMARKS: "IconicLandmarks"; readonly MUSEUMS: "Museums"; readonly NIGHTLIFE: "Nightlife"; ... 5 more ...; readonly TOURS: "Tours"; }'.
components/features/itinerary/ItineraryTab.tsx(848,82): error TS2339: Property 'ACCOMMODATIONS' does not exist on type '{ readonly CAFES: "Cafes"; readonly CULTURAL: "Cultural"; readonly ENTERTAINMENT: "Entertainment"; readonly ICONICLANDMARKS: "IconicLandmarks"; readonly MUSEUMS: "Museums"; readonly NIGHTLIFE: "Nightlife"; ... 5 more ...; readonly TOURS: "Tours"; }'.
components/features/itinerary/ItineraryTab.tsx(853,82): error TS2339: Property 'TRANSPORTATION' does not exist on type '{ readonly CAFES: "Cafes"; readonly CULTURAL: "Cultural"; readonly ENTERTAINMENT: "Entertainment"; readonly ICONICLANDMARKS: "IconicLandmarks"; readonly MUSEUMS: "Museums"; readonly NIGHTLIFE: "Nightlife"; ... 5 more ...; readonly TOURS: "Tours"; }'.
components/features/itinerary/ItineraryTab.tsx(954,38): error TS7006: Parameter 'itemId' implicitly has an 'any' type.
components/features/itinerary/ItineraryTab.tsx(954,46): error TS7006: Parameter 'targetDay' implicitly has an 'any' type.
components/features/itinerary/ItineraryTemplateDisplay.tsx(19,23): error TS2307: Cannot find module '../ui/badge' or its corresponding type declarations.
components/features/itinerary/ItineraryTemplateDisplay.tsx(20,24): error TS2307: Cannot find module '../ui/button' or its corresponding type declarations.
components/features/itinerary/ItineraryTemplateDisplay.tsx(21,87): error TS2307: Cannot find module '../ui/card' or its corresponding type declarations.
components/features/itinerary/ItineraryTemplateDisplay.tsx(22,58): error TS2307: Cannot find module '../ui/tabs' or its corresponding type declarations.
components/features/itinerary/ItineraryTemplateDisplay.tsx(23,53): error TS2307: Cannot find module '../ui/avatar' or its corresponding type declarations.
components/features/itinerary/ItineraryTemplateDisplay.tsx(24,28): error TS2307: Cannot find module '../ui/scroll-area' or its corresponding type declarations.
components/features/itinerary/molecules/ItineraryDaySection.stories.tsx(34,5): error TS2353: Object literal may only specify known properties, and 'dayNumber' does not exist in type 'Partial<ItineraryDaySectionProps>'.
components/features/itinerary/molecules/ItineraryDaySection.stories.tsx(38,18): error TS7006: Parameter 'id' implicitly has an 'any' type.
components/features/itinerary/molecules/ItineraryDaySection.stories.tsx(40,18): error TS7006: Parameter 'id' implicitly has an 'any' type.
components/features/itinerary/molecules/ItineraryDaySection.stories.tsx(46,5): error TS2353: Object literal may only specify known properties, and 'dayNumber' does not exist in type 'Partial<ItineraryDaySectionProps>'.
components/features/itinerary/molecules/ItineraryDaySection.stories.tsx(50,18): error TS7006: Parameter 'id' implicitly has an 'any' type.
components/features/itinerary/molecules/ItineraryDaySection.stories.tsx(57,5): error TS2353: Object literal may only specify known properties, and 'dayNumber' does not exist in type 'Partial<ItineraryDaySectionProps>'.
components/features/itinerary/molecules/ItineraryDaySection.stories.tsx(61,18): error TS7006: Parameter 'id' implicitly has an 'any' type.
components/features/itinerary/molecules/ItineraryDaySection.stories.tsx(67,5): error TS2353: Object literal may only specify known properties, and 'dayNumber' does not exist in type 'Partial<ItineraryDaySectionProps>'.
components/features/itinerary/molecules/ItineraryDaySection.stories.tsx(70,18): error TS7006: Parameter 'id' implicitly has an 'any' type.
components/features/itinerary/molecules/ItineraryDaySection.stories.tsx(72,18): error TS7006: Parameter 'id' implicitly has an 'any' type.
components/features/itinerary/molecules/ItineraryDaySection.tsx(92,52): error TS2352: Conversion of type 'ItineraryItem' to type 'DisplayItineraryItem' may be a mistake because neither type sufficiently overlaps with the other. If this was intentional, convert the expression to 'unknown' first.
  Property 'details' is missing in type 'ItineraryItem' but required in type 'DisplayItineraryItem'.
components/features/itinerary/molecules/ItineraryDaySection.tsx(96,19): error TS2322: Type '{ item: DisplayItineraryItem; dayNumber: number | undefined; }' is not assignable to type 'IntrinsicAttributes & ItineraryItemCardProps'.
  Property 'item' does not exist on type 'IntrinsicAttributes & ItineraryItemCardProps'.
components/features/itinerary/molecules/ItineraryDaySection.tsx(96,25): error TS2352: Conversion of type 'ItineraryItem' to type 'DisplayItineraryItem' may be a mistake because neither type sufficiently overlaps with the other. If this was intentional, convert the expression to 'unknown' first.
  Property 'details' is missing in type 'ItineraryItem' but required in type 'DisplayItineraryItem'.
components/features/itinerary/molecules/ItineraryFilters.tsx(105,31): error TS2322: Type '{ children: Element; asChild: true; }' is not assignable to type 'IntrinsicAttributes & PopoverTriggerProps'.
  Property 'asChild' does not exist on type 'IntrinsicAttributes & PopoverTriggerProps'.
components/features/itinerary/molecules/ItineraryItemNotes.tsx(60,17): error TS2339: Property 'supabase' does not exist on type '{ user: User | null; session: Session | null; isLoading: boolean; error: Error | null; isAuthenticated: boolean; }'.
components/features/itinerary/molecules/ItineraryTemplateDetail.tsx(8,24): error TS2307: Cannot find module './ui/button' or its corresponding type declarations.
components/features/itinerary/molecules/ItineraryTemplateDetail.tsx(9,23): error TS2307: Cannot find module './ui/badge' or its corresponding type declarations.
components/features/itinerary/molecules/ItineraryTemplateDetail.tsx(10,26): error TS2307: Cannot find module './ui/use-toast' or its corresponding type declarations.
components/features/itinerary/molecules/ItineraryTemplateDetail.tsx(11,53): error TS2307: Cannot find module './ui/avatar' or its corresponding type declarations.
components/features/itinerary/molecules/ItineraryTemplateDetail.tsx(13,28): error TS2307: Cannot find module './like-button' or its corresponding type declarations.
components/features/itinerary/molecules/ItineraryTemplateDetail.tsx(14,35): error TS2307: Cannot find module './use-template-button' or its corresponding type declarations.
components/features/itinerary/molecules/ItineraryTemplateDetail.tsx(16,34): error TS2307: Cannot find module './features/images' or its corresponding type declarations.
components/features/itinerary/molecules/UnscheduledItemsSection.tsx(15,10): error TS2305: Module '"./ItineraryDaySection"' has no exported member 'ItineraryItem'.
components/features/itinerary/organisms/ItineraryTabTemplate.tsx(15,31): error TS2305: Module '"../molecules/ItineraryDaySection"' has no exported member 'ItineraryItem'.
components/features/itinerary/organisms/ItineraryTabTemplate.tsx(126,11): error TS2322: Type '{ key: string; dayNumber: number; date: string | Date | undefined; items: ItineraryItem[]; onEditItem: ((id: string) => void) | undefined; onDeleteItem: ((id: string) => void) | undefined; onVoteItem: ((id: string) => void) | undefined; canEdit: boolean; }' is not assignable to type 'IntrinsicAttributes & ItineraryDaySectionProps'.
  Property 'dayNumber' does not exist on type 'IntrinsicAttributes & ItineraryDaySectionProps'.
components/features/itinerary/PlaceAutocomplete.tsx(49,11): error TS2353: Object literal may only specify known properties, and 'google_place_id' does not exist in type 'Partial<Place>'.
components/features/itinerary/QuickAddItemDialog.tsx(254,43): error TS2339: Property 'ACCOMMODATIONS' does not exist on type '{ readonly CAFES: "Cafes"; readonly CULTURAL: "Cultural"; readonly ENTERTAINMENT: "Entertainment"; readonly ICONICLANDMARKS: "IconicLandmarks"; readonly MUSEUMS: "Museums"; readonly NIGHTLIFE: "Nightlife"; ... 5 more ...; readonly TOURS: "Tours"; }'.
components/features/itinerary/QuickAddItemDialog.tsx(256,50): error TS2339: Property 'TRANSPORTATION' does not exist on type '{ readonly CAFES: "Cafes"; readonly CULTURAL: "Cultural"; readonly ENTERTAINMENT: "Entertainment"; readonly ICONICLANDMARKS: "IconicLandmarks"; readonly MUSEUMS: "Museums"; readonly NIGHTLIFE: "Nightlife"; ... 5 more ...; readonly TOURS: "Tours"; }'.
components/features/itinerary/QuickAddItemDialog.tsx(263,43): error TS2339: Property 'ACCOMMODATIONS' does not exist on type '{ readonly CAFES: "Cafes"; readonly CULTURAL: "Cultural"; readonly ENTERTAINMENT: "Entertainment"; readonly ICONICLANDMARKS: "IconicLandmarks"; readonly MUSEUMS: "Museums"; readonly NIGHTLIFE: "Nightlife"; ... 5 more ...; readonly TOURS: "Tours"; }'.
components/features/itinerary/QuickAddItemDialog.tsx(265,50): error TS2339: Property 'TRANSPORTATION' does not exist on type '{ readonly CAFES: "Cafes"; readonly CULTURAL: "Cultural"; readonly ENTERTAINMENT: "Entertainment"; readonly ICONICLANDMARKS: "IconicLandmarks"; readonly MUSEUMS: "Museums"; readonly NIGHTLIFE: "Nightlife"; ... 5 more ...; readonly TOURS: "Tours"; }'.
components/features/itinerary/QuickAddItemDialog.tsx(286,30): error TS2339: Property 'ACCOMMODATIONS' does not exist on type '{ readonly CAFES: "Cafes"; readonly CULTURAL: "Cultural"; readonly ENTERTAINMENT: "Entertainment"; readonly ICONICLANDMARKS: "IconicLandmarks"; readonly MUSEUMS: "Museums"; readonly NIGHTLIFE: "Nightlife"; ... 5 more ...; readonly TOURS: "Tours"; }'.
components/features/itinerary/QuickAddItemDialog.tsx(287,30): error TS2339: Property 'TRANSPORTATION' does not exist on type '{ readonly CAFES: "Cafes"; readonly CULTURAL: "Cultural"; readonly ENTERTAINMENT: "Entertainment"; readonly ICONICLANDMARKS: "IconicLandmarks"; readonly MUSEUMS: "Museums"; readonly NIGHTLIFE: "Nightlife"; ... 5 more ...; readonly TOURS: "Tours"; }'.
components/features/itinerary/QuickAddItemDialog.tsx(288,30): error TS2339: Property 'FOOD_AND_DRINK' does not exist on type '{ readonly CAFES: "Cafes"; readonly CULTURAL: "Cultural"; readonly ENTERTAINMENT: "Entertainment"; readonly ICONICLANDMARKS: "IconicLandmarks"; readonly MUSEUMS: "Museums"; readonly NIGHTLIFE: "Nightlife"; ... 5 more ...; readonly TOURS: "Tours"; }'.
components/features/itinerary/QuickAddItemDialog.tsx(289,30): error TS2339: Property 'CULTURAL_EXPERIENCES' does not exist on type '{ readonly CAFES: "Cafes"; readonly CULTURAL: "Cultural"; readonly ENTERTAINMENT: "Entertainment"; readonly ICONICLANDMARKS: "IconicLandmarks"; readonly MUSEUMS: "Museums"; readonly NIGHTLIFE: "Nightlife"; ... 5 more ...; readonly TOURS: "Tours"; }'.
components/features/itinerary/QuickAddItemDialog.tsx(290,30): error TS2339: Property 'OUTDOOR_ADVENTURES' does not exist on type '{ readonly CAFES: "Cafes"; readonly CULTURAL: "Cultural"; readonly ENTERTAINMENT: "Entertainment"; readonly ICONICLANDMARKS: "IconicLandmarks"; readonly MUSEUMS: "Museums"; readonly NIGHTLIFE: "Nightlife"; ... 5 more ...; readonly TOURS: "Tours"; }'.
components/features/itinerary/QuickAddItemDialog.tsx(291,30): error TS2551: Property 'ICONIC_LANDMARKS' does not exist on type '{ readonly CAFES: "Cafes"; readonly CULTURAL: "Cultural"; readonly ENTERTAINMENT: "Entertainment"; readonly ICONICLANDMARKS: "IconicLandmarks"; readonly MUSEUMS: "Museums"; readonly NIGHTLIFE: "Nightlife"; ... 5 more ...; readonly TOURS: "Tours"; }'. Did you mean 'ICONICLANDMARKS'?
components/features/itinerary/QuickAddItemDialog.tsx(292,30): error TS2339: Property 'LOCAL_SECRETS' does not exist on type '{ readonly CAFES: "Cafes"; readonly CULTURAL: "Cultural"; readonly ENTERTAINMENT: "Entertainment"; readonly ICONICLANDMARKS: "IconicLandmarks"; readonly MUSEUMS: "Museums"; readonly NIGHTLIFE: "Nightlife"; ... 5 more ...; readonly TOURS: "Tours"; }'.
components/features/itinerary/QuickAddItemDialog.tsx(294,30): error TS2339: Property 'RELAXATION' does not exist on type '{ readonly CAFES: "Cafes"; readonly CULTURAL: "Cultural"; readonly ENTERTAINMENT: "Entertainment"; readonly ICONICLANDMARKS: "IconicLandmarks"; readonly MUSEUMS: "Museums"; readonly NIGHTLIFE: "Nightlife"; ... 5 more ...; readonly TOURS: "Tours"; }'.
components/features/itinerary/QuickAddItemDialog.tsx(297,30): error TS2339: Property 'HEALTH_AND_WELLNESS' does not exist on type '{ readonly CAFES: "Cafes"; readonly CULTURAL: "Cultural"; readonly ENTERTAINMENT: "Entertainment"; readonly ICONICLANDMARKS: "IconicLandmarks"; readonly MUSEUMS: "Museums"; readonly NIGHTLIFE: "Nightlife"; ... 5 more ...; readonly TOURS: "Tours"; }'.
components/features/itinerary/QuickAddItemDialog.tsx(298,30): error TS2339: Property 'EDUCATIONAL' does not exist on type '{ readonly CAFES: "Cafes"; readonly CULTURAL: "Cultural"; readonly ENTERTAINMENT: "Entertainment"; readonly ICONICLANDMARKS: "IconicLandmarks"; readonly MUSEUMS: "Museums"; readonly NIGHTLIFE: "Nightlife"; ... 5 more ...; readonly TOURS: "Tours"; }'.
components/features/itinerary/QuickAddItemDialog.tsx(299,30): error TS2339: Property 'PHOTOGRAPHY' does not exist on type '{ readonly CAFES: "Cafes"; readonly CULTURAL: "Cultural"; readonly ENTERTAINMENT: "Entertainment"; readonly ICONICLANDMARKS: "IconicLandmarks"; readonly MUSEUMS: "Museums"; readonly NIGHTLIFE: "Nightlife"; ... 5 more ...; readonly TOURS: "Tours"; }'.
components/features/itinerary/QuickAddItemDialog.tsx(301,30): error TS2339: Property 'FLEXIBLE_OPTIONS' does not exist on type '{ readonly CAFES: "Cafes"; readonly CULTURAL: "Cultural"; readonly ENTERTAINMENT: "Entertainment"; readonly ICONICLANDMARKS: "IconicLandmarks"; readonly MUSEUMS: "Museums"; readonly NIGHTLIFE: "Nightlife"; ... 5 more ...; readonly TOURS: "Tours"; }'.
components/features/itinerary/templates/index.ts(7,15): error TS2307: Cannot find module './ItineraryTabTemplate' or its corresponding type declarations.
components/features/itinerary/templates/ItineraryTabLayout.tsx(13,31): error TS2305: Module '"../molecules/ItineraryDaySection"' has no exported member 'ItineraryItem'.
components/features/itinerary/templates/ItineraryTabLayout.tsx(78,11): error TS2322: Type '{ key: string; dayNumber: number; date: string | Date; items: ItineraryItem[]; onEditItem: ((id: string) => void) | undefined; onDeleteItem: ((id: string) => void) | undefined; onVoteItem: ((id: string) => void) | undefined; canEdit: boolean; }' is not assignable to type 'IntrinsicAttributes & ItineraryDaySectionProps'.
  Property 'dayNumber' does not exist on type 'IntrinsicAttributes & ItineraryDaySectionProps'.
components/features/itinerary/TripDetailsSection.tsx(8,35): error TS2307: Cannot find module './ItineraryItemCard' or its corresponding type declarations.
components/features/itinerary/TripDetailsSection.tsx(39,66): error TS2339: Property 'ACCOMMODATIONS' does not exist on type '{ readonly CAFES: "Cafes"; readonly CULTURAL: "Cultural"; readonly ENTERTAINMENT: "Entertainment"; readonly ICONICLANDMARKS: "IconicLandmarks"; readonly MUSEUMS: "Museums"; readonly NIGHTLIFE: "Nightlife"; ... 5 more ...; readonly TOURS: "Tours"; }'.
components/features/itinerary/TripDetailsSection.tsx(53,54): error TS2339: Property 'TRANSPORTATION' does not exist on type '{ readonly CAFES: "Cafes"; readonly CULTURAL: "Cultural"; readonly ENTERTAINMENT: "Entertainment"; readonly ICONICLANDMARKS: "IconicLandmarks"; readonly MUSEUMS: "Museums"; readonly NIGHTLIFE: "Nightlife"; ... 5 more ...; readonly TOURS: "Tours"; }'.
components/features/itinerary/TripDetailsSection.tsx(76,18): error TS7053: Element implicitly has an 'any' type because expression of type 'any' can't be used to index type '{ 'Iconic Landmarks': { emoji: string; label: string; color: string; }; 'Local Secrets': { emoji: string; label: string; color: string; }; 'Cultural Experiences': { emoji: string; label: string; color: string; }; ... 12 more ...; 'Flexible Options': { ...; }; }'.
components/features/itinerary/TripDetailsSection.tsx(76,56): error TS2339: Property 'ACCOMMODATIONS' does not exist on type '{ readonly CAFES: "Cafes"; readonly CULTURAL: "Cultural"; readonly ENTERTAINMENT: "Entertainment"; readonly ICONICLANDMARKS: "IconicLandmarks"; readonly MUSEUMS: "Museums"; readonly NIGHTLIFE: "Nightlife"; ... 5 more ...; readonly TOURS: "Tours"; }'.
components/features/itinerary/TripDetailsSection.tsx(111,18): error TS7053: Element implicitly has an 'any' type because expression of type 'any' can't be used to index type '{ 'Iconic Landmarks': { emoji: string; label: string; color: string; }; 'Local Secrets': { emoji: string; label: string; color: string; }; 'Cultural Experiences': { emoji: string; label: string; color: string; }; ... 12 more ...; 'Flexible Options': { ...; }; }'.
components/features/itinerary/TripDetailsSection.tsx(111,56): error TS2339: Property 'TRANSPORTATION' does not exist on type '{ readonly CAFES: "Cafes"; readonly CULTURAL: "Cultural"; readonly ENTERTAINMENT: "Entertainment"; readonly ICONICLANDMARKS: "IconicLandmarks"; readonly MUSEUMS: "Museums"; readonly NIGHTLIFE: "Nightlife"; ... 5 more ...; readonly TOURS: "Tours"; }'.
components/features/itinerary/UseItineraryButton.tsx(124,33): error TS2322: Type '{ children: Element; asChild: true; }' is not assignable to type 'IntrinsicAttributes & PopoverTriggerProps'.
  Property 'asChild' does not exist on type 'IntrinsicAttributes & PopoverTriggerProps'.
components/features/itinerary/UseItineraryButton.tsx(139,21): error TS2322: Type '{ mode: "single"; selected: Date | undefined; onSelect: Dispatch<SetStateAction<Date | undefined>>; initialFocus: true; }' is not assignable to type 'IntrinsicAttributes & CalendarProps'.
  Property 'initialFocus' does not exist on type 'IntrinsicAttributes & CalendarProps'.
components/features/itinerary/VerticalStepper.tsx(153,23): error TS2322: Type '{ children: string; side: "left"; align: string; className: string; }' is not assignable to type 'IntrinsicAttributes & TooltipContentProps'.
  Property 'align' does not exist on type 'IntrinsicAttributes & TooltipContentProps'.
components/features/layout/organisms/ClientLayout.tsx(3,31): error TS2307: Cannot find module '@/components/theme-provider' or its corresponding type declarations.
components/features/layout/organisms/ClientLayout.tsx(4,24): error TS2307: Cannot find module '@/components/footer' or its corresponding type declarations.
components/features/layout/organisms/ClientLayout.tsx(5,31): error TS2307: Cannot find module '@/components/cookie-consent' or its corresponding type declarations.
components/features/layout/organisms/ClientLayout.tsx(9,29): error TS2307: Cannot find module '@/components/features/search/command-menu' or its corresponding type declarations.
components/features/layout/organisms/ClientLayout.tsx(10,25): error TS2307: Cannot find module '@/components/ui/toaster' or its corresponding type declarations.
components/features/layout/organisms/ClientLayout.tsx(25,23): error TS2322: Type '{ children: Element; initialSession: null; }' is not assignable to type 'IntrinsicAttributes & { children: ReactNode; }'.
  Property 'initialSession' does not exist on type 'IntrinsicAttributes & { children: ReactNode; }'.
components/features/layout/organisms/ClientSideProviders.tsx(13,25): error TS2307: Cannot find module '@/hooks/useAuth' or its corresponding type declarations.
components/features/manage/atoms/index.ts(7,15): error TS2307: Cannot find module './entity-privacy-badge' or its corresponding type declarations.
components/features/manage/atoms/index.ts(8,15): error TS2307: Cannot find module './member-role-badge' or its corresponding type declarations.
components/features/manage/atoms/index.ts(9,15): error TS2307: Cannot find module './member-status-badge' or its corresponding type declarations.
components/features/manage/molecules/index.ts(7,15): error TS2307: Cannot find module './member-list-item' or its corresponding type declarations.
components/features/manage/molecules/index.ts(8,15): error TS2307: Cannot find module './privacy-settings-card' or its corresponding type declarations.
components/features/manage/molecules/MemberListItem.tsx(12,45): error TS2307: Cannot find module '../atoms/member-role-badge' or its corresponding type declarations.
components/features/manage/molecules/MemberListItem.tsx(13,49): error TS2307: Cannot find module '../atoms/member-status-badge' or its corresponding type declarations.
components/features/manage/molecules/MemberListItem.tsx(145,23): error TS2322: Type '{ children: (false | Element)[]; key: MemberRole; onClick: () => void; disabled: boolean; className: string; }' is not assignable to type 'IntrinsicAttributes & DropdownMenuItemProps'.
  Property 'disabled' does not exist on type 'IntrinsicAttributes & DropdownMenuItemProps'.
components/features/manage/molecules/PrivacySettingsCard.tsx(15,50): error TS2307: Cannot find module '../atoms/entity-privacy-badge' or its corresponding type declarations.
components/features/manage/molecules/PrivacySettingsCard.tsx(107,11): error TS2322: Type '{ children: Element[]; value: PrivacyLevel; onValueChange: (value: string) => void; disabled: boolean; className: string; }' is not assignable to type 'IntrinsicAttributes & RadioGroupProps'.
  Property 'onValueChange' does not exist on type 'IntrinsicAttributes & RadioGroupProps'.
components/features/manage/organisms/index.ts(7,15): error TS2307: Cannot find module './member-management' or its corresponding type declarations.
components/features/manage/organisms/MemberManagement.tsx(13,40): error TS2307: Cannot find module '../molecules/member-list-item' or its corresponding type declarations.
components/features/manage/organisms/MemberManagement.tsx(14,28): error TS2307: Cannot find module '../atoms/member-role-badge' or its corresponding type declarations.
components/features/manage/organisms/MemberManagement.tsx(27,28): error TS2307: Cannot find module '@/components/ui/scroll-area' or its corresponding type declarations.
components/features/manage/templates/index.ts(7,15): error TS2307: Cannot find module './manage-tab-template' or its corresponding type declarations.
components/features/manage/templates/ManageTabTemplate.tsx(14,34): error TS2307: Cannot find module '../organisms/member-management' or its corresponding type declarations.
components/features/manage/templates/ManageTabTemplate.tsx(15,37): error TS2307: Cannot find module '../molecules/privacy-settings-card' or its corresponding type declarations.
components/features/manage/templates/ManageTabTemplate.tsx(16,28): error TS2307: Cannot find module '../atoms/member-role-badge' or its corresponding type declarations.
components/features/manage/templates/ManageTabTemplate.tsx(17,30): error TS2307: Cannot find module '../atoms/entity-privacy-badge' or its corresponding type declarations.
components/features/manage/templates/ManageTabTemplate.tsx(18,24): error TS2307: Cannot find module '../molecules/member-list-item' or its corresponding type declarations.
components/features/manage/templates/ManageTabTemplate.tsx(195,43): error TS2322: Type '{ children: Element; asChild: true; }' is not assignable to type 'IntrinsicAttributes & AlertDialogTriggerProps'.
  Property 'asChild' does not exist on type 'IntrinsicAttributes & AlertDialogTriggerProps'.
components/features/maps/index.ts(2,10): error TS2305: Module '"./atoms/MapMarker"' has no exported member 'default'.
components/features/maps/molecules/MapPopup.stories.tsx(2,10): error TS2614: Module '"./MapPopup"' has no exported member 'MapPopup'. Did you mean to use 'import MapPopup from "./MapPopup"' instead?
components/features/maps/MultimodalMapView.tsx(7,10): error TS2614: Module '"./TransitRoute"' has no exported member 'TransitRoute'. Did you mean to use 'import TransitRoute from "./TransitRoute"' instead?
components/features/maps/organisms/PublicItineraryMap.stories.tsx(2,10): error TS2614: Module '"./PublicItineraryMap"' has no exported member 'PublicItineraryMap'. Did you mean to use 'import PublicItineraryMap from "./PublicItineraryMap"' instead?
components/features/notes/atoms/NoteContent.tsx(45,11): error TS2322: Type '({ node, inline, className, children, ...props }: { node: any; inline: boolean; className: string; children: ReactNode; props: any; }) => Element' is not assignable to type 'keyof IntrinsicElements | ComponentType<ClassAttributes<HTMLElement> & HTMLAttributes<HTMLElement> & ExtraProps> | undefined'.
  Type '({ node, inline, className, children, ...props }: { node: any; inline: boolean; className: string; children: ReactNode; props: any; }) => Element' is not assignable to type 'FunctionComponent<ClassAttributes<HTMLElement> & HTMLAttributes<HTMLElement> & ExtraProps>'.
    Types of parameters '__0' and 'props' are incompatible.
      Type 'ClassAttributes<HTMLElement> & HTMLAttributes<HTMLElement> & ExtraProps' is missing the following properties from type '{ node: any; inline: boolean; className: string; children: ReactNode; props: any; }': inline, props
components/features/notes/atoms/NoteTitle.stories.tsx(20,5): error TS2353: Object literal may only specify known properties, and 'onEdit' does not exist in type 'Partial<NoteTitleProps>'.
components/features/notes/atoms/NoteTitle.stories.tsx(28,5): error TS2353: Object literal may only specify known properties, and 'onEdit' does not exist in type 'Partial<NoteTitleProps>'.
components/features/notes/molecules/CollaborativeEditor.stories.tsx(18,5): error TS2353: Object literal may only specify known properties, and 'value' does not exist in type 'Partial<CollaborativeEditorProps>'.
components/features/notes/molecules/CollaborativeEditor.tsx(75,25): error TS2339: Property 'profile' does not exist on type 'User'.
components/features/notes/molecules/CollaborativeEditor.tsx(78,21): error TS2339: Property 'profile' does not exist on type 'User'.
components/features/notes/molecules/CollaborativeEditor.tsx(79,60): error TS2339: Property 'profile' does not exist on type 'User'.
components/features/notes/molecules/CollaborativeNotes.tsx(10,33): error TS2307: Cannot find module './trip-notes-editor' or its corresponding type declarations.
components/features/notes/molecules/CollaborativeNotes.tsx(28,28): error TS2307: Cannot find module '@/components/ui/scroll-area' or its corresponding type declarations.
components/features/notes/molecules/CollaborativeNotes.tsx(396,47): error TS2322: Type '{ children: Element; asChild: true; }' is not assignable to type 'IntrinsicAttributes & AlertDialogTriggerProps'.
  Property 'asChild' does not exist on type 'IntrinsicAttributes & AlertDialogTriggerProps'.
components/features/notes/molecules/NoteCard.stories.tsx(18,5): error TS2353: Object literal may only specify known properties, and 'note' does not exist in type 'Partial<NoteCardProps>'.
components/features/notes/molecules/TripNotesEditor.tsx(28,10): error TS2724: '"@/lib/hooks/use-toast"' has no exported member named 'toast'. Did you mean 'Toast'?
components/features/notes/templates/NotesTabTemplate.stories.tsx(24,5): error TS2322: Type '() => void' is not assignable to type '(id: string) => Promise<void>'.
  Type 'void' is not assignable to type 'Promise<void>'.
components/features/notes/templates/NotesTabTemplate.tsx(142,72): error TS2322: Type '{ tripId: string; readOnly: boolean; }' is not assignable to type 'IntrinsicAttributes & CollaborativeEditorProps'.
  Property 'readOnly' does not exist on type 'IntrinsicAttributes & CollaborativeEditorProps'.
components/features/onboarding/InterestSelector.tsx(5,25): error TS2307: Cannot find module '@/hooks' or its corresponding type declarations.
components/features/onboarding/InterestSelector.tsx(35,34): error TS7006: Parameter 't' implicitly has an 'any' type.
components/features/onboarding/InterestSelector.tsx(54,30): error TS7006: Parameter 'tag' implicitly has an 'any' type.
components/features/onboarding/InterestSelector.tsx(113,47): error TS2538: Type 'undefined' cannot be used as an index type.
components/features/onboarding/InterestSelector.tsx(114,47): error TS2538: Type 'undefined' cannot be used as an index type.
components/features/onboarding/InterestSelector.tsx(133,52): error TS2538: Type 'undefined' cannot be used as an index type.
components/features/onboarding/InterestSelector.tsx(163,34): error TS2322: Type 'number' is not assignable to type 'string'.
components/features/onboarding/InterestSelector.tsx(166,19): error TS2322: Type 'number[]' is not assignable to type 'number'.
components/features/onboarding/InterestSelector.tsx(167,35): error TS7006: Parameter 'value' implicitly has an 'any' type.
components/features/onboarding/organisms/InterestSelector.tsx(6,25): error TS2307: Cannot find module '@/hooks' or its corresponding type declarations.
components/features/onboarding/organisms/InterestSelector.tsx(48,34): error TS7006: Parameter 't' implicitly has an 'any' type.
components/features/onboarding/organisms/InterestSelector.tsx(68,30): error TS7006: Parameter 'tag' implicitly has an 'any' type.
components/features/onboarding/organisms/SuccessScreen.stories.tsx(25,5): error TS2353: Object literal may only specify known properties, and 'onComplete' does not exist in type 'Partial<SuccessScreenProps>'.
components/features/onboarding/organisms/SuccessScreen.stories.tsx(34,5): error TS2353: Object literal may only specify known properties, and 'userName' does not exist in type 'Partial<SuccessScreenProps>'.
components/features/onboarding/organisms/TravelPersonalityScreen.tsx(84,29): error TS2345: Argument of type '{ hiking: number; adventure: number; outdoors: number; nature: number; camping: number; museums?: undefined; history?: undefined; architecture?: undefined; art?: undefined; 'local-culture'?: undefined; ... 9 more ...; wellness?: undefined; } | { ...; } | { ...; } | { ...; }' is not assignable to parameter of type 'Record<string, number>'.
  Type '{ hiking: number; adventure: number; outdoors: number; nature: number; camping: number; museums?: undefined; history?: undefined; architecture?: undefined; art?: undefined; 'local-culture'?: undefined; ... 9 more ...; wellness?: undefined; }' is not assignable to type 'Record<string, number>'.
    Property ''museums'' is incompatible with index signature.
      Type 'undefined' is not assignable to type 'number'.
components/features/places/atoms/PlaceCard.stories.tsx(24,5): error TS2353: Object literal may only specify known properties, and 'place' does not exist in type 'Partial<PlaceCardProps>'.
components/features/places/atoms/PlaceCard.stories.tsx(38,5): error TS2353: Object literal may only specify known properties, and 'place' does not exist in type 'Partial<PlaceCardProps>'.
components/features/places/atoms/PlaceCard.stories.tsx(52,5): error TS2353: Object literal may only specify known properties, and 'place' does not exist in type 'Partial<PlaceCardProps>'.
components/features/places/atoms/PlaceCard.stories.tsx(66,5): error TS2353: Object literal may only specify known properties, and 'place' does not exist in type 'Partial<PlaceCardProps>'.
components/features/places/atoms/PlaceCard.stories.tsx(79,5): error TS2353: Object literal may only specify known properties, and 'place' does not exist in type 'Partial<PlaceCardProps>'.
components/features/places/molecules/LocationSearch.tsx(6,29): error TS2307: Cannot find module '@/hooks/use-debounce' or its corresponding type declarations.
components/features/places/molecules/PlaceCsvImportDialog.tsx(7,58): error TS2307: Cannot find module '@/components/place-csv-importer' or its corresponding type declarations.
components/features/places/molecules/PlaceCsvImporter.tsx(225,18): error TS2322: Type '{ children: Element; variant: string; }' is not assignable to type 'IntrinsicAttributes & AlertProps'.
  Property 'variant' does not exist on type 'IntrinsicAttributes & AlertProps'.
components/features/places/molecules/PlaceSearch.tsx(6,29): error TS2307: Cannot find module '@/hooks/use-debounce' or its corresponding type declarations.
components/features/places/organisms/PlaceList.stories.tsx(16,5): error TS2353: Object literal may only specify known properties, and 'onSelectPlace' does not exist in type 'Partial<ArgTypes<PlaceListProps>>'.
components/features/places/organisms/PlaceList.stories.tsx(65,5): error TS2353: Object literal may only specify known properties, and 'isLoading' does not exist in type 'Partial<PlaceListProps>'.
components/features/places/organisms/PlaceList.stories.tsx(73,5): error TS2353: Object literal may only specify known properties, and 'isLoading' does not exist in type 'Partial<PlaceListProps>'.
components/features/places/organisms/PlaceList.stories.tsx(81,5): error TS2353: Object literal may only specify known properties, and 'isLoading' does not exist in type 'Partial<PlaceListProps>'.
components/features/places/organisms/PlaceList.stories.tsx(89,5): error TS2353: Object literal may only specify known properties, and 'isLoading' does not exist in type 'Partial<PlaceListProps>'.
components/features/places/organisms/PlaceList.stories.tsx(97,5): error TS2353: Object literal may only specify known properties, and 'isLoading' does not exist in type 'Partial<PlaceListProps>'.
components/features/places/organisms/TripPlaces.stories.tsx(61,5): error TS2353: Object literal may only specify known properties, and 'onAddPlace' does not exist in type 'Partial<ArgTypes<TripPlacesProps>>'.
components/features/places/organisms/TripPlaces.stories.tsx(87,5): error TS2353: Object literal may only specify known properties, and 'canEdit' does not exist in type 'Partial<TripPlacesProps>'.
components/features/places/organisms/TripPlaces.stories.tsx(101,5): error TS2353: Object literal may only specify known properties, and 'canEdit' does not exist in type 'Partial<TripPlacesProps>'.
components/features/places/organisms/TripPlaces.stories.tsx(115,5): error TS2353: Object literal may only specify known properties, and 'canEdit' does not exist in type 'Partial<TripPlacesProps>'.
components/features/places/organisms/TripPlaces.stories.tsx(129,5): error TS2353: Object literal may only specify known properties, and 'canEdit' does not exist in type 'Partial<TripPlacesProps>'.
components/features/places/organisms/TripPlaces.stories.tsx(143,5): error TS2353: Object literal may only specify known properties, and 'canEdit' does not exist in type 'Partial<TripPlacesProps>'.
components/features/search/CommandMenu.tsx(13,8): error TS2307: Cannot find module '@/components/ui/command' or its corresponding type declarations.
components/features/search/CommandMenu.tsx(33,29): error TS2307: Cannot find module '@/hooks/use-debounce' or its corresponding type declarations.
components/features/trips/molecules/BudgetSnapshotSidebar.stories.tsx(2,10): error TS2614: Module '"./BudgetSnapshotSidebar"' has no exported member 'BudgetSnapshotSidebar'. Did you mean to use 'import BudgetSnapshotSidebar from "./BudgetSnapshotSidebar"' instead?
components/features/trips/molecules/CreatePollForm.tsx(225,33): error TS2322: Type '{ children: Element; asChild: true; }' is not assignable to type 'IntrinsicAttributes & PopoverTriggerProps'.
  Property 'asChild' does not exist on type 'IntrinsicAttributes & PopoverTriggerProps'.
components/features/trips/molecules/CreatePollForm.tsx(239,56): error TS2322: Type '{ children: Element; className: string; align: string; }' is not assignable to type 'IntrinsicAttributes & PopoverContentProps'.
  Property 'align' does not exist on type 'IntrinsicAttributes & PopoverContentProps'.
components/features/trips/molecules/CreatePollForm.tsx(244,21): error TS2322: Type '{ mode: "single"; selected: Date | undefined; onSelect: (...event: any[]) => void; disabled: (date: any) => boolean; initialFocus: true; }' is not assignable to type 'IntrinsicAttributes & CalendarProps'.
  Property 'disabled' does not exist on type 'IntrinsicAttributes & CalendarProps'.
components/features/trips/molecules/CreatePollForm.tsx(244,32): error TS7006: Parameter 'date' implicitly has an 'any' type.
components/features/trips/molecules/LikeButton.tsx(3,26): error TS2307: Cannot find module '@/hooks/use-likes' or its corresponding type declarations.
components/features/trips/molecules/PopularItineraries.tsx(4,39): error TS2307: Cannot find module '@/components/itinerary-template-card' or its corresponding type declarations.
components/features/trips/molecules/TrendingDestinations.tsx(15,8): error TS2307: Cannot find module '@/components/ui/carousel' or its corresponding type declarations.
components/features/trips/molecules/TrendingDestinations.tsx(22,33): error TS2307: Cannot find module '@/components/ui/features/destinations/molecules/DestinationCard' or its corresponding type declarations.
components/features/trips/molecules/TrendingDestinations.tsx(111,18): error TS2322: Type 'string' is not assignable to type 'number'.
components/features/trips/molecules/TrendingDestinations.tsx(118,14): error TS2322: Type '{ children: Element[]; variant: string; }' is not assignable to type 'IntrinsicAttributes & AlertProps'.
  Property 'variant' does not exist on type 'IntrinsicAttributes & AlertProps'.
components/features/trips/molecules/TripCard.stories.tsx(12,5): error TS2353: Object literal may only specify known properties, and 'trip' does not exist in type 'Partial<ArgTypes<TripCardProps>>'.
components/features/trips/molecules/TripCard.stories.tsx(42,5): error TS2353: Object literal may only specify known properties, and 'trip' does not exist in type 'Partial<TripCardProps>'.
components/features/trips/molecules/TripCard.stories.tsx(48,5): error TS2353: Object literal may only specify known properties, and 'trip' does not exist in type 'Partial<TripCardProps>'.
components/features/trips/molecules/TripCard.stories.tsx(57,5): error TS2353: Object literal may only specify known properties, and 'trip' does not exist in type 'Partial<TripCardProps>'.
components/features/trips/molecules/TripCard.stories.tsx(66,5): error TS2353: Object literal may only specify known properties, and 'trip' does not exist in type 'Partial<TripCardProps>'.
components/features/trips/molecules/TripDetailError.tsx(99,18): error TS2322: Type '{ children: Element[]; variant: string; className: string; }' is not assignable to type 'IntrinsicAttributes & AlertProps'.
  Property 'variant' does not exist on type 'IntrinsicAttributes & AlertProps'.
components/features/trips/molecules/TripListError.tsx(73,18): error TS2322: Type '{ children: Element[]; variant: string; className: string; }' is not assignable to type 'IntrinsicAttributes & AlertProps'.
  Property 'variant' does not exist on type 'IntrinsicAttributes & AlertProps'.
components/features/trips/molecules/TripOverviewTab.tsx(11,32): error TS2307: Cannot find module '@/components/location-search' or its corresponding type declarations.
components/features/trips/molecules/TripOverviewTab.tsx(14,30): error TS2307: Cannot find module '@/components/itinerary/itinerary-tab' or its corresponding type declarations.
components/features/trips/molecules/TripOverviewTab.tsx(15,47): error TS2307: Cannot find module '@/components/members-tab' or its corresponding type declarations.
components/features/trips/molecules/TripOverviewTab.tsx(88,20): error TS2352: Conversion of type 'ItineraryItem[]' to type 'DisplayItineraryItem[]' may be a mistake because neither type sufficiently overlaps with the other. If this was intentional, convert the expression to 'unknown' first.
  Property 'details' is missing in type 'ItineraryItem' but required in type 'DisplayItineraryItem'.
components/features/trips/molecules/TripOverviewTab.tsx(95,20): error TS2352: Conversion of type 'ItineraryItem[]' to type 'DisplayItineraryItem[]' may be a mistake because neither type sufficiently overlaps with the other. If this was intentional, convert the expression to 'unknown' first.
  Property 'details' is missing in type 'ItineraryItem' but required in type 'DisplayItineraryItem'.
components/features/trips/molecules/TripOverviewTab.tsx(185,21): error TS2339: Property 'profile' does not exist on type 'User'.
components/features/trips/molecules/TripOverviewTab.tsx(186,27): error TS2339: Property 'profile' does not exist on type 'User'.
components/features/trips/molecules/TripOverviewTab.tsx(187,25): error TS2339: Property 'profile' does not exist on type 'User'.
components/features/trips/molecules/TripOverviewTab.tsx(327,40): error TS7006: Parameter 'orderedDayNumbers' implicitly has an 'any' type.
components/features/trips/molecules/UseTemplateButton.tsx(27,46): error TS2307: Cannot find module '@/components/trips/organisms/CreateTripFromTemplateDialog' or its corresponding type declarations.
components/features/trips/organisms/SimplifiedTripHeader.tsx(11,39): error TS2307: Cannot find module '@/components/ui/features/trips/molecules/CompactBudgetSnapshot' or its corresponding type declarations.
components/features/trips/organisms/SimplifiedTripHeader.tsx(12,37): error TS2307: Cannot find module '@/components/features/images/image-search-selector' or its corresponding type declarations.
components/features/trips/organisms/SimplifiedTripHeader.tsx(171,37): error TS7006: Parameter 'imageUrl' implicitly has an 'any' type.
components/features/ui/ErrorBoundary.tsx(4,37): error TS2307: Cannot find module './error-boundary-button' or its corresponding type declarations.
components/features/ui/ErrorBoundaryButton.tsx(4,24): error TS2307: Cannot find module './ui/button' or its corresponding type declarations.
components/features/ui/GlobalErrorBoundary.tsx(4,24): error TS2307: Cannot find module './ui/button' or its corresponding type declarations.
components/features/ui/KeyboardShortcutsBar.tsx(128,37): error TS2322: Type '{ children: string; side: "left"; align: string; }' is not assignable to type 'IntrinsicAttributes & TooltipContentProps'.
  Property 'align' does not exist on type 'IntrinsicAttributes & TooltipContentProps'.
components/features/user/LoginForm.tsx(300,13): error TS2322: Type '{ id: string; checked: boolean; onCheckedChange: (checked: any) => void; }' is not assignable to type 'IntrinsicAttributes & CheckboxProps'.
  Property 'onCheckedChange' does not exist on type 'IntrinsicAttributes & CheckboxProps'.
components/features/user/LoginForm.tsx(300,31): error TS7006: Parameter 'checked' implicitly has an 'any' type.
components/features/user/ReferralLinkManager.tsx(4,29): error TS2307: Cannot find module '@/hooks/use-referral' or its corresponding type declarations.
components/features/user/ReferralLinkManager.tsx(55,18): error TS2322: Type '{ children: Element[]; variant: string; }' is not assignable to type 'IntrinsicAttributes & AlertProps'.
  Property 'variant' does not exist on type 'IntrinsicAttributes & AlertProps'.
components/features/user/SignupForm.tsx(460,15): error TS2322: Type '{ id: string; checked: boolean; onCheckedChange: (checked: any) => void; "aria-invalid": boolean; "aria-describedby": string | undefined; }' is not assignable to type 'IntrinsicAttributes & CheckboxProps'.
  Property 'onCheckedChange' does not exist on type 'IntrinsicAttributes & CheckboxProps'.
components/features/user/SignupForm.tsx(460,33): error TS7006: Parameter 'checked' implicitly has an 'any' type.
components/features/viator/ViatorExperienceGrid.tsx(4,24): error TS1261: Already included file name '/Users/tanho/GitHub_non_cloud/withme.travel/components/ui/slider.tsx' differs from file name '/Users/tanho/GitHub_non_cloud/withme.travel/components/ui/Slider.tsx' only in casing.
  The file is in the program because:
    Imported via '@/components/ui/slider' from file '/Users/tanho/GitHub_non_cloud/withme.travel/components/features/viator/ViatorExperienceGrid.tsx'
    Imported via '@/components/ui/slider' from file '/Users/tanho/GitHub_non_cloud/withme.travel/app/design-sandbox/design-sandbox-client.tsx'
    Imported via '@/components/ui/Slider' from file '/Users/tanho/GitHub_non_cloud/withme.travel/components/features/images/ImageSearchSelector.tsx'
    Imported via '@/components/ui/slider' from file '/Users/tanho/GitHub_non_cloud/withme.travel/components/features/onboarding/InterestSelector.tsx'
    Imported via './Slider' from file '/Users/tanho/GitHub_non_cloud/withme.travel/components/ui/Slider.stories.tsx'
    Matched by include pattern '**/*.tsx' in '/Users/tanho/GitHub_non_cloud/withme.travel/tsconfig.json'
components/features/viator/ViatorExperienceGrid.tsx(167,32): error TS2322: Type 'number' is not assignable to type 'string'.
components/features/viator/ViatorExperienceGrid.tsx(167,35): error TS2322: Type 'number' is not assignable to type 'string'.
components/features/viator/ViatorExperienceGrid.tsx(170,17): error TS2322: Type 'number[]' is not assignable to type 'number'.
components/layout/FooterCompanyLinks.stories.tsx(13,5): error TS2353: Object literal may only specify known properties, and 'links' does not exist in type 'Partial<ArgTypes<FooterCompanyLinksProps>>'.
components/layout/FooterCompanyLinks.stories.tsx(21,5): error TS2353: Object literal may only specify known properties, and 'links' does not exist in type 'Partial<FooterCompanyLinksProps>'.
components/layout/FooterCompanyLinks.stories.tsx(30,5): error TS2353: Object literal may only specify known properties, and 'links' does not exist in type 'Partial<FooterCompanyLinksProps>'.
components/layout/Navbar.stories.tsx(2,10): error TS2614: Module '"./Navbar"' has no exported member 'Navbar'. Did you mean to use 'import Navbar from "./Navbar"' instead?
components/layout/Navbar.tsx(18,17): error TS2339: Property 'logout' does not exist on type '{ user: User | null; session: Session | null; isLoading: boolean; error: Error | null; isAuthenticated: boolean; }'.
components/layout/NavbarSermenu.tsx(15,17): error TS2339: Property 'signOut' does not exist on type '{ user: User | null; session: Session | null; isLoading: boolean; error: Error | null; isAuthenticated: boolean; }'.
components/layout/NavbarThemeToggle.tsx(9,23): error TS2322: Type '{ variant: string; }' is not assignable to type 'IntrinsicAttributes'.
  Property 'variant' does not exist on type 'IntrinsicAttributes'.
components/layout/UserMenu.tsx(55,28): error TS2339: Property 'signOut' does not exist on type '{ user: User | null; session: Session | null; isLoading: boolean; error: Error | null; isAuthenticated: boolean; }'.
components/layout/UserMenu.tsx(105,29): error TS2339: Property 'profile' does not exist on type 'User'.
components/layout/UserMenu.tsx(106,27): error TS2339: Property 'profile' does not exist on type 'User'.
components/layout/UserMenu.tsx(140,42): error TS2339: Property 'profile' does not exist on type 'User'.
components/layout/UserMenu.tsx(141,20): error TS2339: Property 'profile' does not exist on type 'User'.
components/layout/UserMenu.tsx(190,57): error TS2322: Type '{ children: ("" | Element | null)[]; className: string; align: "end"; forceMount: true; }' is not assignable to type 'IntrinsicAttributes & DropdownMenuContentProps'.
  Property 'forceMount' does not exist on type 'IntrinsicAttributes & DropdownMenuContentProps'.
components/layout/UserMenu.tsx(201,40): error TS2339: Property 'profile' does not exist on type 'User'.
components/layout/UserMenu.tsx(201,57): error TS2339: Property 'profile' does not exist on type 'User'.
components/layout/UserNav.stories.tsx(13,5): error TS2353: Object literal may only specify known properties, and 'user' does not exist in type 'Partial<ArgTypes<UserNavProps>>'.
components/layout/UserNav.stories.tsx(23,5): error TS2353: Object literal may only specify known properties, and 'user' does not exist in type 'Partial<UserNavProps>'.
components/layout/UserNav.stories.tsx(30,5): error TS2353: Object literal may only specify known properties, and 'user' does not exist in type 'Partial<UserNavProps>'.
components/tags/TagList.tsx(21,25): error TS2307: Cannot find module '@/hooks' or its corresponding type declarations.
components/TravelTracker.tsx(7,28): error TS2307: Cannot find module '@/components/ui/scroll-area' or its corresponding type declarations.
components/ui/accordion.stories.tsx(18,5): error TS2353: Object literal may only specify known properties, and 'items' does not exist in type 'Partial<AccordionProps>'.
components/ui/accordion.stories.tsx(27,5): error TS2353: Object literal may only specify known properties, and 'items' does not exist in type 'Partial<AccordionProps>'.
components/ui/avatar.stories.tsx(18,5): error TS2353: Object literal may only specify known properties, and 'name' does not exist in type 'Partial<Omit<AvatarProps & RefAttributes<HTMLSpanElement>, "ref"> & RefAttributes<HTMLSpanElement>>'.
components/ui/avatar.stories.tsx(24,5): error TS2353: Object literal may only specify known properties, and 'name' does not exist in type 'Partial<Omit<AvatarProps & RefAttributes<HTMLSpanElement>, "ref"> & RefAttributes<HTMLSpanElement>>'.
components/ui/avatar.stories.tsx(31,5): error TS2353: Object literal may only specify known properties, and 'name' does not exist in type 'Partial<Omit<AvatarProps & RefAttributes<HTMLSpanElement>, "ref"> & RefAttributes<HTMLSpanElement>>'.
components/ui/calendar.stories.tsx(22,5): error TS2561: Object literal may only specify known properties, but 'selectedDate' does not exist in type 'Partial<CalendarProps>'. Did you mean to write 'selected'?
components/ui/DataTable.stories.tsx(27,5): error TS2322: Type '{ key: string; label: string; }[]' is not assignable to type '{ header: string; accessor: (item: unknown) => ReactNode; className?: string | undefined; }[]'.
  Type '{ key: string; label: string; }' is missing the following properties from type '{ header: string; accessor: (item: unknown) => ReactNode; className?: string | undefined; }': header, accessor
components/ui/DataTable.stories.tsx(34,5): error TS2322: Type '{ key: string; label: string; }[]' is not assignable to type '{ header: string; accessor: (item: unknown) => ReactNode; className?: string | undefined; }[]'.
  Type '{ key: string; label: string; }' is missing the following properties from type '{ header: string; accessor: (item: unknown) => ReactNode; className?: string | undefined; }': header, accessor
components/ui/dialog.stories.tsx(19,5): error TS2353: Object literal may only specify known properties, and 'title' does not exist in type 'Partial<DialogProps>'.
components/ui/dialog.stories.tsx(27,5): error TS2353: Object literal may only specify known properties, and 'title' does not exist in type 'Partial<DialogProps>'.
components/ui/dialog.tsx(46,5): error TS2769: No overload matches this call.
  The last overload gave the following error.
    Object literal may only specify known properties, and 'onClick' does not exist in type 'Partial<unknown> & Attributes'.
components/ui/input.tsx(11,18): error TS2430: Interface 'InputProps' incorrectly extends interface 'InputHTMLAttributes<HTMLInputElement>'.
  Types of property 'size' are incompatible.
    Type '"sm" | "lg" | "md" | undefined' is not assignable to type 'number | undefined'.
      Type 'string' is not assignable to type 'number'.
components/ui/RadioGroup.tsx(11,18): error TS2430: Interface 'RadioGroupProps' incorrectly extends interface 'HTMLAttributes<HTMLDivElement>'.
  Types of property 'onChange' are incompatible.
    Type '(value: string) => void' is not assignable to type 'FormEventHandler<HTMLDivElement>'.
      Types of parameters 'value' and 'event' are incompatible.
        Type 'FormEvent<HTMLDivElement>' is not assignable to type 'string'.
components/ui/RadioGroup.tsx(31,34): error TS18046: 'child.props' is of type 'unknown'.
components/ui/RadioGroup.tsx(32,40): error TS18046: 'child.props' is of type 'unknown'.
components/ui/Slider.stories.tsx(2,24): error TS1149: File name '/Users/tanho/GitHub_non_cloud/withme.travel/components/ui/Slider.tsx' differs from already included file name '/Users/tanho/GitHub_non_cloud/withme.travel/components/ui/slider.tsx' only in casing.
  The file is in the program because:
    Imported via '@/components/ui/slider' from file '/Users/tanho/GitHub_non_cloud/withme.travel/components/features/viator/ViatorExperienceGrid.tsx'
    Imported via '@/components/ui/slider' from file '/Users/tanho/GitHub_non_cloud/withme.travel/app/design-sandbox/design-sandbox-client.tsx'
    Imported via '@/components/ui/Slider' from file '/Users/tanho/GitHub_non_cloud/withme.travel/components/features/images/ImageSearchSelector.tsx'
    Imported via '@/components/ui/slider' from file '/Users/tanho/GitHub_non_cloud/withme.travel/components/features/onboarding/InterestSelector.tsx'
    Imported via './Slider' from file '/Users/tanho/GitHub_non_cloud/withme.travel/components/ui/Slider.stories.tsx'
    Matched by include pattern '**/*.tsx' in '/Users/tanho/GitHub_non_cloud/withme.travel/tsconfig.json'
lib/api/analytics.ts(169,73): error TS2769: No overload matches this call.
  Overload 1 of 2, '(values: { created_at?: string | null | undefined; event_data?: Json | undefined; event_type: string; id?: string | undefined; trip_id?: string | null | undefined; user_id?: string | null | undefined; }, options?: { ...; } | undefined): PostgrestFilterBuilder<...>', gave the following error.
    Object literal may only specify known properties, and 'event_name' does not exist in type '{ created_at?: string | null | undefined; event_data?: Json | undefined; event_type: string; id?: string | undefined; trip_id?: string | null | undefined; user_id?: string | null | undefined; }'.
  Overload 2 of 2, '(values: { created_at?: string | null | undefined; event_data?: Json | undefined; event_type: string; id?: string | undefined; trip_id?: string | null | undefined; user_id?: string | null | undefined; }[], options?: { ...; } | undefined): PostgrestFilterBuilder<...>', gave the following error.
    Object literal may only specify known properties, and 'user_id' does not exist in type '{ created_at?: string | null | undefined; event_data?: Json | undefined; event_type: string; id?: string | undefined; trip_id?: string | null | undefined; user_id?: string | null | undefined; }[]'.
lib/api/comments.ts(57,29): error TS2322: Type '{ id: string; entity_id: string; entity_type: string; content: string; user_id: string; created_at: string; updated_at: string | null; parent_id: string | null; is_edited: boolean; is_deleted: boolean; attachment_url: string | null; attachment_type: string | null; }[]' is not assignable to type 'Comment[]'.
  Type '{ id: string; entity_id: string; entity_type: string; content: string; user_id: string; created_at: string; updated_at: string | null; parent_id: string | null; is_edited: boolean; is_deleted: boolean; attachment_url: string | null; attachment_type: string | null; }' is not assignable to type 'Comment'.
    Types of property 'updated_at' are incompatible.
      Type 'string | null' is not assignable to type 'string | undefined'.
        Type 'null' is not assignable to type 'string | undefined'.
lib/api/comments.ts(87,7): error TS2322: Type 'string | null' is not assignable to type 'string | undefined'.
  Type 'null' is not assignable to type 'string | undefined'.
lib/api/comments.ts(111,72): error TS2339: Property 'user_id' does not exist on type 'Partial<Comment>'.
lib/api/comments.ts(123,21): error TS2339: Property 'user_id' does not exist on type 'Partial<Comment>'.
lib/api/comments.ts(124,23): error TS2339: Property 'parent_id' does not exist on type 'Partial<Comment>'.
lib/api/comments.ts(125,28): error TS2339: Property 'attachment_url' does not exist on type 'Partial<Comment>'.
lib/api/comments.ts(126,29): error TS2339: Property 'attachment_type' does not exist on type 'Partial<Comment>'.
lib/api/comments.ts(147,7): error TS2322: Type 'string | null' is not assignable to type 'string | undefined'.
  Type 'null' is not assignable to type 'string | undefined'.
lib/api/comments.ts(184,14): error TS2339: Property 'attachment_url' does not exist on type 'Partial<Comment>'.
lib/api/comments.ts(184,77): error TS2339: Property 'attachment_url' does not exist on type 'Partial<Comment>'.
lib/api/comments.ts(185,14): error TS2339: Property 'attachment_type' does not exist on type 'Partial<Comment>'.
lib/api/comments.ts(185,79): error TS2339: Property 'attachment_type' does not exist on type 'Partial<Comment>'.
lib/api/comments.ts(204,7): error TS2322: Type 'string | null' is not assignable to type 'string | undefined'.
  Type 'null' is not assignable to type 'string | undefined'.
lib/api/comments.ts(270,29): error TS2322: Type '{ id: string; entity_id: string; entity_type: string; content: string; user_id: string; created_at: string; updated_at: string | null; parent_id: string | null; is_edited: boolean; is_deleted: boolean; attachment_url: string | null; attachment_type: string | null; }[]' is not assignable to type 'Comment[]'.
  Type '{ id: string; entity_id: string; entity_type: string; content: string; user_id: string; created_at: string; updated_at: string | null; parent_id: string | null; is_edited: boolean; is_deleted: boolean; attachment_url: string | null; attachment_type: string | null; }' is not assignable to type 'Comment'.
    Types of property 'updated_at' are incompatible.
      Type 'string | null' is not assignable to type 'string | undefined'.
        Type 'null' is not assignable to type 'string | undefined'.
lib/api/destinations.ts(34,29): error TS2322: Type '{ accessibility: number | null; address: string | null; avg_cost_per_day: number | null; avg_days: number | null; beach_quality: number | null; best_season: string | null; byline: string | null; ... 41 more ...; wifi_connectivity: number | null; }[]' is not assignable to type 'Destination[]'.
  Type '{ accessibility: number | null; address: string | null; avg_cost_per_day: number | null; avg_days: number | null; beach_quality: number | null; best_season: string | null; byline: string | null; ... 41 more ...; wifi_connectivity: number | null; }' is not assignable to type 'Destination'.
    Types of property 'name' are incompatible.
      Type 'string | null' is not assignable to type 'string'.
        Type 'null' is not assignable to type 'string'.
lib/api/destinations.ts(56,29): error TS2322: Type '{ accessibility: number | null; address: string | null; avg_cost_per_day: number | null; avg_days: number | null; beach_quality: number | null; best_season: string | null; byline: string | null; ... 41 more ...; wifi_connectivity: number | null; }' is not assignable to type 'Destination'.
  Types of property 'name' are incompatible.
    Type 'string | null' is not assignable to type 'string'.
      Type 'null' is not assignable to type 'string'.
lib/api/destinations.ts(77,29): error TS2322: Type '{ accessibility: number | null; address: string | null; avg_cost_per_day: number | null; avg_days: number | null; beach_quality: number | null; best_season: string | null; byline: string | null; ... 41 more ...; wifi_connectivity: number | null; }' is not assignable to type 'Destination'.
  Types of property 'name' are incompatible.
    Type 'string | null' is not assignable to type 'string'.
      Type 'null' is not assignable to type 'string'.
lib/api/destinations.ts(104,29): error TS2322: Type '{ accessibility: number | null; address: string | null; avg_cost_per_day: number | null; avg_days: number | null; beach_quality: number | null; best_season: string | null; byline: string | null; ... 41 more ...; wifi_connectivity: number | null; }' is not assignable to type 'Destination'.
  Types of property 'name' are incompatible.
    Type 'string | null' is not assignable to type 'string'.
      Type 'null' is not assignable to type 'string'.
lib/api/destinations.ts(149,29): error TS2322: Type '{ accessibility: number | null; address: string | null; avg_cost_per_day: number | null; avg_days: number | null; beach_quality: number | null; best_season: string | null; byline: string | null; ... 41 more ...; wifi_connectivity: number | null; }[]' is not assignable to type 'Destination[]'.
  Type '{ accessibility: number | null; address: string | null; avg_cost_per_day: number | null; avg_days: number | null; beach_quality: number | null; best_season: string | null; byline: string | null; ... 41 more ...; wifi_connectivity: number | null; }' is not assignable to type 'Destination'.
    Types of property 'name' are incompatible.
      Type 'string | null' is not assignable to type 'string'.
        Type 'null' is not assignable to type 'string'.
lib/api/expenses.ts(33,29): error TS2322: Type '{ amount: number; category: string | null; created_at: string | null; currency: string; date: string | null; id: string; paid_by: string | null; source: string | null; title: string; trip_id: string | null; updated_at: string; }[]' is not assignable to type 'Expense[]'.
  Type '{ amount: number; category: string | null; created_at: string | null; currency: string; date: string | null; id: string; paid_by: string | null; source: string | null; title: string; trip_id: string | null; updated_at: string; }' is missing the following properties from type 'Expense': created_by, paid_at
lib/api/expenses.ts(56,29): error TS2739: Type '{ amount: number; category: string | null; created_at: string | null; currency: string; date: string | null; id: string; paid_by: string | null; source: string | null; title: string; trip_id: string | null; updated_at: string; }' is missing the following properties from type 'Expense': created_by, paid_at
lib/api/expenses.ts(79,15): error TS2769: No overload matches this call.
  Overload 1 of 2, '(values: { amount: number; category?: string | null | undefined; created_at?: string | null | undefined; currency?: string | undefined; date?: string | null | undefined; id?: string | undefined; ... 4 more ...; updated_at?: string | undefined; }, options?: { ...; } | undefined): PostgrestFilterBuilder<...>', gave the following error.
    Argument of type '{ trip_id: string; id?: string | undefined; title?: string | undefined; description?: string | undefined; amount?: number | undefined; category?: string | undefined; date?: string | undefined; currency?: string | undefined; ... 6 more ...; paid_at?: string | undefined; }' is not assignable to parameter of type '{ amount: number; category?: string | null | undefined; created_at?: string | null | undefined; currency?: string | undefined; date?: string | null | undefined; id?: string | undefined; ... 4 more ...; updated_at?: string | undefined; }'.
      Types of property 'amount' are incompatible.
        Type 'number | undefined' is not assignable to type 'number'.
          Type 'undefined' is not assignable to type 'number'.
  Overload 2 of 2, '(values: { amount: number; category?: string | null | undefined; created_at?: string | null | undefined; currency?: string | undefined; date?: string | null | undefined; id?: string | undefined; ... 4 more ...; updated_at?: string | undefined; }[], options?: { ...; } | undefined): PostgrestFilterBuilder<...>', gave the following error.
    Argument of type '{ trip_id: string; id?: string | undefined; title?: string | undefined; description?: string | undefined; amount?: number | undefined; category?: string | undefined; date?: string | undefined; currency?: string | undefined; ... 6 more ...; paid_at?: string | undefined; }' is not assignable to parameter of type '{ amount: number; category?: string | null | undefined; created_at?: string | null | undefined; currency?: string | undefined; date?: string | null | undefined; id?: string | undefined; ... 4 more ...; updated_at?: string | undefined; }[]'.
      Type '{ trip_id: string; id?: string | undefined; title?: string | undefined; description?: string | undefined; amount?: number | undefined; category?: string | undefined; date?: string | undefined; ... 7 more ...; paid_at?: string | undefined; }' is missing the following properties from type '{ amount: number; category?: string | null | undefined; created_at?: string | null | undefined; currency?: string | undefined; date?: string | null | undefined; id?: string | undefined; ... 4 more ...; updated_at?: string | undefined; }[]': length, pop, push, concat, and 35 more.
lib/api/expenses.ts(84,29): error TS2739: Type '{ amount: number; category: string | null; created_at: string | null; currency: string; date: string | null; id: string; paid_by: string | null; source: string | null; title: string; trip_id: string | null; updated_at: string; }' is missing the following properties from type 'Expense': created_by, paid_at
lib/api/expenses.ts(113,29): error TS2739: Type '{ amount: number; category: string | null; created_at: string | null; currency: string; date: string | null; id: string; paid_by: string | null; source: string | null; title: string; trip_id: string | null; updated_at: string; }' is missing the following properties from type 'Expense': created_by, paid_at
lib/api/expenses.ts(159,73): error TS2769: No overload matches this call.
  Overload 1 of 2, '(values: { amount: number; category?: string | null | undefined; created_at?: string | null | undefined; currency?: string | undefined; date?: string | null | undefined; id?: string | undefined; ... 4 more ...; updated_at?: string | undefined; }, options?: { ...; } | undefined): PostgrestFilterBuilder<...>', gave the following error.
    Argument of type '{ trip_id: string; id?: string | undefined; title?: string | undefined; description?: string | undefined; amount?: number | undefined; category?: string | undefined; date?: string | undefined; ... 7 more ...; paid_at?: string | undefined; }[]' is not assignable to parameter of type '{ amount: number; category?: string | null | undefined; created_at?: string | null | undefined; currency?: string | undefined; date?: string | null | undefined; id?: string | undefined; ... 4 more ...; updated_at?: string | undefined; }'.
      Type '{ trip_id: string; id?: string | undefined; title?: string | undefined; description?: string | undefined; amount?: number | undefined; category?: string | undefined; date?: string | undefined; ... 7 more ...; paid_at?: string | undefined; }[]' is missing the following properties from type '{ amount: number; category?: string | null | undefined; created_at?: string | null | undefined; currency?: string | undefined; date?: string | null | undefined; id?: string | undefined; ... 4 more ...; updated_at?: string | undefined; }': amount, title
  Overload 2 of 2, '(values: { amount: number; category?: string | null | undefined; created_at?: string | null | undefined; currency?: string | undefined; date?: string | null | undefined; id?: string | undefined; ... 4 more ...; updated_at?: string | undefined; }[], options?: { ...; } | undefined): PostgrestFilterBuilder<...>', gave the following error.
    Argument of type '{ trip_id: string; id?: string | undefined; title?: string | undefined; description?: string | undefined; amount?: number | undefined; category?: string | undefined; date?: string | undefined; ... 7 more ...; paid_at?: string | undefined; }[]' is not assignable to parameter of type '{ amount: number; category?: string | null | undefined; created_at?: string | null | undefined; currency?: string | undefined; date?: string | null | undefined; id?: string | undefined; ... 4 more ...; updated_at?: string | undefined; }[]'.
      Type '{ trip_id: string; id?: string | undefined; title?: string | undefined; description?: string | undefined; amount?: number | undefined; category?: string | undefined; date?: string | undefined; currency?: string | undefined; ... 6 more ...; paid_at?: string | undefined; }' is not assignable to type '{ amount: number; category?: string | null | undefined; created_at?: string | null | undefined; currency?: string | undefined; date?: string | null | undefined; id?: string | undefined; ... 4 more ...; updated_at?: string | undefined; }'.
        Types of property 'amount' are incompatible.
          Type 'number | undefined' is not assignable to type 'number'.
            Type 'undefined' is not assignable to type 'number'.
lib/api/expenses.ts(162,29): error TS2322: Type '{ amount: number; category: string | null; created_at: string | null; currency: string; date: string | null; id: string; paid_by: string | null; source: string | null; title: string; trip_id: string | null; updated_at: string; }[]' is not assignable to type 'Expense[]'.
  Type '{ amount: number; category: string | null; created_at: string | null; currency: string; date: string | null; id: string; paid_by: string | null; source: string | null; title: string; trip_id: string | null; updated_at: string; }' is missing the following properties from type 'Expense': created_by, paid_at
lib/api/groups.ts(44,29): error TS2322: Type '{ cover_image_url: string | null; created_at: string | null; created_by: string | null; description: string | null; emoji: string | null; guest_token: string | null; id: string; ... 7 more ...; visibility: string; }[]' is not assignable to type 'Group[]'.
  Type '{ cover_image_url: string | null; created_at: string | null; created_by: string | null; description: string | null; emoji: string | null; guest_token: string | null; id: string; ... 7 more ...; visibility: string; }' is not assignable to type 'Group'.
    Types of property 'description' are incompatible.
      Type 'string | null' is not assignable to type 'string | undefined'.
        Type 'null' is not assignable to type 'string | undefined'.
lib/api/groups.ts(122,29): error TS2322: Type '{ cover_image_url: string | null; created_at: string | null; created_by: string | null; description: string | null; emoji: string | null; guest_token: string | null; id: string; ... 7 more ...; visibility: string; }' is not assignable to type 'Group'.
  Types of property 'description' are incompatible.
    Type 'string | null' is not assignable to type 'string | undefined'.
      Type 'null' is not assignable to type 'string | undefined'.
lib/api/groups.ts(189,29): error TS2322: Type '{ cover_image_url: string | null; created_at: string | null; created_by: string | null; description: string | null; emoji: string | null; guest_token: string | null; id: string; ... 7 more ...; visibility: string; }' is not assignable to type 'Group'.
  Types of property 'description' are incompatible.
    Type 'string | null' is not assignable to type 'string | undefined'.
      Type 'null' is not assignable to type 'string | undefined'.
lib/api/groups.ts(213,9): error TS2322: Type 'string | null' is not assignable to type 'string | undefined'.
  Type 'null' is not assignable to type 'string | undefined'.
lib/api/groups.ts(214,23): error TS2339: Property 'emoji' does not exist on type 'Partial<Group>'.
lib/api/groups.ts(215,28): error TS2339: Property 'visibility' does not exist on type 'Partial<Group>'.
lib/api/groups.ts(232,9): error TS2769: No overload matches this call.
  Overload 1 of 2, '(values: { cover_image_url?: string | null | undefined; created_at?: string | null | undefined; created_by?: string | null | undefined; description?: string | null | undefined; emoji?: string | null | undefined; ... 9 more ...; visibility?: string | undefined; }, options?: { ...; } | undefined): PostgrestFilterBuilder<...>', gave the following error.
    Type 'string | undefined' is not assignable to type 'string'.
      Type 'undefined' is not assignable to type 'string'.
  Overload 2 of 2, '(values: { cover_image_url?: string | null | undefined; created_at?: string | null | undefined; created_by?: string | null | undefined; description?: string | null | undefined; emoji?: string | null | undefined; ... 9 more ...; visibility?: string | undefined; }[], options?: { ...; } | undefined): PostgrestFilterBuilder<...>', gave the following error.
    Object literal may only specify known properties, and 'name' does not exist in type '{ cover_image_url?: string | null | undefined; created_at?: string | null | undefined; created_by?: string | null | undefined; description?: string | null | undefined; emoji?: string | null | undefined; ... 9 more ...; visibility?: string | undefined; }[]'.
lib/api/groups.ts(234,21): error TS2339: Property 'emoji' does not exist on type 'Partial<Group>'.
lib/api/groups.ts(235,26): error TS2339: Property 'visibility' does not exist on type 'Partial<Group>'.
lib/api/groups.ts(293,9): error TS2769: No overload matches this call.
  Overload 1 of 2, '(values: { cover_image_url?: string | null | undefined; created_at?: string | null | undefined; created_by?: string | null | undefined; description?: string | null | undefined; emoji?: string | null | undefined; ... 9 more ...; visibility?: string | undefined; }, options?: { ...; } | undefined): PostgrestFilterBuilder<...>', gave the following error.
    Type 'string | undefined' is not assignable to type 'string'.
      Type 'undefined' is not assignable to type 'string'.
  Overload 2 of 2, '(values: { cover_image_url?: string | null | undefined; created_at?: string | null | undefined; created_by?: string | null | undefined; description?: string | null | undefined; emoji?: string | null | undefined; ... 9 more ...; visibility?: string | undefined; }[], options?: { ...; } | undefined): PostgrestFilterBuilder<...>', gave the following error.
    Object literal may only specify known properties, and 'name' does not exist in type '{ cover_image_url?: string | null | undefined; created_at?: string | null | undefined; created_by?: string | null | undefined; description?: string | null | undefined; emoji?: string | null | undefined; ... 9 more ...; visibility?: string | undefined; }[]'.
lib/api/groups.ts(295,21): error TS2339: Property 'emoji' does not exist on type 'Partial<Group>'.
lib/api/groups.ts(296,26): error TS2339: Property 'visibility' does not exist on type 'Partial<Group>'.
lib/api/groups.ts(321,29): error TS2322: Type '{ cover_image_url: string | null; created_at: string | null; created_by: string | null; description: string | null; emoji: string | null; guest_token: string | null; id: string; ... 7 more ...; visibility: string; }' is not assignable to type 'Group'.
  Types of property 'description' are incompatible.
    Type 'string | null' is not assignable to type 'string | undefined'.
      Type 'null' is not assignable to type 'string | undefined'.
lib/api/groups.ts(352,29): error TS2322: Type '{ cover_image_url: string | null; created_at: string | null; created_by: string | null; description: string | null; emoji: string | null; guest_token: string | null; id: string; ... 7 more ...; visibility: string; }' is not assignable to type 'Group'.
  Types of property 'description' are incompatible.
    Type 'string | null' is not assignable to type 'string | undefined'.
      Type 'null' is not assignable to type 'string | undefined'.
lib/api/groups.ts(397,50): error TS2345: Argument of type '"is_group_member_with_role"' is not assignable to parameter of type '"path" | "polygon" | "text" | "_postgis_deprecate" | "_postgis_index_extent" | "_postgis_pgsql_version" | "_postgis_scripts_pgsql_version" | "_postgis_selectivity" | "_st_3dintersects" | ... 487 more ... | "validate_itinerary"'.
lib/api/groups.ts(404,33): error TS2322: Type 'unknown' is not assignable to type 'boolean'.
lib/api/groups.ts(633,15): error TS2769: No overload matches this call.
  Overload 1 of 2, '(values: { created_at?: string | null | undefined; created_by?: string | null | undefined; created_by_guest_token?: string | null | undefined; description?: string | null | undefined; group_id?: string | ... 1 more ... | undefined; ... 5 more ...; updated_at?: string | ... 1 more ... | undefined; }, options?: { ...; } | undefined): PostgrestFilterBuilder<...>', gave the following error.
    Argument of type '{ group_id: string; title: any; description: any; status: any; start_date: any; end_date: any; meta: any; created_by: string; }' is not assignable to parameter of type '{ created_at?: string | null | undefined; created_by?: string | null | undefined; created_by_guest_token?: string | null | undefined; description?: string | null | undefined; group_id?: string | ... 1 more ... | undefined; ... 5 more ...; updated_at?: string | ... 1 more ... | undefined; }'.
      Property 'name' is missing in type '{ group_id: string; title: any; description: any; status: any; start_date: any; end_date: any; meta: any; created_by: string; }' but required in type '{ created_at?: string | null | undefined; created_by?: string | null | undefined; created_by_guest_token?: string | null | undefined; description?: string | null | undefined; group_id?: string | ... 1 more ... | undefined; ... 5 more ...; updated_at?: string | ... 1 more ... | undefined; }'.
  Overload 2 of 2, '(values: { created_at?: string | null | undefined; created_by?: string | null | undefined; created_by_guest_token?: string | null | undefined; description?: string | null | undefined; group_id?: string | ... 1 more ... | undefined; ... 5 more ...; updated_at?: string | ... 1 more ... | undefined; }[], options?: { ...; } | undefined): PostgrestFilterBuilder<...>', gave the following error.
    Argument of type '{ group_id: string; title: any; description: any; status: any; start_date: any; end_date: any; meta: any; created_by: string; }' is not assignable to parameter of type '{ created_at?: string | null | undefined; created_by?: string | null | undefined; created_by_guest_token?: string | null | undefined; description?: string | null | undefined; group_id?: string | ... 1 more ... | undefined; ... 5 more ...; updated_at?: string | ... 1 more ... | undefined; }[]'.
      Type '{ group_id: string; title: any; description: any; status: any; start_date: any; end_date: any; meta: any; created_by: string; }' is missing the following properties from type '{ created_at?: string | null | undefined; created_by?: string | null | undefined; created_by_guest_token?: string | null | undefined; description?: string | null | undefined; group_id?: string | ... 1 more ... | undefined; ... 5 more ...; updated_at?: string | ... 1 more ... | undefined; }[]': length, pop, push, concat, and 35 more.
lib/api/groups.ts(653,64): error TS2551: Property 'GROUP_PLAN_ITEMS' does not exist on type '{ readonly ACCESS_REQUESTS: "access_requests"; readonly ALBUMS: "albums"; readonly BUDGET_ITEMS: "budget_items"; readonly CITIES: "cities"; readonly COLLABORATIVE_NOTES: "collaborative_notes"; ... 78 more ...; readonly TRIP_ANALYTICS_EVENTS: "trip_analytics_events"; }'. Did you mean 'GROUP_PLAN_IDEAS'?
lib/api/groups.ts(721,20): error TS2551: Property 'GROUP_PLAN_ITEMS' does not exist on type '{ readonly ACCESS_REQUESTS: "access_requests"; readonly ALBUMS: "albums"; readonly BUDGET_ITEMS: "budget_items"; readonly CITIES: "cities"; readonly COLLABORATIVE_NOTES: "collaborative_notes"; ... 78 more ...; readonly TRIP_ANALYTICS_EVENTS: "trip_analytics_events"; }'. Did you mean 'GROUP_PLAN_IDEAS'?
lib/api/groups.ts(767,26): error TS2551: Property 'GROUP_PLAN_ITEMS' does not exist on type '{ readonly ACCESS_REQUESTS: "access_requests"; readonly ALBUMS: "albums"; readonly BUDGET_ITEMS: "budget_items"; readonly CITIES: "cities"; readonly COLLABORATIVE_NOTES: "collaborative_notes"; ... 78 more ...; readonly TRIP_ANALYTICS_EVENTS: "trip_analytics_events"; }'. Did you mean 'GROUP_PLAN_IDEAS'?
lib/api/groups.ts(789,26): error TS2551: Property 'GROUP_PLAN_ITEMS' does not exist on type '{ readonly ACCESS_REQUESTS: "access_requests"; readonly ALBUMS: "albums"; readonly BUDGET_ITEMS: "budget_items"; readonly CITIES: "cities"; readonly COLLABORATIVE_NOTES: "collaborative_notes"; ... 78 more ...; readonly TRIP_ANALYTICS_EVENTS: "trip_analytics_events"; }'. Did you mean 'GROUP_PLAN_IDEAS'?
lib/api/groups.ts(814,47): error TS7006: Parameter 'result' implicitly has an 'any' type.
lib/api/groups.ts(838,20): error TS2551: Property 'GROUP_PLAN_ITEMS' does not exist on type '{ readonly ACCESS_REQUESTS: "access_requests"; readonly ALBUMS: "albums"; readonly BUDGET_ITEMS: "budget_items"; readonly CITIES: "cities"; readonly COLLABORATIVE_NOTES: "collaborative_notes"; ... 78 more ...; readonly TRIP_ANALYTICS_EVENTS: "trip_analytics_events"; }'. Did you mean 'GROUP_PLAN_IDEAS'?
lib/api/itineraries.ts(72,39): error TS2339: Property 'offset' does not exist on type 'PostgrestFilterBuilder<{ Tables: { ab_test_variants: { Row: { created_at: string | null; description: string | null; id: string; is_active: boolean | null; name: string; study_id: string; updated_at: string | null; weight: number | null; }; Insert: { ...; }; Update: { ...; }; Relationships: []; }; ... 112 more ...; ...'.
lib/api/itineraries.ts(169,57): error TS2339: Property 'sort' does not exist on type 'SelectQueryError<"could not find the relation between itinerary_template_sections and template_activities">'.
lib/api/itineraries.ts(170,12): error TS7006: Parameter 'a' implicitly has an 'any' type.
lib/api/itineraries.ts(170,15): error TS7006: Parameter 'b' implicitly has an 'any' type.
lib/api/itinerary.ts(34,29): error TS2322: Type '{ address: string | null; attribution_metadata: Json; attribution_type: string | null; canonical_url: string | null; category: "Nightlife" | "Other" | "Shopping" | "Iconic Landmarks" | ... 11 more ... | null; ... 43 more ...; votes: Json; }[]' is not assignable to type 'ItineraryItem[]'.
  Type '{ address: string | null; attribution_metadata: Json; attribution_type: string | null; canonical_url: string | null; category: "Nightlife" | "Other" | "Shopping" | "Iconic Landmarks" | ... 11 more ... | null; ... 43 more ...; votes: Json; }' is not assignable to type 'ItineraryItem'.
    Types of property 'trip_id' are incompatible.
      Type 'string | null' is not assignable to type 'string'.
        Type 'null' is not assignable to type 'string'.
lib/api/itinerary.ts(60,29): error TS2322: Type '{ address: string | null; attribution_metadata: Json; attribution_type: string | null; canonical_url: string | null; category: "Nightlife" | "Other" | "Shopping" | "Iconic Landmarks" | ... 11 more ... | null; ... 43 more ...; votes: Json; }' is not assignable to type 'ItineraryItem'.
  Types of property 'trip_id' are incompatible.
    Type 'string | null' is not assignable to type 'string'.
      Type 'null' is not assignable to type 'string'.
lib/api/itinerary.ts(83,15): error TS2769: No overload matches this call.
  Overload 1 of 2, '(values: { address?: string | null | undefined; attribution_metadata?: Json | undefined; attribution_type?: string | null | undefined; canonical_url?: string | null | undefined; ... 44 more ...; votes?: Json | undefined; }, options?: { ...; } | undefined): PostgrestFilterBuilder<...>', gave the following error.
    Argument of type '{ trip_id: string; id?: string | undefined; title?: string | undefined; description?: string | undefined; start_time?: string | undefined; end_time?: string | undefined; location?: string | undefined; created_at?: string | undefined; created_by?: string | undefined; updated_at?: string | undefined; status?: string |...' is not assignable to parameter of type '{ address?: string | null | undefined; attribution_metadata?: Json | undefined; attribution_type?: string | null | undefined; canonical_url?: string | null | undefined; category?: "Nightlife" | ... 15 more ... | undefined; ... 43 more ...; votes?: Json | undefined; }'.
      Types of property 'status' are incompatible.
        Type 'string | undefined' is not assignable to type '"confirmed" | "rejected" | "suggested" | null | undefined'.
          Type 'string' is not assignable to type '"confirmed" | "rejected" | "suggested" | null | undefined'.
  Overload 2 of 2, '(values: { address?: string | null | undefined; attribution_metadata?: Json | undefined; attribution_type?: string | null | undefined; canonical_url?: string | null | undefined; ... 44 more ...; votes?: Json | undefined; }[], options?: { ...; } | undefined): PostgrestFilterBuilder<...>', gave the following error.
    Argument of type '{ trip_id: string; id?: string | undefined; title?: string | undefined; description?: string | undefined; start_time?: string | undefined; end_time?: string | undefined; location?: string | undefined; created_at?: string | undefined; created_by?: string | undefined; updated_at?: string | undefined; status?: string |...' is not assignable to parameter of type '{ address?: string | null | undefined; attribution_metadata?: Json | undefined; attribution_type?: string | null | undefined; canonical_url?: string | null | undefined; category?: "Nightlife" | ... 15 more ... | undefined; ... 43 more ...; votes?: Json | undefined; }[]'.
      Type '{ trip_id: string; id?: string | undefined; title?: string | undefined; description?: string | undefined; start_time?: string | undefined; end_time?: string | undefined; location?: string | undefined; ... 4 more ...; order?: number | undefined; }' is missing the following properties from type '{ address?: string | null | undefined; attribution_metadata?: Json | undefined; attribution_type?: string | null | undefined; canonical_url?: string | null | undefined; category?: "Nightlife" | ... 15 more ... | undefined; ... 43 more ...; votes?: Json | undefined; }[]': length, pop, push, concat, and 35 more.
lib/api/itinerary.ts(88,29): error TS2322: Type '{ address: string | null; attribution_metadata: Json; attribution_type: string | null; canonical_url: string | null; category: "Nightlife" | "Other" | "Shopping" | "Iconic Landmarks" | ... 11 more ... | null; ... 43 more ...; votes: Json; }' is not assignable to type 'ItineraryItem'.
  Types of property 'trip_id' are incompatible.
    Type 'string | null' is not assignable to type 'string'.
      Type 'null' is not assignable to type 'string'.
lib/api/itinerary.ts(110,15): error TS2345: Argument of type 'Partial<ItineraryItem>' is not assignable to parameter of type '{ address?: string | null | undefined; attribution_metadata?: Json | undefined; attribution_type?: string | null | undefined; canonical_url?: string | null | undefined; category?: "Nightlife" | ... 15 more ... | undefined; ... 43 more ...; votes?: Json | undefined; }'.
  Types of property 'status' are incompatible.
    Type 'string | undefined' is not assignable to type '"confirmed" | "rejected" | "suggested" | null | undefined'.
      Type 'string' is not assignable to type '"confirmed" | "rejected" | "suggested" | null | undefined'.
lib/api/itinerary.ts(117,29): error TS2322: Type '{ address: string | null; attribution_metadata: Json; attribution_type: string | null; canonical_url: string | null; category: "Nightlife" | "Other" | "Shopping" | "Iconic Landmarks" | ... 11 more ... | null; ... 43 more ...; votes: Json; }' is not assignable to type 'ItineraryItem'.
  Types of property 'trip_id' are incompatible.
    Type 'string | null' is not assignable to type 'string'.
      Type 'null' is not assignable to type 'string'.
lib/api/itinerary.ts(174,15): error TS2769: No overload matches this call.
  Overload 1 of 2, '(values: { address?: string | null | undefined; attribution_metadata?: Json | undefined; attribution_type?: string | null | undefined; canonical_url?: string | null | undefined; ... 44 more ...; votes?: Json | undefined; }, options?: { ...; } | undefined): PostgrestFilterBuilder<...>', gave the following error.
    Argument of type '{ id: string; position: number; }[]' is not assignable to parameter of type '{ address?: string | null | undefined; attribution_metadata?: Json | undefined; attribution_type?: string | null | undefined; canonical_url?: string | null | undefined; category?: "Nightlife" | ... 15 more ... | undefined; ... 43 more ...; votes?: Json | undefined; }'.
      Property 'title' is missing in type '{ id: string; position: number; }[]' but required in type '{ address?: string | null | undefined; attribution_metadata?: Json | undefined; attribution_type?: string | null | undefined; canonical_url?: string | null | undefined; category?: "Nightlife" | ... 15 more ... | undefined; ... 43 more ...; votes?: Json | undefined; }'.
  Overload 2 of 2, '(values: { address?: string | null | undefined; attribution_metadata?: Json | undefined; attribution_type?: string | null | undefined; canonical_url?: string | null | undefined; ... 44 more ...; votes?: Json | undefined; }[], options?: { ...; } | undefined): PostgrestFilterBuilder<...>', gave the following error.
    Argument of type '{ id: string; position: number; }[]' is not assignable to parameter of type '{ address?: string | null | undefined; attribution_metadata?: Json | undefined; attribution_type?: string | null | undefined; canonical_url?: string | null | undefined; category?: "Nightlife" | ... 15 more ... | undefined; ... 43 more ...; votes?: Json | undefined; }[]'.
      Property 'title' is missing in type '{ id: string; position: number; }' but required in type '{ address?: string | null | undefined; attribution_metadata?: Json | undefined; attribution_type?: string | null | undefined; canonical_url?: string | null | undefined; category?: "Nightlife" | ... 15 more ... | undefined; ... 43 more ...; votes?: Json | undefined; }'.
lib/api/itinerary.ts(179,29): error TS2322: Type '{ address: string | null; attribution_metadata: Json; attribution_type: string | null; canonical_url: string | null; category: "Nightlife" | "Other" | "Shopping" | "Iconic Landmarks" | ... 11 more ... | null; ... 43 more ...; votes: Json; }[]' is not assignable to type 'ItineraryItem[]'.
  Type '{ address: string | null; attribution_metadata: Json; attribution_type: string | null; canonical_url: string | null; category: "Nightlife" | "Other" | "Shopping" | "Iconic Landmarks" | ... 11 more ... | null; ... 43 more ...; votes: Json; }' is not assignable to type 'ItineraryItem'.
    Types of property 'trip_id' are incompatible.
      Type 'string | null' is not assignable to type 'string'.
        Type 'null' is not assignable to type 'string'.
lib/api/permissions.ts(36,29): error TS2322: Type '{ approved_at: string | null; approved_by: string | null; created_at: string; email: string | null; id: string; message: string | null; name: string | null; reason: string | null; requested_at: string; ... 4 more ...; user_id: string; }[]' is not assignable to type 'PermissionRequest[]'.
  Property 'requested_role' is missing in type '{ approved_at: string | null; approved_by: string | null; created_at: string; email: string | null; id: string; message: string | null; name: string | null; reason: string | null; requested_at: string; ... 4 more ...; user_id: string; }' but required in type 'PermissionRequest'.
lib/api/permissions.ts(62,29): error TS2741: Property 'requested_role' is missing in type '{ approved_at: string | null; approved_by: string | null; created_at: string; email: string | null; id: string; message: string | null; name: string | null; reason: string | null; requested_at: string; ... 4 more ...; user_id: string; }' but required in type 'PermissionRequest'.
lib/api/permissions.ts(91,15): error TS2769: No overload matches this call.
  Overload 1 of 2, '(values: { approved_at?: string | null | undefined; approved_by?: string | null | undefined; created_at?: string | undefined; email?: string | null | undefined; id?: string | undefined; message?: string | ... 1 more ... | undefined; ... 7 more ...; user_id: string; }, options?: { ...; } | undefined): PostgrestFilterBuilder<...>', gave the following error.
    Argument of type '{ trip_id: string; status: string; created_at: string; id?: string | undefined; user_id?: string | undefined; requested_role?: string | undefined; requested_at?: string | undefined; resolved_at?: string | undefined; resolved_by?: string | undefined; message?: string | null | undefined; updated_at?: string | null | u...' is not assignable to parameter of type '{ approved_at?: string | null | undefined; approved_by?: string | null | undefined; created_at?: string | undefined; email?: string | null | undefined; id?: string | undefined; message?: string | ... 1 more ... | undefined; ... 7 more ...; user_id: string; }'.
      Types of property 'updated_at' are incompatible.
        Type 'string | null | undefined' is not assignable to type 'string | undefined'.
          Type 'null' is not assignable to type 'string | undefined'.
  Overload 2 of 2, '(values: { approved_at?: string | null | undefined; approved_by?: string | null | undefined; created_at?: string | undefined; email?: string | null | undefined; id?: string | undefined; message?: string | ... 1 more ... | undefined; ... 7 more ...; user_id: string; }[], options?: { ...; } | undefined): PostgrestFilterBuilder<...>', gave the following error.
    Argument of type '{ trip_id: string; status: string; created_at: string; id?: string | undefined; user_id?: string | undefined; requested_role?: string | undefined; requested_at?: string | undefined; resolved_at?: string | undefined; resolved_by?: string | undefined; message?: string | null | undefined; updated_at?: string | null | u...' is not assignable to parameter of type '{ approved_at?: string | null | undefined; approved_by?: string | null | undefined; created_at?: string | undefined; email?: string | null | undefined; id?: string | undefined; message?: string | ... 1 more ... | undefined; ... 7 more ...; user_id: string; }[]'.
      Type '{ trip_id: string; status: string; created_at: string; id?: string | undefined; user_id?: string | undefined; requested_role?: string | undefined; requested_at?: string | undefined; resolved_at?: string | undefined; resolved_by?: string | undefined; message?: string | ... 1 more ... | undefined; updated_at?: string ...' is missing the following properties from type '{ approved_at?: string | null | undefined; approved_by?: string | null | undefined; created_at?: string | undefined; email?: string | null | undefined; id?: string | undefined; message?: string | ... 1 more ... | undefined; ... 7 more ...; user_id: string; }[]': length, pop, push, concat, and 35 more.
lib/api/permissions.ts(96,29): error TS2741: Property 'requested_role' is missing in type '{ approved_at: string | null; approved_by: string | null; created_at: string; email: string | null; id: string; message: string | null; name: string | null; reason: string | null; requested_at: string; ... 4 more ...; user_id: string; }' but required in type 'PermissionRequest'.
lib/api/permissions.ts(132,29): error TS2741: Property 'requested_role' is missing in type '{ approved_at: string | null; approved_by: string | null; created_at: string; email: string | null; id: string; message: string | null; name: string | null; reason: string | null; requested_at: string; ... 4 more ...; user_id: string; }' but required in type 'PermissionRequest'.
lib/api/permissions.ts(222,21): error TS2339: Property 'requested_role' does not exist on type '{ approved_at: string | null; approved_by: string | null; created_at: string; email: string | null; id: string; message: string | null; name: string | null; reason: string | null; requested_at: string; ... 4 more ...; user_id: string; }'.
lib/api/permissions.ts(242,29): error TS2741: Property 'requested_role' is missing in type '{ approved_at: string | null; approved_by: string | null; created_at: string; email: string | null; id: string; message: string | null; name: string | null; reason: string | null; requested_at: string; ... 4 more ...; user_id: string; }' but required in type 'PermissionRequest'.
lib/api/permissions.ts(302,29): error TS2741: Property 'requested_role' is missing in type '{ approved_at: string | null; approved_by: string | null; created_at: string; email: string | null; id: string; message: string | null; name: string | null; reason: string | null; requested_at: string; ... 4 more ...; user_id: string; }' but required in type 'PermissionRequest'.
lib/api/permissions.ts(338,36): error TS2339: Property 'status' does not exist on type 'SelectQueryError<"column 'status' does not exist on 'trip_members'.">'.
lib/api/permissions.ts(343,28): error TS2339: Property 'role' does not exist on type 'SelectQueryError<"column 'status' does not exist on 'trip_members'.">'.
lib/api/permissions.ts(344,31): error TS2339: Property 'role' does not exist on type 'SelectQueryError<"column 'status' does not exist on 'trip_members'.">'.
lib/api/permissions.ts(432,7): error TS2698: Spread types may only be created from object types.
lib/api/permissions.ts(433,21): error TS2339: Property 'profiles' does not exist on type 'SelectQueryError<"column 'status' does not exist on 'trip_members'.">'.
lib/api/permissions.ts(475,9): error TS2322: Type 'string' is not assignable to type '"admin" | "editor" | "contributor" | "viewer" | undefined'.
lib/api/permissions.ts(484,29): error TS2322: Type '{ user_id: string | null; role: "admin" | "editor" | "contributor" | "viewer"; }' is not assignable to type '{ user_id: string; role: string; }'.
  Types of property 'user_id' are incompatible.
    Type 'string | null' is not assignable to type 'string'.
      Type 'null' is not assignable to type 'string'.
lib/api/places.ts(31,49): error TS2769: No overload matches this call.
  Overload 1 of 2, '(relation: "access_requests" | "albums" | "budget_items" | "cities" | "collaborative_notes" | "collaborative_sessions" | "comments" | "content_customizations" | "content_quality_metrics" | ... 104 more ... | "validation_logs"): PostgrestQueryBuilder<...>', gave the following error.
    Argument of type '"places"' is not assignable to parameter of type '"access_requests" | "albums" | "budget_items" | "cities" | "collaborative_notes" | "collaborative_sessions" | "comments" | "content_customizations" | "content_quality_metrics" | ... 104 more ... | "validation_logs"'.
  Overload 2 of 2, '(relation: "user_onboarding_status" | "discoverable_groups" | "user_groups" | "admin_onboarding_analytics" | "geography_columns" | "geometry_columns" | "group_recent_activity" | "user_feature_preferences"): PostgrestQueryBuilder<...>', gave the following error.
    Argument of type '"places"' is not assignable to parameter of type '"user_onboarding_status" | "discoverable_groups" | "user_groups" | "admin_onboarding_analytics" | "geography_columns" | "geometry_columns" | "group_recent_activity" | "user_feature_preferences"'.
lib/api/places.ts(33,29): error TS2322: Type 'ResultOne[]' is not assignable to type 'Place[]'.
  Type 'ResultOne' is not assignable to type 'Place'.
lib/api/places.ts(48,13): error TS2769: No overload matches this call.
  Overload 1 of 2, '(relation: "access_requests" | "albums" | "budget_items" | "cities" | "collaborative_notes" | "collaborative_sessions" | "comments" | "content_customizations" | "content_quality_metrics" | ... 104 more ... | "validation_logs"): PostgrestQueryBuilder<...>', gave the following error.
    Argument of type '"places"' is not assignable to parameter of type '"access_requests" | "albums" | "budget_items" | "cities" | "collaborative_notes" | "collaborative_sessions" | "comments" | "content_customizations" | "content_quality_metrics" | ... 104 more ... | "validation_logs"'.
  Overload 2 of 2, '(relation: "user_onboarding_status" | "discoverable_groups" | "user_groups" | "admin_onboarding_analytics" | "geography_columns" | "geometry_columns" | "group_recent_activity" | "user_feature_preferences"): PostgrestQueryBuilder<...>', gave the following error.
    Argument of type '"places"' is not assignable to parameter of type '"user_onboarding_status" | "discoverable_groups" | "user_groups" | "admin_onboarding_analytics" | "geography_columns" | "geometry_columns" | "group_recent_activity" | "user_feature_preferences"'.
lib/api/places.ts(54,29): error TS2739: Type '{}' is missing the following properties from type 'Place': id, name, created_at
lib/api/places.ts(69,13): error TS2769: No overload matches this call.
  Overload 1 of 2, '(relation: "access_requests" | "albums" | "budget_items" | "cities" | "collaborative_notes" | "collaborative_sessions" | "comments" | "content_customizations" | "content_quality_metrics" | ... 104 more ... | "validation_logs"): PostgrestQueryBuilder<...>', gave the following error.
    Argument of type '"places"' is not assignable to parameter of type '"access_requests" | "albums" | "budget_items" | "cities" | "collaborative_notes" | "collaborative_sessions" | "comments" | "content_customizations" | "content_quality_metrics" | ... 104 more ... | "validation_logs"'.
  Overload 2 of 2, '(relation: "user_onboarding_status" | "discoverable_groups" | "user_groups" | "admin_onboarding_analytics" | "geography_columns" | "geometry_columns" | "group_recent_activity" | "user_feature_preferences"): PostgrestQueryBuilder<...>', gave the following error.
    Argument of type '"places"' is not assignable to parameter of type '"user_onboarding_status" | "discoverable_groups" | "user_groups" | "admin_onboarding_analytics" | "geography_columns" | "geometry_columns" | "group_recent_activity" | "user_feature_preferences"'.
lib/api/places.ts(75,29): error TS2322: Type 'NewResultOne' is not assignable to type 'Place'.
lib/api/places.ts(91,13): error TS2769: No overload matches this call.
  Overload 1 of 2, '(relation: "access_requests" | "albums" | "budget_items" | "cities" | "collaborative_notes" | "collaborative_sessions" | "comments" | "content_customizations" | "content_quality_metrics" | ... 104 more ... | "validation_logs"): PostgrestQueryBuilder<...>', gave the following error.
    Argument of type '"places"' is not assignable to parameter of type '"access_requests" | "albums" | "budget_items" | "cities" | "collaborative_notes" | "collaborative_sessions" | "comments" | "content_customizations" | "content_quality_metrics" | ... 104 more ... | "validation_logs"'.
  Overload 2 of 2, '(relation: "user_onboarding_status" | "discoverable_groups" | "user_groups" | "admin_onboarding_analytics" | "geography_columns" | "geometry_columns" | "group_recent_activity" | "user_feature_preferences"): PostgrestQueryBuilder<...>', gave the following error.
    Argument of type '"places"' is not assignable to parameter of type '"user_onboarding_status" | "discoverable_groups" | "user_groups" | "admin_onboarding_analytics" | "geography_columns" | "geometry_columns" | "group_recent_activity" | "user_feature_preferences"'.
lib/api/places.ts(98,29): error TS2322: Type 'NewResultOne' is not assignable to type 'Place'.
lib/api/places.ts(112,43): error TS2769: No overload matches this call.
  Overload 1 of 2, '(relation: "access_requests" | "albums" | "budget_items" | "cities" | "collaborative_notes" | "collaborative_sessions" | "comments" | "content_customizations" | "content_quality_metrics" | ... 104 more ... | "validation_logs"): PostgrestQueryBuilder<...>', gave the following error.
    Argument of type '"places"' is not assignable to parameter of type '"access_requests" | "albums" | "budget_items" | "cities" | "collaborative_notes" | "collaborative_sessions" | "comments" | "content_customizations" | "content_quality_metrics" | ... 104 more ... | "validation_logs"'.
  Overload 2 of 2, '(relation: "user_onboarding_status" | "discoverable_groups" | "user_groups" | "admin_onboarding_analytics" | "geography_columns" | "geometry_columns" | "group_recent_activity" | "user_feature_preferences"): PostgrestQueryBuilder<...>', gave the following error.
    Argument of type '"places"' is not assignable to parameter of type '"user_onboarding_status" | "discoverable_groups" | "user_groups" | "admin_onboarding_analytics" | "geography_columns" | "geometry_columns" | "group_recent_activity" | "user_feature_preferences"'.
lib/api/tags.ts(37,29): error TS2322: Type '{ category: string | null; created_at: string | null; created_by: string | null; description: string | null; emoji: string | null; id: string; is_verified: boolean | null; metadata: Json; name: string; slug: string; updated_at: string | null; use_count: number | null; }[]' is not assignable to type 'Tag[]'.
  Type '{ category: string | null; created_at: string | null; created_by: string | null; description: string | null; emoji: string | null; id: string; is_verified: boolean | null; metadata: Json; name: string; slug: string; updated_at: string | null; use_count: number | null; }' is missing the following properties from type 'Tag': entity_id, entity_type
lib/api/tags.ts(61,15): error TS2769: No overload matches this call.
  Overload 1 of 2, '(values: { category?: string | null | undefined; created_at?: string | null | undefined; created_by?: string | null | undefined; description?: string | null | undefined; emoji?: string | null | undefined; ... 6 more ...; use_count?: number | ... 1 more ... | undefined; }, options?: { ...; } | undefined): PostgrestFilterBuilder<...>', gave the following error.
    Argument of type '{ entity_id: string; entity_type: string; id?: string | undefined; name?: string | undefined; color?: string | undefined; created_at?: string | undefined; created_by?: string | undefined; }' is not assignable to parameter of type '{ category?: string | null | undefined; created_at?: string | null | undefined; created_by?: string | null | undefined; description?: string | null | undefined; emoji?: string | null | undefined; ... 6 more ...; use_count?: number | ... 1 more ... | undefined; }'.
      Property 'slug' is missing in type '{ entity_id: string; entity_type: string; id?: string | undefined; name?: string | undefined; color?: string | undefined; created_at?: string | undefined; created_by?: string | undefined; }' but required in type '{ category?: string | null | undefined; created_at?: string | null | undefined; created_by?: string | null | undefined; description?: string | null | undefined; emoji?: string | null | undefined; ... 6 more ...; use_count?: number | ... 1 more ... | undefined; }'.
  Overload 2 of 2, '(values: { category?: string | null | undefined; created_at?: string | null | undefined; created_by?: string | null | undefined; description?: string | null | undefined; emoji?: string | null | undefined; ... 6 more ...; use_count?: number | ... 1 more ... | undefined; }[], options?: { ...; } | undefined): PostgrestFilterBuilder<...>', gave the following error.
    Argument of type '{ entity_id: string; entity_type: string; id?: string | undefined; name?: string | undefined; color?: string | undefined; created_at?: string | undefined; created_by?: string | undefined; }' is not assignable to parameter of type '{ category?: string | null | undefined; created_at?: string | null | undefined; created_by?: string | null | undefined; description?: string | null | undefined; emoji?: string | null | undefined; ... 6 more ...; use_count?: number | ... 1 more ... | undefined; }[]'.
      Type '{ entity_id: string; entity_type: string; id?: string | undefined; name?: string | undefined; color?: string | undefined; created_at?: string | undefined; created_by?: string | undefined; }' is missing the following properties from type '{ category?: string | null | undefined; created_at?: string | null | undefined; created_by?: string | null | undefined; description?: string | null | undefined; emoji?: string | null | undefined; ... 6 more ...; use_count?: number | ... 1 more ... | undefined; }[]': length, pop, push, concat, and 35 more.
lib/api/tags.ts(66,29): error TS2739: Type '{ category: string | null; created_at: string | null; created_by: string | null; description: string | null; emoji: string | null; id: string; is_verified: boolean | null; metadata: Json; name: string; slug: string; updated_at: string | null; use_count: number | null; }' is missing the following properties from type 'Tag': entity_id, entity_type
lib/api/tags.ts(96,29): error TS2739: Type '{ category: string | null; created_at: string | null; created_by: string | null; description: string | null; emoji: string | null; id: string; is_verified: boolean | null; metadata: Json; name: string; slug: string; updated_at: string | null; use_count: number | null; }' is missing the following properties from type 'Tag': entity_id, entity_type
lib/api/tags.ts(141,29): error TS2322: Type '{ category: string | null; created_at: string | null; created_by: string | null; description: string | null; emoji: string | null; id: string; is_verified: boolean | null; metadata: Json; name: string; slug: string; updated_at: string | null; use_count: number | null; }[]' is not assignable to type 'Tag[]'.
  Type '{ category: string | null; created_at: string | null; created_by: string | null; description: string | null; emoji: string | null; id: string; is_verified: boolean | null; metadata: Json; name: string; slug: string; updated_at: string | null; use_count: number | null; }' is missing the following properties from type 'Tag': entity_id, entity_type
lib/api/tags.ts(170,15): error TS2769: No overload matches this call.
  Overload 1 of 2, '(values: { category?: string | null | undefined; created_at?: string | null | undefined; created_by?: string | null | undefined; description?: string | null | undefined; emoji?: string | null | undefined; ... 6 more ...; use_count?: number | ... 1 more ... | undefined; }, options?: { ...; } | undefined): PostgrestFilterBuilder<...>', gave the following error.
    Argument of type '{ entity_id: string; entity_type: string; id?: string | undefined; name?: string | undefined; color?: string | undefined; created_at?: string | undefined; created_by?: string | undefined; }' is not assignable to parameter of type '{ category?: string | null | undefined; created_at?: string | null | undefined; created_by?: string | null | undefined; description?: string | null | undefined; emoji?: string | null | undefined; ... 6 more ...; use_count?: number | ... 1 more ... | undefined; }'.
      Property 'slug' is missing in type '{ entity_id: string; entity_type: string; id?: string | undefined; name?: string | undefined; color?: string | undefined; created_at?: string | undefined; created_by?: string | undefined; }' but required in type '{ category?: string | null | undefined; created_at?: string | null | undefined; created_by?: string | null | undefined; description?: string | null | undefined; emoji?: string | null | undefined; ... 6 more ...; use_count?: number | ... 1 more ... | undefined; }'.
  Overload 2 of 2, '(values: { category?: string | null | undefined; created_at?: string | null | undefined; created_by?: string | null | undefined; description?: string | null | undefined; emoji?: string | null | undefined; ... 6 more ...; use_count?: number | ... 1 more ... | undefined; }[], options?: { ...; } | undefined): PostgrestFilterBuilder<...>', gave the following error.
    Argument of type '{ entity_id: string; entity_type: string; id?: string | undefined; name?: string | undefined; color?: string | undefined; created_at?: string | undefined; created_by?: string | undefined; }' is not assignable to parameter of type '{ category?: string | null | undefined; created_at?: string | null | undefined; created_by?: string | null | undefined; description?: string | null | undefined; emoji?: string | null | undefined; ... 6 more ...; use_count?: number | ... 1 more ... | undefined; }[]'.
      Type '{ entity_id: string; entity_type: string; id?: string | undefined; name?: string | undefined; color?: string | undefined; created_at?: string | undefined; created_by?: string | undefined; }' is missing the following properties from type '{ category?: string | null | undefined; created_at?: string | null | undefined; created_by?: string | null | undefined; description?: string | null | undefined; emoji?: string | null | undefined; ... 6 more ...; use_count?: number | ... 1 more ... | undefined; }[]': length, pop, push, concat, and 35 more.
lib/api/tags.ts(175,29): error TS2739: Type '{ category: string | null; created_at: string | null; created_by: string | null; description: string | null; emoji: string | null; id: string; is_verified: boolean | null; metadata: Json; name: string; slug: string; updated_at: string | null; use_count: number | null; }' is missing the following properties from type 'Tag': entity_id, entity_type
lib/api/tasks.ts(32,35): error TS2589: Type instantiation is excessively deep and possibly infinite.
lib/api/tasks.ts(33,13): error TS2769: No overload matches this call.
  Overload 1 of 2, '(relation: "access_requests" | "albums" | "budget_items" | "cities" | "collaborative_notes" | "collaborative_sessions" | "comments" | "content_customizations" | "content_quality_metrics" | ... 104 more ... | "validation_logs"): PostgrestQueryBuilder<...>', gave the following error.
    Argument of type '"task_details"' is not assignable to parameter of type '"access_requests" | "albums" | "budget_items" | "cities" | "collaborative_notes" | "collaborative_sessions" | "comments" | "content_customizations" | "content_quality_metrics" | ... 104 more ... | "validation_logs"'.
  Overload 2 of 2, '(relation: "user_onboarding_status" | "discoverable_groups" | "user_groups" | "admin_onboarding_analytics" | "geography_columns" | "geometry_columns" | "group_recent_activity" | "user_feature_preferences"): PostgrestQueryBuilder<...>', gave the following error.
    Argument of type '"task_details"' is not assignable to parameter of type '"user_onboarding_status" | "discoverable_groups" | "user_groups" | "admin_onboarding_analytics" | "geography_columns" | "geometry_columns" | "group_recent_activity" | "user_feature_preferences"'.
lib/api/tasks.ts(41,29): error TS2322: Type 'ResultOne[]' is not assignable to type 'Task[]'.
  Type 'ResultOne' is not assignable to type 'Task'.
lib/api/tasks.ts(53,35): error TS2589: Type instantiation is excessively deep and possibly infinite.
lib/api/tasks.ts(54,13): error TS2769: No overload matches this call.
  Overload 1 of 2, '(relation: "access_requests" | "albums" | "budget_items" | "cities" | "collaborative_notes" | "collaborative_sessions" | "comments" | "content_customizations" | "content_quality_metrics" | ... 104 more ... | "validation_logs"): PostgrestQueryBuilder<...>', gave the following error.
    Argument of type '"task_details"' is not assignable to parameter of type '"access_requests" | "albums" | "budget_items" | "cities" | "collaborative_notes" | "collaborative_sessions" | "comments" | "content_customizations" | "content_quality_metrics" | ... 104 more ... | "validation_logs"'.
  Overload 2 of 2, '(relation: "user_onboarding_status" | "discoverable_groups" | "user_groups" | "admin_onboarding_analytics" | "geography_columns" | "geometry_columns" | "group_recent_activity" | "user_feature_preferences"): PostgrestQueryBuilder<...>', gave the following error.
    Argument of type '"task_details"' is not assignable to parameter of type '"user_onboarding_status" | "discoverable_groups" | "user_groups" | "admin_onboarding_analytics" | "geography_columns" | "geometry_columns" | "group_recent_activity" | "user_feature_preferences"'.
lib/api/tasks.ts(61,29): error TS2322: Type 'ResultOne[]' is not assignable to type 'Task[]'.
  Type 'ResultOne' is not assignable to type 'Task'.
lib/api/tasks.ts(73,35): error TS2589: Type instantiation is excessively deep and possibly infinite.
lib/api/tasks.ts(74,13): error TS2769: No overload matches this call.
  Overload 1 of 2, '(relation: "access_requests" | "albums" | "budget_items" | "cities" | "collaborative_notes" | "collaborative_sessions" | "comments" | "content_customizations" | "content_quality_metrics" | ... 104 more ... | "validation_logs"): PostgrestQueryBuilder<...>', gave the following error.
    Argument of type '"task_details"' is not assignable to parameter of type '"access_requests" | "albums" | "budget_items" | "cities" | "collaborative_notes" | "collaborative_sessions" | "comments" | "content_customizations" | "content_quality_metrics" | ... 104 more ... | "validation_logs"'.
  Overload 2 of 2, '(relation: "user_onboarding_status" | "discoverable_groups" | "user_groups" | "admin_onboarding_analytics" | "geography_columns" | "geometry_columns" | "group_recent_activity" | "user_feature_preferences"): PostgrestQueryBuilder<...>', gave the following error.
    Argument of type '"task_details"' is not assignable to parameter of type '"user_onboarding_status" | "discoverable_groups" | "user_groups" | "admin_onboarding_analytics" | "geography_columns" | "geometry_columns" | "group_recent_activity" | "user_feature_preferences"'.
lib/api/tasks.ts(96,58): error TS2345: Argument of type '"create_task_with_tags"' is not assignable to parameter of type '"path" | "polygon" | "text" | "_postgis_deprecate" | "_postgis_index_extent" | "_postgis_pgsql_version" | "_postgis_scripts_pgsql_version" | "_postgis_selectivity" | "_st_3dintersects" | ... 487 more ... | "validate_itinerary"'.
lib/api/tasks.ts(113,47): error TS2589: Type instantiation is excessively deep and possibly infinite.
lib/api/tasks.ts(114,15): error TS2769: No overload matches this call.
  Overload 1 of 2, '(relation: "access_requests" | "albums" | "budget_items" | "cities" | "collaborative_notes" | "collaborative_sessions" | "comments" | "content_customizations" | "content_quality_metrics" | ... 104 more ... | "validation_logs"): PostgrestQueryBuilder<...>', gave the following error.
    Argument of type '"tasks"' is not assignable to parameter of type '"access_requests" | "albums" | "budget_items" | "cities" | "collaborative_notes" | "collaborative_sessions" | "comments" | "content_customizations" | "content_quality_metrics" | ... 104 more ... | "validation_logs"'.
  Overload 2 of 2, '(relation: "user_onboarding_status" | "discoverable_groups" | "user_groups" | "admin_onboarding_analytics" | "geography_columns" | "geometry_columns" | "group_recent_activity" | "user_feature_preferences"): PostgrestQueryBuilder<...>', gave the following error.
    Argument of type '"tasks"' is not assignable to parameter of type '"user_onboarding_status" | "discoverable_groups" | "user_groups" | "admin_onboarding_analytics" | "geography_columns" | "geometry_columns" | "group_recent_activity" | "user_feature_preferences"'.
lib/api/tasks.ts(129,31): error TS2339: Property 'id' does not exist on type 'NewResultOne'.
lib/api/tasks.ts(142,43): error TS2769: No overload matches this call.
  Overload 1 of 2, '(relation: "access_requests" | "albums" | "budget_items" | "cities" | "collaborative_notes" | "collaborative_sessions" | "comments" | "content_customizations" | "content_quality_metrics" | ... 104 more ... | "validation_logs"): PostgrestQueryBuilder<...>', gave the following error.
    Argument of type '"tasks"' is not assignable to parameter of type '"access_requests" | "albums" | "budget_items" | "cities" | "collaborative_notes" | "collaborative_sessions" | "comments" | "content_customizations" | "content_quality_metrics" | ... 104 more ... | "validation_logs"'.
  Overload 2 of 2, '(relation: "user_onboarding_status" | "discoverable_groups" | "user_groups" | "admin_onboarding_analytics" | "geography_columns" | "geometry_columns" | "group_recent_activity" | "user_feature_preferences"): PostgrestQueryBuilder<...>', gave the following error.
    Argument of type '"tasks"' is not assignable to parameter of type '"user_onboarding_status" | "discoverable_groups" | "user_groups" | "admin_onboarding_analytics" | "geography_columns" | "geometry_columns" | "group_recent_activity" | "user_feature_preferences"'.
lib/api/tasks.ts(156,43): error TS2769: No overload matches this call.
  Overload 1 of 2, '(relation: "access_requests" | "albums" | "budget_items" | "cities" | "collaborative_notes" | "collaborative_sessions" | "comments" | "content_customizations" | "content_quality_metrics" | ... 104 more ... | "validation_logs"): PostgrestQueryBuilder<...>', gave the following error.
    Argument of type '"tasks"' is not assignable to parameter of type '"access_requests" | "albums" | "budget_items" | "cities" | "collaborative_notes" | "collaborative_sessions" | "comments" | "content_customizations" | "content_quality_metrics" | ... 104 more ... | "validation_logs"'.
  Overload 2 of 2, '(relation: "user_onboarding_status" | "discoverable_groups" | "user_groups" | "admin_onboarding_analytics" | "geography_columns" | "geometry_columns" | "group_recent_activity" | "user_feature_preferences"): PostgrestQueryBuilder<...>', gave the following error.
    Argument of type '"tasks"' is not assignable to parameter of type '"user_onboarding_status" | "discoverable_groups" | "user_groups" | "admin_onboarding_analytics" | "geography_columns" | "geometry_columns" | "group_recent_activity" | "user_feature_preferences"'.
lib/api/tasks.ts(171,13): error TS2769: No overload matches this call.
  Overload 1 of 2, '(relation: "access_requests" | "albums" | "budget_items" | "cities" | "collaborative_notes" | "collaborative_sessions" | "comments" | "content_customizations" | "content_quality_metrics" | ... 104 more ... | "validation_logs"): PostgrestQueryBuilder<...>', gave the following error.
    Argument of type '"tasks"' is not assignable to parameter of type '"access_requests" | "albums" | "budget_items" | "cities" | "collaborative_notes" | "collaborative_sessions" | "comments" | "content_customizations" | "content_quality_metrics" | ... 104 more ... | "validation_logs"'.
  Overload 2 of 2, '(relation: "user_onboarding_status" | "discoverable_groups" | "user_groups" | "admin_onboarding_analytics" | "geography_columns" | "geometry_columns" | "group_recent_activity" | "user_feature_preferences"): PostgrestQueryBuilder<...>', gave the following error.
    Argument of type '"tasks"' is not assignable to parameter of type '"user_onboarding_status" | "discoverable_groups" | "user_groups" | "admin_onboarding_analytics" | "geography_columns" | "geometry_columns" | "group_recent_activity" | "user_feature_preferences"'.
lib/api/tasks.ts(172,17): error TS2353: Object literal may only specify known properties, and 'assignee_id' does not exist in type '{ created_at?: string | null | undefined; description?: string | null | undefined; id?: string | undefined; is_active?: boolean | null | undefined; name?: string | undefined; study_id?: string | undefined; updated_at?: string | ... 1 more ... | undefined; weight?: number | ... 1 more ... | undefined; } | ... 112 mor...'.
lib/api/tasks.ts(187,35): error TS2589: Type instantiation is excessively deep and possibly infinite.
lib/api/tasks.ts(188,13): error TS2769: No overload matches this call.
  Overload 1 of 2, '(relation: "access_requests" | "albums" | "budget_items" | "cities" | "collaborative_notes" | "collaborative_sessions" | "comments" | "content_customizations" | "content_quality_metrics" | ... 104 more ... | "validation_logs"): PostgrestQueryBuilder<...>', gave the following error.
    Argument of type '"task_details"' is not assignable to parameter of type '"access_requests" | "albums" | "budget_items" | "cities" | "collaborative_notes" | "collaborative_sessions" | "comments" | "content_customizations" | "content_quality_metrics" | ... 104 more ... | "validation_logs"'.
  Overload 2 of 2, '(relation: "user_onboarding_status" | "discoverable_groups" | "user_groups" | "admin_onboarding_analytics" | "geography_columns" | "geometry_columns" | "group_recent_activity" | "user_feature_preferences"): PostgrestQueryBuilder<...>', gave the following error.
    Argument of type '"task_details"' is not assignable to parameter of type '"user_onboarding_status" | "discoverable_groups" | "user_groups" | "admin_onboarding_analytics" | "geography_columns" | "geometry_columns" | "group_recent_activity" | "user_feature_preferences"'.
lib/api/tasks.ts(195,29): error TS2322: Type 'ResultOne[]' is not assignable to type 'Task[]'.
  Type 'ResultOne' is not assignable to type 'Task'.
lib/api/tasks.ts(212,43): error TS2769: No overload matches this call.
  Overload 1 of 2, '(relation: "access_requests" | "albums" | "budget_items" | "cities" | "collaborative_notes" | "collaborative_sessions" | "comments" | "content_customizations" | "content_quality_metrics" | ... 104 more ... | "validation_logs"): PostgrestQueryBuilder<...>', gave the following error.
    Argument of type '"task_votes"' is not assignable to parameter of type '"access_requests" | "albums" | "budget_items" | "cities" | "collaborative_notes" | "collaborative_sessions" | "comments" | "content_customizations" | "content_quality_metrics" | ... 104 more ... | "validation_logs"'.
  Overload 2 of 2, '(relation: "user_onboarding_status" | "discoverable_groups" | "user_groups" | "admin_onboarding_analytics" | "geography_columns" | "geometry_columns" | "group_recent_activity" | "user_feature_preferences"): PostgrestQueryBuilder<...>', gave the following error.
    Argument of type '"task_votes"' is not assignable to parameter of type '"user_onboarding_status" | "discoverable_groups" | "user_groups" | "admin_onboarding_analytics" | "geography_columns" | "geometry_columns" | "group_recent_activity" | "user_feature_preferences"'.
lib/api/tasks.ts(236,8): error TS2769: No overload matches this call.
  Overload 1 of 2, '(values: { category?: string | null | undefined; created_at?: string | null | undefined; created_by?: string | null | undefined; description?: string | null | undefined; emoji?: string | null | undefined; ... 6 more ...; use_count?: number | ... 1 more ... | undefined; }, options?: { ...; } | undefined): PostgrestFilterBuilder<...>', gave the following error.
    Argument of type '{ name: string; }' is not assignable to parameter of type '{ category?: string | null | undefined; created_at?: string | null | undefined; created_by?: string | null | undefined; description?: string | null | undefined; emoji?: string | null | undefined; ... 6 more ...; use_count?: number | ... 1 more ... | undefined; }'.
      Property 'slug' is missing in type '{ name: string; }' but required in type '{ category?: string | null | undefined; created_at?: string | null | undefined; created_by?: string | null | undefined; description?: string | null | undefined; emoji?: string | null | undefined; ... 6 more ...; use_count?: number | ... 1 more ... | undefined; }'.
  Overload 2 of 2, '(values: { category?: string | null | undefined; created_at?: string | null | undefined; created_by?: string | null | undefined; description?: string | null | undefined; emoji?: string | null | undefined; ... 6 more ...; use_count?: number | ... 1 more ... | undefined; }[], options?: { ...; } | undefined): PostgrestFilterBuilder<...>', gave the following error.
    Object literal may only specify known properties, and 'name' does not exist in type '{ category?: string | null | undefined; created_at?: string | null | undefined; created_by?: string | null | undefined; description?: string | null | undefined; emoji?: string | null | undefined; ... 6 more ...; use_count?: number | ... 1 more ... | undefined; }[]'.
lib/api/tasks.ts(242,13): error TS2769: No overload matches this call.
  Overload 1 of 2, '(relation: "access_requests" | "albums" | "budget_items" | "cities" | "collaborative_notes" | "collaborative_sessions" | "comments" | "content_customizations" | "content_quality_metrics" | ... 104 more ... | "validation_logs"): PostgrestQueryBuilder<...>', gave the following error.
    Argument of type '"task_tags"' is not assignable to parameter of type '"access_requests" | "albums" | "budget_items" | "cities" | "collaborative_notes" | "collaborative_sessions" | "comments" | "content_customizations" | "content_quality_metrics" | ... 104 more ... | "validation_logs"'.
  Overload 2 of 2, '(relation: "user_onboarding_status" | "discoverable_groups" | "user_groups" | "admin_onboarding_analytics" | "geography_columns" | "geometry_columns" | "group_recent_activity" | "user_feature_preferences"): PostgrestQueryBuilder<...>', gave the following error.
    Argument of type '"task_tags"' is not assignable to parameter of type '"user_onboarding_status" | "discoverable_groups" | "user_groups" | "admin_onboarding_analytics" | "geography_columns" | "geometry_columns" | "group_recent_activity" | "user_feature_preferences"'.
lib/api/tasks.ts(245,29): error TS2322: Type '{ category: string | null; created_at: string | null; created_by: string | null; description: string | null; emoji: string | null; id: string; is_verified: boolean | null; metadata: Json; name: string; slug: string; updated_at: string | null; use_count: number | null; }' is not assignable to type 'Tag'.
  Types of property 'created_at' are incompatible.
    Type 'string | null' is not assignable to type 'string'.
      Type 'null' is not assignable to type 'string'.
lib/api/tasks.ts(266,13): error TS2769: No overload matches this call.
  Overload 1 of 2, '(relation: "access_requests" | "albums" | "budget_items" | "cities" | "collaborative_notes" | "collaborative_sessions" | "comments" | "content_customizations" | "content_quality_metrics" | ... 104 more ... | "validation_logs"): PostgrestQueryBuilder<...>', gave the following error.
    Argument of type '"task_tags"' is not assignable to parameter of type '"access_requests" | "albums" | "budget_items" | "cities" | "collaborative_notes" | "collaborative_sessions" | "comments" | "content_customizations" | "content_quality_metrics" | ... 104 more ... | "validation_logs"'.
  Overload 2 of 2, '(relation: "user_onboarding_status" | "discoverable_groups" | "user_groups" | "admin_onboarding_analytics" | "geography_columns" | "geometry_columns" | "group_recent_activity" | "user_feature_preferences"): PostgrestQueryBuilder<...>', gave the following error.
    Argument of type '"task_tags"' is not assignable to parameter of type '"user_onboarding_status" | "discoverable_groups" | "user_groups" | "admin_onboarding_analytics" | "geography_columns" | "geometry_columns" | "group_recent_activity" | "user_feature_preferences"'.
lib/api/tripMembers.ts(163,13): error TS2769: No overload matches this call.
  Overload 1 of 2, '(relation: "access_requests" | "albums" | "budget_items" | "cities" | "collaborative_notes" | "collaborative_sessions" | "comments" | "content_customizations" | "content_quality_metrics" | ... 104 more ... | "validation_logs"): PostgrestQueryBuilder<...>', gave the following error.
    Argument of type '"trip_invitations"' is not assignable to parameter of type '"access_requests" | "albums" | "budget_items" | "cities" | "collaborative_notes" | "collaborative_sessions" | "comments" | "content_customizations" | "content_quality_metrics" | ... 104 more ... | "validation_logs"'.
  Overload 2 of 2, '(relation: "user_onboarding_status" | "discoverable_groups" | "user_groups" | "admin_onboarding_analytics" | "geography_columns" | "geometry_columns" | "group_recent_activity" | "user_feature_preferences"): PostgrestQueryBuilder<...>', gave the following error.
    Argument of type '"trip_invitations"' is not assignable to parameter of type '"user_onboarding_status" | "discoverable_groups" | "user_groups" | "admin_onboarding_analytics" | "geography_columns" | "geometry_columns" | "group_recent_activity" | "user_feature_preferences"'.
lib/api/tripMembers.ts(163,20): error TS2551: Property 'TRIP_INVITATIONS' does not exist on type '{ readonly ACCESS_REQUESTS: "access_requests"; readonly ALBUMS: "albums"; readonly BUDGET_ITEMS: "budget_items"; readonly CITIES: "cities"; readonly COLLABORATIVE_NOTES: "collaborative_notes"; ... 78 more ...; readonly TRIP_ANALYTICS_EVENTS: "trip_analytics_events"; }'. Did you mean 'INVITATIONS'?
lib/api/tripMembers.ts(203,17): error TS2769: No overload matches this call.
  Overload 1 of 2, '(relation: "access_requests" | "albums" | "budget_items" | "cities" | "collaborative_notes" | "collaborative_sessions" | "comments" | "content_customizations" | "content_quality_metrics" | ... 104 more ... | "validation_logs"): PostgrestQueryBuilder<...>', gave the following error.
    Argument of type '"trip_invitations"' is not assignable to parameter of type '"access_requests" | "albums" | "budget_items" | "cities" | "collaborative_notes" | "collaborative_sessions" | "comments" | "content_customizations" | "content_quality_metrics" | ... 104 more ... | "validation_logs"'.
  Overload 2 of 2, '(relation: "user_onboarding_status" | "discoverable_groups" | "user_groups" | "admin_onboarding_analytics" | "geography_columns" | "geometry_columns" | "group_recent_activity" | "user_feature_preferences"): PostgrestQueryBuilder<...>', gave the following error.
    Argument of type '"trip_invitations"' is not assignable to parameter of type '"user_onboarding_status" | "discoverable_groups" | "user_groups" | "admin_onboarding_analytics" | "geography_columns" | "geometry_columns" | "group_recent_activity" | "user_feature_preferences"'.
lib/api/tripMembers.ts(203,24): error TS2551: Property 'TRIP_INVITATIONS' does not exist on type '{ readonly ACCESS_REQUESTS: "access_requests"; readonly ALBUMS: "albums"; readonly BUDGET_ITEMS: "budget_items"; readonly CITIES: "cities"; readonly COLLABORATIVE_NOTES: "collaborative_notes"; ... 78 more ...; readonly TRIP_ANALYTICS_EVENTS: "trip_analytics_events"; }'. Did you mean 'INVITATIONS'?
lib/api/tripMembers.ts(240,15): error TS2769: No overload matches this call.
  Overload 1 of 2, '(relation: "access_requests" | "albums" | "budget_items" | "cities" | "collaborative_notes" | "collaborative_sessions" | "comments" | "content_customizations" | "content_quality_metrics" | ... 104 more ... | "validation_logs"): PostgrestQueryBuilder<...>', gave the following error.
    Argument of type '"trip_invitations"' is not assignable to parameter of type '"access_requests" | "albums" | "budget_items" | "cities" | "collaborative_notes" | "collaborative_sessions" | "comments" | "content_customizations" | "content_quality_metrics" | ... 104 more ... | "validation_logs"'.
  Overload 2 of 2, '(relation: "user_onboarding_status" | "discoverable_groups" | "user_groups" | "admin_onboarding_analytics" | "geography_columns" | "geometry_columns" | "group_recent_activity" | "user_feature_preferences"): PostgrestQueryBuilder<...>', gave the following error.
    Argument of type '"trip_invitations"' is not assignable to parameter of type '"user_onboarding_status" | "discoverable_groups" | "user_groups" | "admin_onboarding_analytics" | "geography_columns" | "geometry_columns" | "group_recent_activity" | "user_feature_preferences"'.
lib/api/tripMembers.ts(240,22): error TS2551: Property 'TRIP_INVITATIONS' does not exist on type '{ readonly ACCESS_REQUESTS: "access_requests"; readonly ALBUMS: "albums"; readonly BUDGET_ITEMS: "budget_items"; readonly CITIES: "cities"; readonly COLLABORATIVE_NOTES: "collaborative_notes"; ... 78 more ...; readonly TRIP_ANALYTICS_EVENTS: "trip_analytics_events"; }'. Did you mean 'INVITATIONS'?
lib/client/activities.ts(261,31): error TS2339: Property 'DETAIL' does not exist on type '"/api/trips"'.
lib/client/activities.ts(277,31): error TS2339: Property 'DETAIL' does not exist on type '"/api/trips"'.
lib/client/activities.ts(293,31): error TS2339: Property 'DETAIL' does not exist on type '"/api/trips"'.
lib/client/activities.ts(312,31): error TS2339: Property 'DETAIL' does not exist on type '"/api/trips"'.
lib/client/activities.ts(330,31): error TS2339: Property 'DETAIL' does not exist on type '"/api/trips"'.
lib/client/activities.ts(348,31): error TS2339: Property 'DETAIL' does not exist on type '"/api/trips"'.
lib/client/tags.ts(10,26): error TS2306: File '/Users/tanho/GitHub_non_cloud/withme.travel/types/index.ts' is not a module.
lib/client/tripMembers.ts(65,7): error TS2322: Type 'Error' is not assignable to type 'string'.
lib/client/tripMembers.ts(83,7): error TS2322: Type 'Error' is not assignable to type 'string'.
lib/client/tripMembers.ts(104,7): error TS2322: Type 'Error' is not assignable to type 'string'.
lib/client/tripMembers.ts(130,7): error TS2322: Type 'Error' is not assignable to type 'string'.
lib/client/tripMembers.ts(155,7): error TS2322: Type 'Error' is not assignable to type 'string'.
lib/client/tripMembers.ts(176,7): error TS2322: Type 'Error' is not assignable to type 'string'.
lib/client/tripMembers.ts(202,7): error TS2322: Type 'Error' is not assignable to type 'string'.
lib/features/destinations/utils/destination-formatter.ts(32,39): error TS2339: Property 'slug' does not exist on type 'Destination'.
lib/features/destinations/utils/destination-formatter.ts(40,22): error TS2339: Property 'hero_image_url' does not exist on type 'Destination'.
lib/features/destinations/utils/destination-formatter.ts(41,17): error TS2339: Property 'thumbnail_url' does not exist on type 'Destination'.
lib/features/places/hooks/use-places.ts(8,41): error TS2307: Cannot find module '@/components/features/places/organisms/place-list' or its corresponding type declarations.
lib/features/places/hooks/use-places.ts(48,25): error TS2339: Property 'cover_image_url' does not exist on type 'Place'.
lib/hooks/use-activities.ts(52,21): error TS2345: Argument of type 'Activity[]' is not assignable to parameter of type 'SetStateAction<Activity[]>'.
  Type 'import("/Users/tanho/GitHub_non_cloud/withme.travel/lib/client/activities").Activity[]' is not assignable to type 'import("/Users/tanho/GitHub_non_cloud/withme.travel/lib/api/_shared").Activity[]'.
    Type 'Activity' is missing the following properties from type 'Activity': entity_id, entity_type, action_type, user_id
lib/hooks/use-activities.ts(70,23): error TS2345: Argument of type '(prev: Activity[]) => (Activity | Activity)[]' is not assignable to parameter of type 'SetStateAction<Activity[]>'.
  Type '(prev: Activity[]) => (Activity | Activity)[]' is not assignable to type '(prevState: Activity[]) => Activity[]'.
    Type '(Activity | Activity)[]' is not assignable to type 'Activity[]'.
      Type 'Activity | Activity' is not assignable to type 'Activity'.
        Type 'Activity' is missing the following properties from type 'Activity': entity_id, entity_type, action_type, user_id
lib/hooks/use-activities.ts(92,23): error TS2345: Argument of type '(prev: Activity[]) => (Activity | Activity)[]' is not assignable to parameter of type 'SetStateAction<Activity[]>'.
  Type '(prev: Activity[]) => (Activity | Activity)[]' is not assignable to type '(prevState: Activity[]) => Activity[]'.
    Type '(Activity | Activity)[]' is not assignable to type 'Activity[]'.
      Type 'Activity | Activity' is not assignable to type 'Activity'.
        Type 'Activity' is missing the following properties from type 'Activity': entity_id, entity_type, action_type, user_id
lib/hooks/use-activities.ts(161,5): error TS2322: Type '(data: Partial<import("/Users/tanho/GitHub_non_cloud/withme.travel/lib/api/_shared").Activity>) => Promise<import("/Users/tanho/GitHub_non_cloud/withme.travel/lib/client/result").Result<import("/Users/tanho/GitHub_non_cloud/withme.travel/lib/client/activities").Activity>>' is not assignable to type '(data: Partial<import("/Users/tanho/GitHub_non_cloud/withme.travel/lib/api/_shared").Activity>) => Promise<import("/Users/tanho/GitHub_non_cloud/withme.travel/lib/client/result").Result<import("/Users/tanho/GitHub_non_cloud/withme.travel/lib/api/_shared").Activity>>'.
  Type 'Promise<import("/Users/tanho/GitHub_non_cloud/withme.travel/lib/client/result").Result<import("/Users/tanho/GitHub_non_cloud/withme.travel/lib/client/activities").Activity>>' is not assignable to type 'Promise<import("/Users/tanho/GitHub_non_cloud/withme.travel/lib/client/result").Result<import("/Users/tanho/GitHub_non_cloud/withme.travel/lib/api/_shared").Activity>>'.
    Type 'import("/Users/tanho/GitHub_non_cloud/withme.travel/lib/client/result").Result<import("/Users/tanho/GitHub_non_cloud/withme.travel/lib/client/activities").Activity>' is not assignable to type 'import("/Users/tanho/GitHub_non_cloud/withme.travel/lib/client/result").Result<import("/Users/tanho/GitHub_non_cloud/withme.travel/lib/api/_shared").Activity>'.
      Type 'Success<Activity>' is not assignable to type 'Result<Activity>'.
        Type 'import("/Users/tanho/GitHub_non_cloud/withme.travel/lib/client/result").Success<import("/Users/tanho/GitHub_non_cloud/withme.travel/lib/client/activities").Activity>' is not assignable to type 'import("/Users/tanho/GitHub_non_cloud/withme.travel/lib/client/result").Success<import("/Users/tanho/GitHub_non_cloud/withme.travel/lib/api/_shared").Activity>'.
          Type 'Activity' is missing the following properties from type 'Activity': entity_id, entity_type, action_type, user_id
lib/hooks/use-activities.ts(162,5): error TS2322: Type '(activityId: string, data: Partial<import("/Users/tanho/GitHub_non_cloud/withme.travel/lib/api/_shared").Activity>) => Promise<import("/Users/tanho/GitHub_non_cloud/withme.travel/lib/client/result").Result<import("/Users/tanho/GitHub_non_cloud/withme.travel/lib/client/activities").Activity>>' is not assignable to type '(activityId: string, data: Partial<import("/Users/tanho/GitHub_non_cloud/withme.travel/lib/api/_shared").Activity>) => Promise<import("/Users/tanho/GitHub_non_cloud/withme.travel/lib/client/result").Result<import("/Users/tanho/GitHub_non_cloud/withme.travel/lib/api/_shared").Activity>>'.
  Type 'Promise<import("/Users/tanho/GitHub_non_cloud/withme.travel/lib/client/result").Result<import("/Users/tanho/GitHub_non_cloud/withme.travel/lib/client/activities").Activity>>' is not assignable to type 'Promise<import("/Users/tanho/GitHub_non_cloud/withme.travel/lib/client/result").Result<import("/Users/tanho/GitHub_non_cloud/withme.travel/lib/api/_shared").Activity>>'.
    Type 'import("/Users/tanho/GitHub_non_cloud/withme.travel/lib/client/result").Result<import("/Users/tanho/GitHub_non_cloud/withme.travel/lib/client/activities").Activity>' is not assignable to type 'import("/Users/tanho/GitHub_non_cloud/withme.travel/lib/client/result").Result<import("/Users/tanho/GitHub_non_cloud/withme.travel/lib/api/_shared").Activity>'.
      Type 'Success<Activity>' is not assignable to type 'Result<Activity>'.
        Type 'import("/Users/tanho/GitHub_non_cloud/withme.travel/lib/client/result").Success<import("/Users/tanho/GitHub_non_cloud/withme.travel/lib/client/activities").Activity>' is not assignable to type 'import("/Users/tanho/GitHub_non_cloud/withme.travel/lib/client/result").Success<import("/Users/tanho/GitHub_non_cloud/withme.travel/lib/api/_shared").Activity>'.
          Type 'Activity' is missing the following properties from type 'Activity': entity_id, entity_type, action_type, user_id
lib/hooks/use-activities.ts(164,5): error TS2322: Type '(params?: { count?: number; category?: string; }) => Promise<Result<Activity[]>>' is not assignable to type '(params?: { count?: number | undefined; category?: string | undefined; } | undefined) => Promise<Result<Activity[]>>'.
  Type 'Promise<import("/Users/tanho/GitHub_non_cloud/withme.travel/lib/client/result").Result<import("/Users/tanho/GitHub_non_cloud/withme.travel/lib/client/activities").Activity[]>>' is not assignable to type 'Promise<import("/Users/tanho/GitHub_non_cloud/withme.travel/lib/client/result").Result<import("/Users/tanho/GitHub_non_cloud/withme.travel/lib/api/_shared").Activity[]>>'.
    Type 'import("/Users/tanho/GitHub_non_cloud/withme.travel/lib/client/result").Result<import("/Users/tanho/GitHub_non_cloud/withme.travel/lib/client/activities").Activity[]>' is not assignable to type 'import("/Users/tanho/GitHub_non_cloud/withme.travel/lib/client/result").Result<import("/Users/tanho/GitHub_non_cloud/withme.travel/lib/api/_shared").Activity[]>'.
      Type 'Success<Activity[]>' is not assignable to type 'Result<Activity[]>'.
        Type 'import("/Users/tanho/GitHub_non_cloud/withme.travel/lib/client/result").Success<import("/Users/tanho/GitHub_non_cloud/withme.travel/lib/client/activities").Activity[]>' is not assignable to type 'import("/Users/tanho/GitHub_non_cloud/withme.travel/lib/client/result").Success<import("/Users/tanho/GitHub_non_cloud/withme.travel/lib/api/_shared").Activity[]>'.
          Type 'import("/Users/tanho/GitHub_non_cloud/withme.travel/lib/client/activities").Activity[]' is not assignable to type 'import("/Users/tanho/GitHub_non_cloud/withme.travel/lib/api/_shared").Activity[]'.
            Type 'Activity' is missing the following properties from type 'Activity': entity_id, entity_type, action_type, user_id
lib/hooks/use-async-data.ts(4,18): error TS2305: Module '"../utils/result"' has no exported member 'wrapAsync'.
lib/hooks/use-async-data.ts(68,33): error TS2314: Generic type 'Result' requires 1 type argument(s).
lib/hooks/use-places-v2.ts(38,18): error TS2345: Argument of type 'string' is not assignable to parameter of type 'SetStateAction<Error | null>'.
lib/hooks/use-places-v2.ts(68,16): error TS2345: Argument of type 'string' is not assignable to parameter of type 'SetStateAction<Error | null>'.
lib/hooks/use-places-v2.ts(87,16): error TS2345: Argument of type 'string' is not assignable to parameter of type 'SetStateAction<Error | null>'.
lib/hooks/use-places-v2.ts(104,16): error TS2345: Argument of type 'string' is not assignable to parameter of type 'SetStateAction<Error | null>'.
lib/hooks/use-places-v2.ts(132,18): error TS2345: Argument of type 'string' is not assignable to parameter of type 'SetStateAction<Error | null>'.
lib/hooks/use-places-v2.ts(180,16): error TS2345: Argument of type 'string' is not assignable to parameter of type 'SetStateAction<Error | null>'.
lib/hooks/use-places-v2.ts(205,18): error TS2345: Argument of type 'string' is not assignable to parameter of type 'SetStateAction<Error | null>'.
lib/hooks/use-tag-picker.ts(131,57): error TS2554: Expected 1 arguments, but got 3.
lib/hooks/use-tag-picker.ts(134,32): error TS2339: Property 'success' does not exist on type 'true'.
lib/hooks/use-tag-picker.ts(169,62): error TS2554: Expected 1 arguments, but got 3.
lib/hooks/use-tag-picker.ts(172,32): error TS2339: Property 'success' does not exist on type 'true'.
lib/hooks/use-trips.ts(18,3): error TS2724: '"@/lib/client/trips"' has no exported member named 'CreateTripData'. Did you mean 'createTrip'?
lib/hooks/use-trips.ts(19,3): error TS2724: '"@/lib/client/trips"' has no exported member named 'UpdateTripData'. Did you mean 'updateTrip'?
lib/hooks/use-trips.ts(85,20): error TS2304: Cannot find name 'TripListParams'.
lib/hooks/use-trips.ts(101,18): error TS2345: Argument of type 'string' is not assignable to parameter of type 'SetStateAction<Error | null>'.
lib/hooks/use-trips.ts(104,37): error TS2339: Property 'message' does not exist on type 'string'.
lib/hooks/use-trips.ts(119,20): error TS2304: Cannot find name 'TripListParams'.
lib/hooks/use-trips.ts(134,18): error TS2345: Argument of type 'string' is not assignable to parameter of type 'SetStateAction<Error | null>'.
lib/hooks/use-trips.ts(137,37): error TS2339: Property 'message' does not exist on type 'string'.
lib/hooks/use-trips.ts(161,18): error TS2345: Argument of type 'string' is not assignable to parameter of type 'SetStateAction<Error | null>'.
lib/hooks/use-trips.ts(164,37): error TS2339: Property 'message' does not exist on type 'string'.
lib/hooks/use-trips.ts(187,18): error TS2345: Argument of type 'string' is not assignable to parameter of type 'SetStateAction<Error | null>'.
lib/hooks/use-trips.ts(190,37): error TS2339: Property 'message' does not exist on type 'string'.
lib/hooks/use-trips.ts(207,39): error TS2345: Argument of type 'Omit<Trip, "id" | "created_at" | "updated_at">' is not assignable to parameter of type 'CreateTripParams'.
  Property 'is_public' is missing in type 'Omit<Trip, "id" | "created_at" | "updated_at">' but required in type 'CreateTripParams'.
lib/hooks/use-trips.ts(218,37): error TS2339: Property 'message' does not exist on type 'string'.
lib/hooks/use-trips.ts(236,47): error TS2345: Argument of type 'Partial<import("/Users/tanho/GitHub_non_cloud/withme.travel/lib/hooks/use-trips").Trip>' is not assignable to parameter of type 'Partial<import("/Users/tanho/GitHub_non_cloud/withme.travel/lib/client/trips").Trip>'.
  Types of property 'status' are incompatible.
    Type 'string | null | undefined' is not assignable to type '"cancelled" | "completed" | "in_progress" | "planning" | "upcoming" | null | undefined'.
      Type 'string' is not assignable to type '"cancelled" | "completed" | "in_progress" | "planning" | "upcoming" | null | undefined'.
lib/hooks/use-trips.ts(249,37): error TS2339: Property 'message' does not exist on type 'string'.
lib/hooks/use-trips.ts(267,58): error TS2345: Argument of type 'Partial<import("/Users/tanho/GitHub_non_cloud/withme.travel/lib/hooks/use-trips").Trip> & { cities?: any[] | undefined; }' is not assignable to parameter of type 'Partial<import("/Users/tanho/GitHub_non_cloud/withme.travel/lib/client/trips").Trip> & { cities?: any[] | undefined; }'.
  Type 'Partial<Trip> & { cities?: any[] | undefined; }' is not assignable to type 'Partial<Trip>'.
    Types of property 'status' are incompatible.
      Type 'string | null | undefined' is not assignable to type '"cancelled" | "completed" | "in_progress" | "planning" | "upcoming" | null | undefined'.
        Type 'string' is not assignable to type '"cancelled" | "completed" | "in_progress" | "planning" | "upcoming" | null | undefined'.
lib/hooks/use-trips.ts(280,37): error TS2339: Property 'message' does not exist on type 'string'.
lib/hooks/use-trips.ts(309,37): error TS2339: Property 'message' does not exist on type 'string'.
lib/hooks/use-trips.ts(338,37): error TS2339: Property 'message' does not exist on type 'string'.
lib/hooks/use-trips.ts(369,37): error TS2339: Property 'message' does not exist on type 'string'.
lib/hooks/use-trips.ts(400,37): error TS2339: Property 'message' does not exist on type 'string'.
middleware.ts(3,15): error TS2305: Module '"@/utils/constants/database"' has no exported member 'Database'.
src/stories/FocusTrap.stories.tsx(188,9): error TS2322: Type '{ children: Element[]; active: boolean; className: string; }' is not assignable to type 'IntrinsicAttributes & FocusTrapProps'.
  Property 'className' does not exist on type 'IntrinsicAttributes & FocusTrapProps'.
src/stories/FocusTrap.stories.tsx(202,11): error TS2322: Type '{ children: Element[]; active: boolean; className: string; }' is not assignable to type 'IntrinsicAttributes & FocusTrapProps'.
  Property 'className' does not exist on type 'IntrinsicAttributes & FocusTrapProps'.
src/stories/LiveRegion.stories.tsx(163,11): error TS2322: Type '{ message: string; politeness: "polite"; visuallyHidden: false; clearAfter: number; className: string; }' is not assignable to type 'IntrinsicAttributes & LiveRegionProps'.
  Property 'className' does not exist on type 'IntrinsicAttributes & LiveRegionProps'.
src/stories/Todo.stories.tsx(19,5): error TS2353: Object literal may only specify known properties, and 'initialItems' does not exist in type 'Partial<ArgTypes<TodoProps>>'.
src/stories/Todo.stories.tsx(83,20): error TS2304: Cannot find name 'TodoItem'.
src/stories/Todo.stories.tsx(133,5): error TS2353: Object literal may only specify known properties, and 'title' does not exist in type 'Partial<TodoProps>'.
src/stories/Todo.stories.tsx(155,5): error TS2353: Object literal may only specify known properties, and 'title' does not exist in type 'Partial<TodoProps>'.
src/stories/Todo.stories.tsx(171,5): error TS2353: Object literal may only specify known properties, and 'title' does not exist in type 'Partial<TodoProps>'.
src/stories/Todo.stories.tsx(187,5): error TS2353: Object literal may only specify known properties, and 'title' does not exist in type 'Partial<TodoProps>'.
src/stories/Todo.stories.tsx(204,5): error TS2353: Object literal may only specify known properties, and 'title' does not exist in type 'Partial<TodoProps>'.
src/stories/Todo.stories.tsx(242,5): error TS2353: Object literal may only specify known properties, and 'title' does not exist in type 'Partial<TodoProps>'.
src/stories/Todo.stories.tsx(278,5): error TS2353: Object literal may only specify known properties, and 'title' does not exist in type 'Partial<TodoProps>'.
src/stories/Todo.stories.tsx(317,5): error TS2353: Object literal may only specify known properties, and 'title' does not exist in type 'Partial<TodoProps>'.
src/stories/VisuallyHidden.stories.tsx(2,10): error TS2724: '"@/components/ui/visually-hidden"' has no exported member named 'visuallyHidden'. Did you mean 'VisuallyHidden'?
src/stories/VisuallyHidden.stories.tsx(58,10): error TS2578: Unused '@ts-expect-error' directive.
src/stories/VisuallyHidden.stories.tsx(87,12): error TS2578: Unused '@ts-expect-error' directive.
src/stories/VisuallyHidden.stories.tsx(99,12): error TS2578: Unused '@ts-expect-error' directive.
stories/DestinationCard.stories.tsx(75,5): error TS2353: Object literal may only specify known properties, and 'href' does not exist in type 'Partial<DestinationCardProps>'.
stories/DestinationCard.stories.tsx(92,5): error TS2353: Object literal may only specify known properties, and 'hideAttributionMobile' does not exist in type 'Partial<DestinationCardProps>'.
stories/TripCard.stories.tsx(68,5): error TS2353: Object literal may only specify known properties, and 'trip' does not exist in type 'Partial<TripCardProps>'.
stories/TripCard.stories.tsx(74,5): error TS2353: Object literal may only specify known properties, and 'trip' does not exist in type 'Partial<TripCardProps>'.
stories/TripCard.stories.tsx(80,5): error TS2353: Object literal may only specify known properties, and 'trip' does not exist in type 'Partial<TripCardProps>'.
stories/TripCard.stories.tsx(86,5): error TS2353: Object literal may only specify known properties, and 'trip' does not exist in type 'Partial<TripCardProps>'.
stories/TripCard.stories.tsx(95,5): error TS2353: Object literal may only specify known properties, and 'trip' does not exist in type 'Partial<TripCardProps>'.
types/comments.ts(2,15): error TS2305: Module '"@/utils/constants/database"' has no exported member 'Database'.
types/plans.ts(1,10): error TS2724: '"@/utils/constants/status"' has no exported member named 'GroupPlanIdeaType'. Did you mean 'GroupIdeaType'?
utils/constants/index.ts(122,1): error TS2308: Module './database' has already exported a member named 'InvitationStatus'. Consider explicitly re-exporting to resolve the ambiguity.
utils/constants/index.ts(122,1): error TS2308: Module './ui/ui' has already exported a member named 'LIMITS'. Consider explicitly re-exporting to resolve the ambiguity.
utils/constants/ui/colors.ts(9,15): error TS2305: Module '"../database"' has no exported member 'Database'.
utils/constants/validation.ts(2,15): error TS2305: Module '"./database"' has no exported member 'Database'.
utils/db-comments.ts(34,7): error TS2322: Type 'string | null' is not assignable to type 'string | undefined'.
  Type 'null' is not assignable to type 'string | undefined'.
utils/db-comments.ts(93,8): error TS2769: No overload matches this call.
  Overload 1 of 2, '(values: { attachment_type?: string | null | undefined; attachment_url?: string | null | undefined; content: string; content_id: string; content_type: string; created_at?: string | undefined; ... 8 more ...; user_id: string; }, options?: { ...; } | undefined): PostgrestFilterBuilder<...>', gave the following error.
    Object literal may only specify known properties, and 'text' does not exist in type '{ attachment_type?: string | null | undefined; attachment_url?: string | null | undefined; content: string; content_id: string; content_type: string; created_at?: string | undefined; ... 8 more ...; user_id: string; }'.
  Overload 2 of 2, '(values: { attachment_type?: string | null | undefined; attachment_url?: string | null | undefined; content: string; content_id: string; content_type: string; created_at?: string | undefined; ... 8 more ...; user_id: string; }[], options?: { ...; } | undefined): PostgrestFilterBuilder<...>', gave the following error.
    Object literal may only specify known properties, and 'user_id' does not exist in type '{ attachment_type?: string | null | undefined; attachment_url?: string | null | undefined; content: string; content_id: string; content_type: string; created_at?: string | undefined; ... 8 more ...; user_id: string; }[]'.
utils/db-comments.ts(266,20): error TS2339: Property 'COMMENT_REACTIONS' does not exist on type '{ readonly ACCESS_REQUESTS: "access_requests"; readonly ALBUMS: "albums"; readonly BUDGET_ITEMS: "budget_items"; readonly CITIES: "cities"; readonly COLLABORATIVE_NOTES: "collaborative_notes"; ... 78 more ...; readonly TRIP_ANALYTICS_EVENTS: "trip_analytics_events"; }'.
utils/db-comments.ts(280,20): error TS2339: Property 'COMMENT_REACTIONS' does not exist on type '{ readonly ACCESS_REQUESTS: "access_requests"; readonly ALBUMS: "albums"; readonly BUDGET_ITEMS: "budget_items"; readonly CITIES: "cities"; readonly COLLABORATIVE_NOTES: "collaborative_notes"; ... 78 more ...; readonly TRIP_ANALYTICS_EVENTS: "trip_analytics_events"; }'.
utils/db-comments.ts(313,20): error TS2339: Property 'COMMENT_REACTIONS' does not exist on type '{ readonly ACCESS_REQUESTS: "access_requests"; readonly ALBUMS: "albums"; readonly BUDGET_ITEMS: "budget_items"; readonly CITIES: "cities"; readonly COLLABORATIVE_NOTES: "collaborative_notes"; ... 78 more ...; readonly TRIP_ANALYTICS_EVENTS: "trip_analytics_events"; }'.
utils/supabase/pages.ts(6,44): error TS2307: Cannot find module '@supabase/auth-helpers-nextjs' or its corresponding type declarations.
utils/web-vitals.ts(197,19): error TS2339: Property 'onFID' does not exist on type 'typeof import("/Users/tanho/GitHub_non_cloud/withme.travel/node_modules/web-vitals/dist/modules/index")'.
